<html>
<body>
<pre>
<h1>礦ision3 Build Log</h1>
<h2>Project:</h2>
F:\产品\产品配套光盘\HY-STM32_100P\HY-STM32_100P例程\02 RTC实时时钟\STM32-FD-RTC.uv2
Project File Date:  04/01/2011

<h2>Output:</h2>
Build target 'STM32-FD-RTC'
creating preprocessor file for main.c...
compiling main.c...
assembling startup_stm32f10x_hd.s...
creating preprocessor file for stm32f10x_it.c...
compiling stm32f10x_it.c...
creating preprocessor file for misc.c...
compiling misc.c...
creating preprocessor file for stm32f10x_gpio.c...
compiling stm32f10x_gpio.c...
creating preprocessor file for stm32f10x_rcc.c...
compiling stm32f10x_rcc.c...
creating preprocessor file for stm32f10x_rtc.c...
compiling stm32f10x_rtc.c...
creating preprocessor file for stm32f10x_usart.c...
compiling stm32f10x_usart.c...
creating preprocessor file for stm32f10x_bkp.c...
compiling stm32f10x_bkp.c...
creating preprocessor file for stm32f10x_flash.c...
compiling stm32f10x_flash.c...
creating preprocessor file for stm32f10x_pwr.c...
compiling stm32f10x_pwr.c...
linking...
Program Size: Code=6892 RO-data=404 RW-data=32 ZI-data=512  
FromELF: creating hex file...
".\Obj\release.axf" - 0 Error(s), 0 Warning(s).
Build target 'STM32-FD-RTC'
creating preprocessor file for main.c...
compiling main.c...
assembling startup_stm32f10x_hd.s...
creating preprocessor file for stm32f10x_it.c...
compiling stm32f10x_it.c...
creating preprocessor file for misc.c...
compiling misc.c...
creating preprocessor file for stm32f10x_gpio.c...
compiling stm32f10x_gpio.c...
creating preprocessor file for stm32f10x_rcc.c...
compiling stm32f10x_rcc.c...
creating preprocessor file for stm32f10x_rtc.c...
compiling stm32f10x_rtc.c...
creating preprocessor file for stm32f10x_usart.c...
compiling stm32f10x_usart.c...
creating preprocessor file for stm32f10x_bkp.c...
compiling stm32f10x_bkp.c...
creating preprocessor file for stm32f10x_flash.c...
compiling stm32f10x_flash.c...
creating preprocessor file for stm32f10x_pwr.c...
compiling stm32f10x_pwr.c...
linking...
Program Size: Code=6892 RO-data=404 RW-data=32 ZI-data=512  
FromELF: creating hex file...
".\Obj\release.axf" - 0 Error(s), 0 Warning(s).
Build target 'STM32-FD-RTC'
creating preprocessor file for main.c...
compiling main.c...
assembling startup_stm32f10x_hd.s...
creating preprocessor file for stm32f10x_it.c...
compiling stm32f10x_it.c...
creating preprocessor file for misc.c...
compiling misc.c...
creating preprocessor file for stm32f10x_gpio.c...
compiling stm32f10x_gpio.c...
creating preprocessor file for stm32f10x_rcc.c...
compiling stm32f10x_rcc.c...
creating preprocessor file for stm32f10x_rtc.c...
compiling stm32f10x_rtc.c...
creating preprocessor file for stm32f10x_usart.c...
compiling stm32f10x_usart.c...
creating preprocessor file for stm32f10x_bkp.c...
compiling stm32f10x_bkp.c...
creating preprocessor file for stm32f10x_flash.c...
compiling stm32f10x_flash.c...
creating preprocessor file for stm32f10x_pwr.c...
compiling stm32f10x_pwr.c...
linking...
Program Size: Code=6892 RO-data=404 RW-data=32 ZI-data=512  
FromELF: creating hex file...
".\Obj\release.axf" - 0 Error(s), 0 Warning(s).
Build target 'STM32-FD-RTC'
creating preprocessor file for main.c...
compiling main.c...
assembling startup_stm32f10x_hd.s...
creating preprocessor file for stm32f10x_it.c...
compiling stm32f10x_it.c...
creating preprocessor file for misc.c...
compiling misc.c...
creating preprocessor file for stm32f10x_gpio.c...
compiling stm32f10x_gpio.c...
creating preprocessor file for stm32f10x_rcc.c...
compiling stm32f10x_rcc.c...
creating preprocessor file for stm32f10x_rtc.c...
compiling stm32f10x_rtc.c...
creating preprocessor file for stm32f10x_usart.c...
compiling stm32f10x_usart.c...
creating preprocessor file for stm32f10x_bkp.c...
compiling stm32f10x_bkp.c...
creating preprocessor file for stm32f10x_flash.c...
compiling stm32f10x_flash.c...
creating preprocessor file for stm32f10x_pwr.c...
compiling stm32f10x_pwr.c...
linking...
Program Size: Code=6892 RO-data=404 RW-data=32 ZI-data=512  
FromELF: creating hex file...
".\Obj\release.axf" - 0 Error(s), 0 Warning(s).
Build target 'STM32-FD-RTC'
creating preprocessor file for main.c...
compiling main.c...
assembling startup_stm32f10x_hd.s...
creating preprocessor file for stm32f10x_it.c...
compiling stm32f10x_it.c...
creating preprocessor file for misc.c...
compiling misc.c...
creating preprocessor file for stm32f10x_gpio.c...
compiling stm32f10x_gpio.c...
creating preprocessor file for stm32f10x_rcc.c...
compiling stm32f10x_rcc.c...
creating preprocessor file for stm32f10x_rtc.c...
compiling stm32f10x_rtc.c...
creating preprocessor file for stm32f10x_usart.c...
compiling stm32f10x_usart.c...
creating preprocessor file for stm32f10x_bkp.c...
compiling stm32f10x_bkp.c...
creating preprocessor file for stm32f10x_flash.c...
compiling stm32f10x_flash.c...
creating preprocessor file for stm32f10x_pwr.c...
compiling stm32f10x_pwr.c...
linking...
Program Size: Code=6892 RO-data=404 RW-data=32 ZI-data=512  
FromELF: creating hex file...
".\Obj\release.axf" - 0 Error(s), 0 Warning(s).
