<html>
<body>
<pre>
<h1>礦ision Build Log</h1>
<h2>Project:</h2>
F:\产品\产品配套光盘\HY-STM32_100P\HY-STM32_100P例程\06 TIM1的PWM演示\STM32-FD-TIM1.uvproj
Project File Date:  <unknown>

<h2>Output:</h2>
Build target 'TIM1'
assembling startup_stm32f10x_hd.s...
creating preprocessor file for main.c...
compiling main.c...
creating preprocessor file for stm32f10x_it.c...
compiling stm32f10x_it.c...
creating preprocessor file for stm32f10x_gpio.c...
compiling stm32f10x_gpio.c...
creating preprocessor file for stm32f10x_rcc.c...
compiling stm32f10x_rcc.c...
creating preprocessor file for stm32f10x_tim.c...
compiling stm32f10x_tim.c...
creating preprocessor file for misc.c...
compiling misc.c...
creating preprocessor file for stm32f10x_flash.c...
compiling stm32f10x_flash.c...
linking...
Program Size: Code=2208 RO-data=336 RW-data=12 ZI-data=556  
FromELF: creating hex file...
".\obj\release.axf" - 0 Error(s), 0 Warning(s).
Build target 'TIM1'
assembling startup_stm32f10x_hd.s...
compiling main.c...
compiling stm32f10x_it.c...
compiling stm32f10x_gpio.c...
compiling stm32f10x_rcc.c...
compiling stm32f10x_tim.c...
compiling misc.c...
compiling stm32f10x_flash.c...
linking...
Program Size: Code=6844 RO-data=336 RW-data=32 ZI-data=552  
FromELF: creating hex file...
".\obj\release.axf" - 0 Error(s), 0 Warning(s).
Build target 'TIM1'
assembling startup_stm32f10x_hd.s...
compiling main.c...
compiling stm32f10x_it.c...
compiling stm32f10x_gpio.c...
compiling stm32f10x_rcc.c...
compiling stm32f10x_tim.c...
compiling misc.c...
compiling stm32f10x_flash.c...
linking...
Program Size: Code=6844 RO-data=336 RW-data=32 ZI-data=552  
FromELF: creating hex file...
".\obj\release.axf" - 0 Error(s), 0 Warning(s).
Build target 'TIM1'
assembling startup_stm32f10x_hd.s...
compiling main.c...
compiling stm32f10x_it.c...
compiling stm32f10x_gpio.c...
compiling stm32f10x_rcc.c...
compiling stm32f10x_tim.c...
compiling misc.c...
compiling stm32f10x_flash.c...
linking...
Program Size: Code=6844 RO-data=336 RW-data=32 ZI-data=552  
FromELF: creating hex file...
".\obj\release.axf" - 0 Error(s), 0 Warning(s).
Build target 'TIM1'
assembling startup_stm32f10x_hd.s...
compiling main.c...
compiling stm32f10x_it.c...
compiling stm32f10x_gpio.c...
compiling stm32f10x_rcc.c...
compiling stm32f10x_tim.c...
compiling misc.c...
compiling stm32f10x_flash.c...
linking...
Program Size: Code=6844 RO-data=336 RW-data=32 ZI-data=552  
FromELF: creating hex file...
".\obj\release.axf" - 0 Error(s), 0 Warning(s).
Load "F:\\产品\\产品配套光盘\\HY-STM32_100P\\HY-STM32_100P例程\\06 TIM1的PWM演示\\obj\\release.AXF" 
Set JLink Project File to "F:\产品\产品配套光盘\HY-STM32_100P\HY-STM32_100P例程\06 TIM1的PWM演示\JLinkSettings.ini"
 
JLink info:
------------
DLL: V4.15n, compiled Jun 18 2010 19:55:09
Firmware: J-Link ARM V8 compiled May 20 2010 17:07:46
Hardware: V8.00
S/N : 20100214 
Feature(s) : RDI,FlashDL,FlashBP,JFlash,GDBFull 
 
* JLink Info: TotalIRLen = 9, IRPrint = 0x0011
* JLink Info: Found Cortex-M3 r1p1, Little endian.
* JLink Info: TPIU fitted.
* JLink Info: ETM fitted.
* JLink Info:   FPUnit: 6 code (BP) slots and 2 literal slots
ROMTableAddr = 0xE00FF003
 
Target info:
------------
Device: STM32F103VE
VTarget = 3.274V
State of Pins: 
TCK: 1, TDI: 0, TDO: 0, TMS: 0, TRES: 1, TRST: 1
* JLink Info: TotalIRLen = 9, IRPrint = 0x0011
* JLink Info: Found Cortex-M3 r1p1, Little endian.
* JLink Info: TPIU fitted.
* JLink Info: ETM fitted.
* JLink Info:   FPUnit: 6 code (BP) slots and 2 literal slots
Hardware-Breakpoints: 6
Software-Breakpoints: 2048
Watchpoints:          4
JTAG speed: 2000 kHz
 
Full Chip Erase Done.
Programming Done.
Verify OK.
* JLink Info: TotalIRLen = 9, IRPrint = 0x0011
* JLink Info: Found Cortex-M3 r1p1, Little endian.
* JLink Info: TPIU fitted.
* JLink Info: ETM fitted.
* JLink Info:   FPUnit: 6 code (BP) slots and 2 literal slots
Application running ...
