ARM Linker, 4.1 [Build 481] [Standard]

==============================================================================

Section Cross References

    app.o(i.App_DispScr_SignOn) refers to printf4.o(i.__0printf$4) for __2printf
    app.o(i.App_DispScr_SignOn) refers to os_core.o(i.OSVersion) for OSVersion
    app.o(i.App_DispScr_SignOn) refers to bsp.o(i.BSP_CPU_ClkFreq) for BSP_CPU_ClkFreq
    app.o(i.App_DispScr_SignOn) refers to os_core.o(.data) for OSCPUUsage
    app.o(i.App_TaskStart) refers to os_cpu_c.o(i.OS_CPU_SysTickInit) for OS_CPU_SysTickInit
    app.o(i.App_TaskStart) refers to os_core.o(i.OSStatInit) for OSStatInit
    app.o(i.App_TaskStart) refers to stm32f10x_gpio.o(i.GPIO_SetBits) for GPIO_SetBits
    app.o(i.App_TaskStart) refers to os_time.o(i.OSTimeDlyHMSM) for OSTimeDlyHMSM
    app.o(i.App_TaskStart) refers to stm32f10x_gpio.o(i.GPIO_ResetBits) for GPIO_ResetBits
    app.o(i.main) refers to bsp_int.o(i.BSP_IntDisAll) for BSP_IntDisAll
    app.o(i.main) refers to os_core.o(i.OSInit) for OSInit
    app.o(i.main) refers to bsp.o(i.BSP_Init) for BSP_Init
    app.o(i.main) refers to app.o(i.App_DispScr_SignOn) for App_DispScr_SignOn
    app.o(i.main) refers to printf4.o(i.__0printf$4) for __2printf
    app.o(i.main) refers to os_task.o(i.OSTaskCreate) for OSTaskCreate
    app.o(i.main) refers to os_task.o(i.OSTaskNameSet) for OSTaskNameSet
    app.o(i.main) refers to os_time.o(i.OSTimeSet) for OSTimeSet
    app.o(i.main) refers to os_core.o(i.OSStart) for OSStart
    app.o(i.main) refers to app.o(.bss) for .bss
    app.o(i.main) refers to app.o(i.App_TaskStart) for App_TaskStart
    vectors.o(VECT) refers to init.o(INIT) for ResetHndlr
    vectors.o(VECT) refers to os_cpu_a.o(.text) for OS_CPU_PendSVHandler
    vectors.o(VECT) refers to os_cpu_c.o(i.OS_CPU_SysTickHandler) for OS_CPU_SysTickHandler
    vectors.o(VECT) refers to bsp_int.o(i.BSP_IntHandlerWWDG) for BSP_IntHandlerWWDG
    vectors.o(VECT) refers to bsp_int.o(i.BSP_IntHandlerPVD) for BSP_IntHandlerPVD
    vectors.o(VECT) refers to bsp_int.o(i.BSP_IntHandlerTAMPER) for BSP_IntHandlerTAMPER
    vectors.o(VECT) refers to bsp_int.o(i.BSP_IntHandlerRTC) for BSP_IntHandlerRTC
    vectors.o(VECT) refers to bsp_int.o(i.BSP_IntHandlerFLASH) for BSP_IntHandlerFLASH
    vectors.o(VECT) refers to bsp_int.o(i.BSP_IntHandlerRCC) for BSP_IntHandlerRCC
    vectors.o(VECT) refers to bsp_int.o(i.BSP_IntHandlerEXTI0) for BSP_IntHandlerEXTI0
    vectors.o(VECT) refers to bsp_int.o(i.BSP_IntHandlerEXTI1) for BSP_IntHandlerEXTI1
    vectors.o(VECT) refers to bsp_int.o(i.BSP_IntHandlerEXTI2) for BSP_IntHandlerEXTI2
    vectors.o(VECT) refers to bsp_int.o(i.BSP_IntHandlerEXTI3) for BSP_IntHandlerEXTI3
    vectors.o(VECT) refers to bsp_int.o(i.BSP_IntHandlerEXTI4) for BSP_IntHandlerEXTI4
    vectors.o(VECT) refers to bsp_int.o(i.BSP_IntHandlerDMA1_CH1) for BSP_IntHandlerDMA1_CH1
    vectors.o(VECT) refers to bsp_int.o(i.BSP_IntHandlerDMA1_CH2) for BSP_IntHandlerDMA1_CH2
    vectors.o(VECT) refers to bsp_int.o(i.BSP_IntHandlerDMA1_CH3) for BSP_IntHandlerDMA1_CH3
    vectors.o(VECT) refers to bsp_int.o(i.BSP_IntHandlerDMA1_CH4) for BSP_IntHandlerDMA1_CH4
    vectors.o(VECT) refers to bsp_int.o(i.BSP_IntHandlerDMA1_CH5) for BSP_IntHandlerDMA1_CH5
    vectors.o(VECT) refers to bsp_int.o(i.BSP_IntHandlerDMA1_CH6) for BSP_IntHandlerDMA1_CH6
    vectors.o(VECT) refers to bsp_int.o(i.BSP_IntHandlerDMA1_CH7) for BSP_IntHandlerDMA1_CH7
    vectors.o(VECT) refers to bsp_int.o(i.BSP_IntHandlerADC1_2) for BSP_IntHandlerADC1_2
    vectors.o(VECT) refers to bsp_int.o(i.BSP_IntHandlerUSB_HP_CAN_TX) for BSP_IntHandlerUSB_HP_CAN_TX
    vectors.o(VECT) refers to bsp_int.o(i.BSP_IntHandlerUSB_LP_CAN_RX0) for BSP_IntHandlerUSB_LP_CAN_RX0
    vectors.o(VECT) refers to bsp_int.o(i.BSP_IntHandlerCAN_RX1) for BSP_IntHandlerCAN_RX1
    vectors.o(VECT) refers to bsp_int.o(i.BSP_IntHandlerCAN_SCE) for BSP_IntHandlerCAN_SCE
    vectors.o(VECT) refers to bsp_int.o(i.BSP_IntHandlerEXTI9_5) for BSP_IntHandlerEXTI9_5
    vectors.o(VECT) refers to bsp_int.o(i.BSP_IntHandlerTIM1_BRK) for BSP_IntHandlerTIM1_BRK
    vectors.o(VECT) refers to bsp_int.o(i.BSP_IntHandlerTIM1_UP) for BSP_IntHandlerTIM1_UP
    vectors.o(VECT) refers to bsp_int.o(i.BSP_IntHandlerTIM1_TRG_COM) for BSP_IntHandlerTIM1_TRG_COM
    vectors.o(VECT) refers to bsp_int.o(i.BSP_IntHandlerTIM1_CC) for BSP_IntHandlerTIM1_CC
    vectors.o(VECT) refers to bsp_int.o(i.BSP_IntHandlerTIM2) for BSP_IntHandlerTIM2
    vectors.o(VECT) refers to bsp_int.o(i.BSP_IntHandlerTIM3) for BSP_IntHandlerTIM3
    vectors.o(VECT) refers to bsp_int.o(i.BSP_IntHandlerTIM4) for BSP_IntHandlerTIM4
    vectors.o(VECT) refers to bsp_int.o(i.BSP_IntHandlerI2C1_EV) for BSP_IntHandlerI2C1_EV
    vectors.o(VECT) refers to bsp_int.o(i.BSP_IntHandlerI2C1_ER) for BSP_IntHandlerI2C1_ER
    vectors.o(VECT) refers to bsp_int.o(i.BSP_IntHandlerI2C2_EV) for BSP_IntHandlerI2C2_EV
[...]
    Removing stm32f10x_dac.o(i.DAC_SetChannel2Data), (14 bytes).
    Removing stm32f10x_dac.o(i.DAC_SetDualChannelData), (28 bytes).
    Removing stm32f10x_dac.o(i.DAC_SoftwareTriggerCmd), (44 bytes).
    Removing stm32f10x_dac.o(i.DAC_StructInit), (12 bytes).
    Removing stm32f10x_dac.o(i.DAC_WaveGenerationCmd), (40 bytes).
    Removing stm32f10x_dbgmcu.o(i.DBGMCU_Config), (28 bytes).
    Removing stm32f10x_dbgmcu.o(i.DBGMCU_GetDEVID), (16 bytes).
    Removing stm32f10x_dbgmcu.o(i.DBGMCU_GetREVID), (12 bytes).
    Removing stm32f10x_dma.o(i.DMA_ClearFlag), (24 bytes).
    Removing stm32f10x_dma.o(i.DMA_ClearITPendingBit), (24 bytes).
    Removing stm32f10x_dma.o(i.DMA_Cmd), (22 bytes).
    Removing stm32f10x_dma.o(i.DMA_DeInit), (252 bytes).
    Removing stm32f10x_dma.o(i.DMA_GetCurrDataCounter), (6 bytes).
    Removing stm32f10x_dma.o(i.DMA_GetFlagStatus), (32 bytes).
    Removing stm32f10x_dma.o(i.DMA_GetITStatus), (32 bytes).
    Removing stm32f10x_dma.o(i.DMA_ITConfig), (20 bytes).
    Removing stm32f10x_dma.o(i.DMA_Init), (84 bytes).
    Removing stm32f10x_dma.o(i.DMA_StructInit), (26 bytes).
    Removing stm32f10x_exti.o(i.EXTI_ClearFlag), (12 bytes).
    Removing stm32f10x_exti.o(i.EXTI_ClearITPendingBit), (12 bytes).
    Removing stm32f10x_exti.o(i.EXTI_DeInit), (28 bytes).
    Removing stm32f10x_exti.o(i.EXTI_GenerateSWInterrupt), (16 bytes).
    Removing stm32f10x_exti.o(i.EXTI_GetFlagStatus), (20 bytes).
    Removing stm32f10x_exti.o(i.EXTI_GetITStatus), (28 bytes).
    Removing stm32f10x_exti.o(i.EXTI_Init), (152 bytes).
    Removing stm32f10x_exti.o(i.EXTI_StructInit), (14 bytes).
    Removing stm32f10x_flash.o(i.FLASH_ClearFlag), (12 bytes).
    Removing stm32f10x_flash.o(i.FLASH_EnableWriteProtection), (168 bytes).
    Removing stm32f10x_flash.o(i.FLASH_EraseAllPages), (60 bytes).
    Removing stm32f10x_flash.o(i.FLASH_EraseOptionBytes), (128 bytes).
    Removing stm32f10x_flash.o(i.FLASH_ErasePage), (64 bytes).
    Removing stm32f10x_flash.o(i.FLASH_GetFlagStatus), (36 bytes).
    Removing stm32f10x_flash.o(i.FLASH_GetPrefetchBufferStatus), (20 bytes).
    Removing stm32f10x_flash.o(i.FLASH_GetReadOutProtectionStatus), (20 bytes).
    Removing stm32f10x_flash.o(i.FLASH_GetStatus), (44 bytes).
    Removing stm32f10x_flash.o(i.FLASH_GetUserOptionByte), (12 bytes).
    Removing stm32f10x_flash.o(i.FLASH_GetWriteProtectionOptionByte), (12 bytes).
    Removing stm32f10x_flash.o(i.FLASH_HalfCycleAccessCmd), (24 bytes).
    Removing stm32f10x_flash.o(i.FLASH_ITConfig), (28 bytes).
    Removing stm32f10x_flash.o(i.FLASH_Lock), (16 bytes).
    Removing stm32f10x_flash.o(i.FLASH_ProgramHalfWord), (56 bytes).
    Removing stm32f10x_flash.o(i.FLASH_ProgramOptionByteData), (72 bytes).
    Removing stm32f10x_flash.o(i.FLASH_ProgramWord), (88 bytes).
    Removing stm32f10x_flash.o(i.FLASH_ReadOutProtection), (144 bytes).
    Removing stm32f10x_flash.o(i.FLASH_Unlock), (24 bytes).
    Removing stm32f10x_flash.o(i.FLASH_UserOptionByteConfig), (96 bytes).
    Removing stm32f10x_flash.o(i.FLASH_WaitForLastOperation), (36 bytes).
    Removing stm32f10x_flash.o(i.delay), (12 bytes).
    Removing stm32f10x_fsmc.o(i.FSMC_ClearFlag), (46 bytes).
    Removing stm32f10x_fsmc.o(i.FSMC_ClearITPendingBit), (52 bytes).
    Removing stm32f10x_fsmc.o(i.FSMC_GetECC), (18 bytes).
    Removing stm32f10x_fsmc.o(i.FSMC_GetFlagStatus), (40 bytes).
    Removing stm32f10x_fsmc.o(i.FSMC_GetITStatus), (48 bytes).
    Removing stm32f10x_fsmc.o(i.FSMC_ITConfig), (90 bytes).
    Removing stm32f10x_fsmc.o(i.FSMC_NANDCmd), (64 bytes).
    Removing stm32f10x_fsmc.o(i.FSMC_NANDDeInit), (48 bytes).
    Removing stm32f10x_fsmc.o(i.FSMC_NANDECCCmd), (64 bytes).
    Removing stm32f10x_fsmc.o(i.FSMC_NANDInit), (126 bytes).
    Removing stm32f10x_fsmc.o(i.FSMC_NANDStructInit), (54 bytes).
    Removing stm32f10x_fsmc.o(i.FSMC_NORSRAMCmd), (36 bytes).
    Removing stm32f10x_fsmc.o(i.FSMC_NORSRAMDeInit), (40 bytes).
    Removing stm32f10x_fsmc.o(i.FSMC_NORSRAMInit), (214 bytes).
    Removing stm32f10x_fsmc.o(i.FSMC_NORSRAMStructInit), (126 bytes).
    Removing stm32f10x_fsmc.o(i.FSMC_PCCARDCmd), (40 bytes).
    Removing stm32f10x_fsmc.o(i.FSMC_PCCARDDeInit), (28 bytes).
    Removing stm32f10x_fsmc.o(i.FSMC_PCCARDInit), (120 bytes).
    Removing stm32f10x_fsmc.o(i.FSMC_PCCARDStructInit), (60 bytes).
    Removing stm32f10x_gpio.o(i.GPIO_AFIODeInit), (22 bytes).
    Removing stm32f10x_gpio.o(i.GPIO_DeInit), (196 bytes).
    Removing stm32f10x_gpio.o(i.GPIO_EXTILineConfig), (40 bytes).
    Removing stm32f10x_gpio.o(i.GPIO_EventOutputCmd), (12 bytes).
    Removing stm32f10x_gpio.o(i.GPIO_EventOutputConfig), (28 bytes).
    Removing stm32f10x_gpio.o(i.GPIO_PinLockConfig), (16 bytes).
    Removing stm32f10x_gpio.o(i.GPIO_PinRemapConfig), (92 bytes).
    Removing stm32f10x_gpio.o(i.GPIO_ReadInputData), (6 bytes).
    Removing stm32f10x_gpio.o(i.GPIO_ReadInputDataBit), (14 bytes).
    Removing stm32f10x_gpio.o(i.GPIO_ReadOutputData), (6 bytes).
    Removing stm32f10x_gpio.o(i.GPIO_ReadOutputDataBit), (14 bytes).
    Removing stm32f10x_gpio.o(i.GPIO_StructInit), (16 bytes).
    Removing stm32f10x_gpio.o(i.GPIO_Write), (4 bytes).
    Removing stm32f10x_gpio.o(i.GPIO_WriteBit), (10 bytes).
    Removing stm32f10x_i2c.o(i.I2C_ARPCmd), (22 bytes).
    Removing stm32f10x_i2c.o(i.I2C_AcknowledgeConfig), (22 bytes).
    Removing stm32f10x_i2c.o(i.I2C_CalculatePEC), (22 bytes).
    Removing stm32f10x_i2c.o(i.I2C_CheckEvent), (24 bytes).
    Removing stm32f10x_i2c.o(i.I2C_ClearFlag), (6 bytes).
    Removing stm32f10x_i2c.o(i.I2C_ClearITPendingBit), (6 bytes).
    Removing stm32f10x_i2c.o(i.I2C_Cmd), (22 bytes).
    Removing stm32f10x_i2c.o(i.I2C_DMACmd), (22 bytes).
    Removing stm32f10x_i2c.o(i.I2C_DMALastTransferCmd), (22 bytes).
    Removing stm32f10x_i2c.o(i.I2C_DeInit), (64 bytes).
    Removing stm32f10x_i2c.o(i.I2C_DualAddressCmd), (22 bytes).
    Removing stm32f10x_i2c.o(i.I2C_FastModeDutyCycleConfig), (26 bytes).
    Removing stm32f10x_i2c.o(i.I2C_GeneralCallCmd), (22 bytes).
    Removing stm32f10x_i2c.o(i.I2C_GenerateSTART), (22 bytes).
    Removing stm32f10x_i2c.o(i.I2C_GenerateSTOP), (22 bytes).
    Removing stm32f10x_i2c.o(i.I2C_GetFlagStatus), (30 bytes).
    Removing stm32f10x_i2c.o(i.I2C_GetITStatus), (30 bytes).
    Removing stm32f10x_i2c.o(i.I2C_GetLastEvent), (14 bytes).
    Removing stm32f10x_i2c.o(i.I2C_GetPEC), (6 bytes).
    Removing stm32f10x_i2c.o(i.I2C_ITConfig), (20 bytes).
    Removing stm32f10x_i2c.o(i.I2C_Init), (196 bytes).
    Removing stm32f10x_i2c.o(i.I2C_OwnAddress2Config), (16 bytes).
    Removing stm32f10x_i2c.o(i.I2C_PECPositionConfig), (26 bytes).
    Removing stm32f10x_i2c.o(i.I2C_ReadRegister), (4 bytes).
    Removing stm32f10x_i2c.o(i.I2C_ReceiveData), (6 bytes).
    Removing stm32f10x_i2c.o(i.I2C_SMBusAlertConfig), (26 bytes).
    Removing stm32f10x_i2c.o(i.I2C_Send7bitAddress), (16 bytes).
    Removing stm32f10x_i2c.o(i.I2C_SendData), (4 bytes).
    Removing stm32f10x_i2c.o(i.I2C_SoftwareResetCmd), (22 bytes).
    Removing stm32f10x_i2c.o(i.I2C_StretchClockCmd), (22 bytes).
    Removing stm32f10x_i2c.o(i.I2C_StructInit), (28 bytes).
    Removing stm32f10x_i2c.o(i.I2C_TransmitPEC), (22 bytes).
    Removing stm32f10x_iwdg.o(i.IWDG_Enable), (16 bytes).
    Removing stm32f10x_iwdg.o(i.IWDG_GetFlagStatus), (20 bytes).
    Removing stm32f10x_iwdg.o(i.IWDG_ReloadCounter), (16 bytes).
    Removing stm32f10x_iwdg.o(i.IWDG_SetPrescaler), (12 bytes).
    Removing stm32f10x_iwdg.o(i.IWDG_SetReload), (12 bytes).
    Removing stm32f10x_iwdg.o(i.IWDG_WriteAccessCmd), (12 bytes).
    Removing stm32f10x_pwr.o(i.PWR_BackupAccessCmd), (12 bytes).
    Removing stm32f10x_pwr.o(i.PWR_ClearFlag), (16 bytes).
    Removing stm32f10x_pwr.o(i.PWR_DeInit), (24 bytes).
    Removing stm32f10x_pwr.o(i.PWR_EnterSTANDBYMode), (40 bytes).
    Removing stm32f10x_pwr.o(i.PWR_EnterSTOPMode), (44 bytes).
    Removing stm32f10x_pwr.o(i.PWR_GetFlagStatus), (20 bytes).
    Removing stm32f10x_pwr.o(i.PWR_PVDCmd), (12 bytes).
    Removing stm32f10x_pwr.o(i.PWR_PVDLevelConfig), (20 bytes).
    Removing stm32f10x_pwr.o(i.PWR_WakeUpPinCmd), (12 bytes).
    Removing stm32f10x_rcc.o(i.RCC_ADCCLKConfig), (20 bytes).
    Removing stm32f10x_rcc.o(i.RCC_AHBPeriphClockCmd), (28 bytes).
    Removing stm32f10x_rcc.o(i.RCC_APB1PeriphClockCmd), (28 bytes).
    Removing stm32f10x_rcc.o(i.RCC_APB1PeriphResetCmd), (28 bytes).
    Removing stm32f10x_rcc.o(i.RCC_APB2PeriphResetCmd), (28 bytes).
    Removing stm32f10x_rcc.o(i.RCC_AdjustHSICalibrationValue), (20 bytes).
    Removing stm32f10x_rcc.o(i.RCC_BackupResetCmd), (12 bytes).
    Removing stm32f10x_rcc.o(i.RCC_ClearFlag), (16 bytes).
    Removing stm32f10x_rcc.o(i.RCC_ClearITPendingBit), (12 bytes).
    Removing stm32f10x_rcc.o(i.RCC_ClockSecuritySystemCmd), (12 bytes).
    Removing stm32f10x_rcc.o(i.RCC_GetITStatus), (20 bytes).
    Removing stm32f10x_rcc.o(i.RCC_HSICmd), (12 bytes).
    Removing stm32f10x_rcc.o(i.RCC_ITConfig), (28 bytes).
    Removing stm32f10x_rcc.o(i.RCC_LSEConfig), (40 bytes).
    Removing stm32f10x_rcc.o(i.RCC_LSICmd), (12 bytes).
    Removing stm32f10x_rcc.o(i.RCC_MCOConfig), (12 bytes).
    Removing stm32f10x_rcc.o(i.RCC_RTCCLKCmd), (12 bytes).
    Removing stm32f10x_rcc.o(i.RCC_RTCCLKConfig), (16 bytes).
    Removing stm32f10x_rcc.o(i.RCC_USBCLKConfig), (12 bytes).
    Removing stm32f10x_rtc.o(i.RTC_ClearFlag), (16 bytes).
    Removing stm32f10x_rtc.o(i.RTC_ClearITPendingBit), (16 bytes).
    Removing stm32f10x_rtc.o(i.RTC_EnterConfigMode), (16 bytes).
    Removing stm32f10x_rtc.o(i.RTC_ExitConfigMode), (16 bytes).
    Removing stm32f10x_rtc.o(i.RTC_GetCounter), (16 bytes).
    Removing stm32f10x_rtc.o(i.RTC_GetDivider), (24 bytes).
    Removing stm32f10x_rtc.o(i.RTC_GetFlagStatus), (20 bytes).
    Removing stm32f10x_rtc.o(i.RTC_GetITStatus), (32 bytes).
    Removing stm32f10x_rtc.o(i.RTC_ITConfig), (36 bytes).
    Removing stm32f10x_rtc.o(i.RTC_SetAlarm), (28 bytes).
    Removing stm32f10x_rtc.o(i.RTC_SetCounter), (28 bytes).
    Removing stm32f10x_rtc.o(i.RTC_SetPrescaler), (32 bytes).
    Removing stm32f10x_rtc.o(i.RTC_WaitForLastTask), (20 bytes).
    Removing stm32f10x_rtc.o(i.RTC_WaitForSynchro), (32 bytes).
    Removing stm32f10x_sdio.o(i.SDIO_CEATAITCmd), (16 bytes).
    Removing stm32f10x_sdio.o(i.SDIO_ClearFlag), (12 bytes).
    Removing stm32f10x_sdio.o(i.SDIO_ClearITPendingBit), (12 bytes).
    Removing stm32f10x_sdio.o(i.SDIO_ClockCmd), (12 bytes).
    Removing stm32f10x_sdio.o(i.SDIO_CmdStructInit), (14 bytes).
    Removing stm32f10x_sdio.o(i.SDIO_CommandCompletionCmd), (12 bytes).
    Removing stm32f10x_sdio.o(i.SDIO_DMACmd), (12 bytes).
    Removing stm32f10x_sdio.o(i.SDIO_DataConfig), (48 bytes).
    Removing stm32f10x_sdio.o(i.SDIO_DataStructInit), (20 bytes).
    Removing stm32f10x_sdio.o(i.SDIO_DeInit), (36 bytes).
    Removing stm32f10x_sdio.o(i.SDIO_GetCommandResponse), (12 bytes).
    Removing stm32f10x_sdio.o(i.SDIO_GetDataCounter), (12 bytes).
    Removing stm32f10x_sdio.o(i.SDIO_GetFIFOCount), (12 bytes).
    Removing stm32f10x_sdio.o(i.SDIO_GetFlagStatus), (20 bytes).
    Removing stm32f10x_sdio.o(i.SDIO_GetITStatus), (20 bytes).
    Removing stm32f10x_sdio.o(i.SDIO_GetPowerState), (16 bytes).
    Removing stm32f10x_sdio.o(i.SDIO_GetResponse), (12 bytes).
    Removing stm32f10x_sdio.o(i.SDIO_ITConfig), (28 bytes).
    Removing stm32f10x_sdio.o(i.SDIO_Init), (64 bytes).
    Removing stm32f10x_sdio.o(i.SDIO_ReadData), (12 bytes).
    Removing stm32f10x_sdio.o(i.SDIO_SendCEATACmd), (12 bytes).
    Removing stm32f10x_sdio.o(i.SDIO_SendCommand), (44 bytes).
    Removing stm32f10x_sdio.o(i.SDIO_SendSDIOSuspendCmd), (12 bytes).
    Removing stm32f10x_sdio.o(i.SDIO_SetPowerState), (24 bytes).
    Removing stm32f10x_sdio.o(i.SDIO_SetSDIOOperation), (12 bytes).
    Removing stm32f10x_sdio.o(i.SDIO_SetSDIOReadWaitMode), (12 bytes).
    Removing stm32f10x_sdio.o(i.SDIO_StartSDIOReadWait), (12 bytes).
    Removing stm32f10x_sdio.o(i.SDIO_StopSDIOReadWait), (12 bytes).
    Removing stm32f10x_sdio.o(i.SDIO_StructInit), (16 bytes).
    Removing stm32f10x_sdio.o(i.SDIO_WriteData), (12 bytes).
    Removing stm32f10x_spi.o(i.I2S_Cmd), (22 bytes).
    Removing stm32f10x_spi.o(i.I2S_Init), (172 bytes).
    Removing stm32f10x_spi.o(i.I2S_StructInit), (18 bytes).
    Removing stm32f10x_spi.o(i.SPI_BiDirectionalLineConfig), (26 bytes).
    Removing stm32f10x_spi.o(i.SPI_CalculateCRC), (22 bytes).
    Removing stm32f10x_spi.o(i.SPI_Cmd), (22 bytes).
    Removing stm32f10x_spi.o(i.SPI_DataSizeConfig), (16 bytes).
    Removing stm32f10x_spi.o(i.SPI_GetCRC), (12 bytes).
    Removing stm32f10x_spi.o(i.SPI_GetCRCPolynomial), (4 bytes).
    Removing stm32f10x_spi.o(i.SPI_I2S_ClearFlag), (6 bytes).
    Removing stm32f10x_spi.o(i.SPI_I2S_ClearITPendingBit), (16 bytes).
    Removing stm32f10x_spi.o(i.SPI_I2S_DMACmd), (20 bytes).
    Removing stm32f10x_spi.o(i.SPI_I2S_DeInit), (92 bytes).
    Removing stm32f10x_spi.o(i.SPI_I2S_GetFlagStatus), (14 bytes).
    Removing stm32f10x_spi.o(i.SPI_I2S_GetITStatus), (46 bytes).
    Removing stm32f10x_spi.o(i.SPI_I2S_ITConfig), (30 bytes).
    Removing stm32f10x_spi.o(i.SPI_I2S_ReceiveData), (4 bytes).
    Removing stm32f10x_spi.o(i.SPI_I2S_SendData), (4 bytes).
    Removing stm32f10x_spi.o(i.SPI_Init), (84 bytes).
    Removing stm32f10x_spi.o(i.SPI_NSSInternalSoftwareConfig), (28 bytes).
    Removing stm32f10x_spi.o(i.SPI_SSOutputCmd), (22 bytes).
    Removing stm32f10x_spi.o(i.SPI_StructInit), (24 bytes).
    Removing stm32f10x_spi.o(i.SPI_TransmitCRC), (10 bytes).
    Removing stm32f10x_tim.o(i.TI1_Config), (48 bytes).
    Removing stm32f10x_tim.o(i.TI2_Config), (52 bytes).
    Removing stm32f10x_tim.o(i.TI3_Config), (50 bytes).
    Removing stm32f10x_tim.o(i.TI4_Config), (52 bytes).
    Removing stm32f10x_tim.o(i.TIM_ARRPreloadConfig), (26 bytes).
    Removing stm32f10x_tim.o(i.TIM_BDTRConfig), (36 bytes).
    Removing stm32f10x_tim.o(i.TIM_BDTRStructInit), (18 bytes).
    Removing stm32f10x_tim.o(i.TIM_CCPreloadControl), (22 bytes).
    Removing stm32f10x_tim.o(i.TIM_CCxCmd), (26 bytes).
    Removing stm32f10x_tim.o(i.TIM_CCxNCmd), (26 bytes).
    Removing stm32f10x_tim.o(i.TIM_ClearFlag), (6 bytes).
    Removing stm32f10x_tim.o(i.TIM_ClearITPendingBit), (6 bytes).
    Removing stm32f10x_tim.o(i.TIM_ClearOC1Ref), (12 bytes).
    Removing stm32f10x_tim.o(i.TIM_ClearOC2Ref), (14 bytes).
    Removing stm32f10x_tim.o(i.TIM_ClearOC3Ref), (12 bytes).
    Removing stm32f10x_tim.o(i.TIM_ClearOC4Ref), (14 bytes).
    Removing stm32f10x_tim.o(i.TIM_Cmd), (26 bytes).
    Removing stm32f10x_tim.o(i.TIM_CounterModeConfig), (16 bytes).
    Removing stm32f10x_tim.o(i.TIM_CtrlPWMOutputs), (30 bytes).
    Removing stm32f10x_tim.o(i.TIM_DMACmd), (20 bytes).
    Removing stm32f10x_tim.o(i.TIM_DMAConfig), (8 bytes).
    Removing stm32f10x_tim.o(i.TIM_DeInit), (224 bytes).
    Removing stm32f10x_tim.o(i.TIM_ETRClockMode1Config), (32 bytes).
    Removing stm32f10x_tim.o(i.TIM_ETRClockMode2Config), (20 bytes).
    Removing stm32f10x_tim.o(i.TIM_ETRConfig), (22 bytes).
    Removing stm32f10x_tim.o(i.TIM_EncoderInterfaceConfig), (52 bytes).
    Removing stm32f10x_tim.o(i.TIM_ForcedOC1Config), (12 bytes).
    Removing stm32f10x_tim.o(i.TIM_ForcedOC2Config), (14 bytes).
    Removing stm32f10x_tim.o(i.TIM_ForcedOC3Config), (12 bytes).
    Removing stm32f10x_tim.o(i.TIM_ForcedOC4Config), (14 bytes).
    Removing stm32f10x_tim.o(i.TIM_GenerateEvent), (4 bytes).
    Removing stm32f10x_tim.o(i.TIM_GetCapture1), (4 bytes).
    Removing stm32f10x_tim.o(i.TIM_GetCapture2), (4 bytes).
    Removing stm32f10x_tim.o(i.TIM_GetCapture3), (4 bytes).
    Removing stm32f10x_tim.o(i.TIM_GetCapture4), (6 bytes).
    Removing stm32f10x_tim.o(i.TIM_GetCounter), (4 bytes).
    Removing stm32f10x_tim.o(i.TIM_GetFlagStatus), (14 bytes).
    Removing stm32f10x_tim.o(i.TIM_GetITStatus), (20 bytes).
    Removing stm32f10x_tim.o(i.TIM_GetPrescaler), (4 bytes).
    Removing stm32f10x_tim.o(i.TIM_ICInit), (106 bytes).
    Removing stm32f10x_tim.o(i.TIM_ICStructInit), (16 bytes).
    Removing stm32f10x_tim.o(i.TIM_ITConfig), (20 bytes).
    Removing stm32f10x_tim.o(i.TIM_ITRxExternalClockConfig), (20 bytes).
    Removing stm32f10x_tim.o(i.TIM_InternalClockConfig), (10 bytes).
    Removing stm32f10x_tim.o(i.TIM_OC1FastConfig), (12 bytes).
    Removing stm32f10x_tim.o(i.TIM_OC1Init), (104 bytes).
    Removing stm32f10x_tim.o(i.TIM_OC1NPolarityConfig), (12 bytes).
    Removing stm32f10x_tim.o(i.TIM_OC1PolarityConfig), (12 bytes).
    Removing stm32f10x_tim.o(i.TIM_OC1PreloadConfig), (12 bytes).
    Removing stm32f10x_tim.o(i.TIM_OC2FastConfig), (14 bytes).
    Removing stm32f10x_tim.o(i.TIM_OC2Init), (130 bytes).
    Removing stm32f10x_tim.o(i.TIM_OC2NPolarityConfig), (14 bytes).
    Removing stm32f10x_tim.o(i.TIM_OC2PolarityConfig), (14 bytes).
    Removing stm32f10x_tim.o(i.TIM_OC2PreloadConfig), (14 bytes).
    Removing stm32f10x_tim.o(i.TIM_OC3FastConfig), (12 bytes).
    Removing stm32f10x_tim.o(i.TIM_OC3Init), (128 bytes).
    Removing stm32f10x_tim.o(i.TIM_OC3NPolarityConfig), (14 bytes).
    Removing stm32f10x_tim.o(i.TIM_OC3PolarityConfig), (14 bytes).
    Removing stm32f10x_tim.o(i.TIM_OC3PreloadConfig), (12 bytes).
    Removing stm32f10x_tim.o(i.TIM_OC4FastConfig), (14 bytes).
    Removing stm32f10x_tim.o(i.TIM_OC4Init), (96 bytes).
    Removing stm32f10x_tim.o(i.TIM_OC4PolarityConfig), (14 bytes).
    Removing stm32f10x_tim.o(i.TIM_OC4PreloadConfig), (14 bytes).
    Removing stm32f10x_tim.o(i.TIM_OCStructInit), (20 bytes).
    Removing stm32f10x_tim.o(i.TIM_PWMIConfig), (108 bytes).
    Removing stm32f10x_tim.o(i.TIM_PrescalerConfig), (6 bytes).
    Removing stm32f10x_tim.o(i.TIM_SelectCCDMA), (22 bytes).
    Removing stm32f10x_tim.o(i.TIM_SelectCOM), (22 bytes).
    Removing stm32f10x_tim.o(i.TIM_SelectHallSensor), (22 bytes).
    Removing stm32f10x_tim.o(i.TIM_SelectInputTrigger), (12 bytes).
    Removing stm32f10x_tim.o(i.TIM_SelectMasterSlaveMode), (16 bytes).
    Removing stm32f10x_tim.o(i.TIM_SelectOCxM), (72 bytes).
    Removing stm32f10x_tim.o(i.TIM_SelectOnePulseMode), (20 bytes).
    Removing stm32f10x_tim.o(i.TIM_SelectOutputTrigger), (16 bytes).
    Removing stm32f10x_tim.o(i.TIM_SelectSlaveMode), (16 bytes).
    Removing stm32f10x_tim.o(i.TIM_SetAutoreload), (4 bytes).
    Removing stm32f10x_tim.o(i.TIM_SetClockDivision), (14 bytes).
    Removing stm32f10x_tim.o(i.TIM_SetCompare1), (4 bytes).
    Removing stm32f10x_tim.o(i.TIM_SetCompare2), (4 bytes).
    Removing stm32f10x_tim.o(i.TIM_SetCompare3), (4 bytes).
    Removing stm32f10x_tim.o(i.TIM_SetCompare4), (6 bytes).
    Removing stm32f10x_tim.o(i.TIM_SetCounter), (4 bytes).
    Removing stm32f10x_tim.o(i.TIM_SetIC1Prescaler), (16 bytes).
    Removing stm32f10x_tim.o(i.TIM_SetIC2Prescaler), (18 bytes).
    Removing stm32f10x_tim.o(i.TIM_SetIC3Prescaler), (16 bytes).
    Removing stm32f10x_tim.o(i.TIM_SetIC4Prescaler), (18 bytes).
    Removing stm32f10x_tim.o(i.TIM_TIxExternalClockConfig), (48 bytes).
    Removing stm32f10x_tim.o(i.TIM_TimeBaseInit), (54 bytes).
    Removing stm32f10x_tim.o(i.TIM_TimeBaseStructInit), (18 bytes).
    Removing stm32f10x_tim.o(i.TIM_UpdateDisableConfig), (26 bytes).
    Removing stm32f10x_tim.o(i.TIM_UpdateRequestConfig), (26 bytes).
    Removing stm32f10x_usart.o(i.USART_ClearFlag), (6 bytes).
    Removing stm32f10x_usart.o(i.USART_ClearITPendingBit), (14 bytes).
    Removing stm32f10x_usart.o(i.USART_ClockInit), (36 bytes).
    Removing stm32f10x_usart.o(i.USART_ClockStructInit), (12 bytes).
    Removing stm32f10x_usart.o(i.USART_DMACmd), (20 bytes).
    Removing stm32f10x_usart.o(i.USART_DeInit), (152 bytes).
    Removing stm32f10x_usart.o(i.USART_GetFlagStatus), (14 bytes).
    Removing stm32f10x_usart.o(i.USART_GetITStatus), (68 bytes).
    Removing stm32f10x_usart.o(i.USART_HalfDuplexCmd), (22 bytes).
    Removing stm32f10x_usart.o(i.USART_ITConfig), (54 bytes).
    Removing stm32f10x_usart.o(i.USART_IrDACmd), (22 bytes).
    Removing stm32f10x_usart.o(i.USART_IrDAConfig), (16 bytes).
    Removing stm32f10x_usart.o(i.USART_LINBreakDetectLengthConfig), (16 bytes).
    Removing stm32f10x_usart.o(i.USART_LINCmd), (22 bytes).
    Removing stm32f10x_usart.o(i.USART_ReceiveData), (8 bytes).
    Removing stm32f10x_usart.o(i.USART_ReceiverWakeUpCmd), (22 bytes).
    Removing stm32f10x_usart.o(i.USART_SendBreak), (10 bytes).
    Removing stm32f10x_usart.o(i.USART_SendData), (8 bytes).
    Removing stm32f10x_usart.o(i.USART_SetAddress), (16 bytes).
    Removing stm32f10x_usart.o(i.USART_SetGuardTime), (16 bytes).
    Removing stm32f10x_usart.o(i.USART_SetPrescaler), (16 bytes).
    Removing stm32f10x_usart.o(i.USART_SmartCardCmd), (22 bytes).
    Removing stm32f10x_usart.o(i.USART_SmartCardNACKCmd), (22 bytes).
    Removing stm32f10x_usart.o(i.USART_StructInit), (22 bytes).
    Removing stm32f10x_usart.o(i.USART_WakeUpConfig), (16 bytes).
    Removing stm32f10x_wwdg.o(i.WWDG_ClearFlag), (12 bytes).
    Removing stm32f10x_wwdg.o(i.WWDG_DeInit), (24 bytes).
    Removing stm32f10x_wwdg.o(i.WWDG_Enable), (16 bytes).
    Removing stm32f10x_wwdg.o(i.WWDG_EnableIT), (12 bytes).
    Removing stm32f10x_wwdg.o(i.WWDG_GetFlagStatus), (12 bytes).
    Removing stm32f10x_wwdg.o(i.WWDG_SetCounter), (16 bytes).
    Removing stm32f10x_wwdg.o(i.WWDG_SetPrescaler), (20 bytes).
    Removing stm32f10x_wwdg.o(i.WWDG_SetWindowValue), (24 bytes).
    Removing system_stm32f10x.o(i.SetSysClock), (4 bytes).
    Removing system_stm32f10x.o(i.SetSysClockTo72), (160 bytes).
    Removing system_stm32f10x.o(i.SystemInit), (64 bytes).
    Removing system_stm32f10x.o(.constdata), (4 bytes).
    Removing system_stm32f10x.o(.constdata), (4 bytes).
    Removing system_stm32f10x.o(.constdata), (4 bytes).
    Removing system_stm32f10x.o(.constdata), (4 bytes).
    Removing system_stm32f10x.o(.constdata), (4 bytes).
    Removing misc.o(i.NVIC_Init), (112 bytes).
    Removing misc.o(i.NVIC_SystemLPConfig), (32 bytes).
    Removing misc.o(i.SysTick_CLKSourceConfig), (28 bytes).
    Removing cpu_c.o(i.CPU_BitBandClr), (50 bytes).
    Removing cpu_c.o(i.CPU_BitBandSet), (50 bytes).
    Removing cpu_c.o(i.CPU_IntSrcDis), (192 bytes).
    Removing cpu_c.o(i.CPU_IntSrcEn), (192 bytes).
    Removing cpu_c.o(i.CPU_IntSrcPrioGet), (292 bytes).
    Removing cpu_c.o(i.CPU_IntSrcPrioSet), (324 bytes).
    Removing os_core.o(i.OSEventNameGet), (92 bytes).
    Removing os_core.o(i.OSEventNameSet), (108 bytes).
    Removing os_core.o(i.OSEventPendMulti), (472 bytes).
    Removing os_core.o(i.OSIntEnter), (24 bytes).
    Removing os_core.o(i.OSSchedLock), (44 bytes).
    Removing os_core.o(i.OSSchedUnlock), (72 bytes).
    Removing os_core.o(i.OS_Dummy), (2 bytes).
    Removing os_core.o(i.OS_EventTaskRdy), (120 bytes).
    Removing os_core.o(i.OS_EventTaskRemove), (36 bytes).
    Removing os_core.o(i.OS_EventTaskRemoveMulti), (50 bytes).
    Removing os_core.o(i.OS_EventTaskWait), (92 bytes).
    Removing os_core.o(i.OS_EventTaskWaitMulti), (108 bytes).
    Removing os_core.o(i.OS_EventWaitListInit), (22 bytes).
    Removing os_core.o(i.OS_MemCopy), (22 bytes).
    Removing os_flag.o(i.OSFlagAccept), (216 bytes).
    Removing os_flag.o(i.OSFlagCreate), (84 bytes).
    Removing os_flag.o(i.OSFlagDel), (232 bytes).
    Removing os_flag.o(i.OSFlagNameGet), (88 bytes).
    Removing os_flag.o(i.OSFlagNameSet), (104 bytes).
    Removing os_flag.o(i.OSFlagPend), (600 bytes).
    Removing os_flag.o(i.OSFlagPendGetFlagsRdy), (24 bytes).
    Removing os_flag.o(i.OSFlagPost), (244 bytes).
    Removing os_flag.o(i.OSFlagQuery), (38 bytes).
    Removing os_flag.o(i.OS_FlagBlock), (116 bytes).
    Removing os_flag.o(i.OS_FlagTaskRdy), (92 bytes).
    Removing os_flag.o(i.OS_FlagUnlink), (32 bytes).
    Removing os_mbox.o(i.OSMboxAccept), (32 bytes).
    Removing os_mbox.o(i.OSMboxCreate), (72 bytes).
    Removing os_mbox.o(i.OSMboxDel), (220 bytes).
    Removing os_mbox.o(i.OSMboxPend), (216 bytes).
    Removing os_mbox.o(i.OSMboxPendAbort), (116 bytes).
    Removing os_mbox.o(i.OSMboxPost), (78 bytes).
    Removing os_mbox.o(i.OSMboxPostOpt), (122 bytes).
    Removing os_mbox.o(i.OSMboxQuery), (62 bytes).
    Removing os_sem.o(i.OSSemAccept), (34 bytes).
    Removing os_sem.o(i.OSSemCreate), (72 bytes).
    Removing os_sem.o(i.OSSemDel), (220 bytes).
    Removing os_sem.o(i.OSSemPend), (196 bytes).
    Removing os_sem.o(i.OSSemPendAbort), (116 bytes).
    Removing os_sem.o(i.OSSemPost), (84 bytes).
    Removing os_sem.o(i.OSSemQuery), (68 bytes).
    Removing os_sem.o(i.OSSemSet), (56 bytes).
    Removing os_task.o(i.OSTaskChangePrio), (356 bytes).
    Removing os_task.o(i.OSTaskDel), (340 bytes).
    Removing os_task.o(i.OSTaskDelReq), (100 bytes).
    Removing os_task.o(i.OSTaskNameGet), (128 bytes).
    Removing os_task.o(i.OSTaskQuery), (84 bytes).
    Removing os_task.o(i.OSTaskResume), (168 bytes).
    Removing os_time.o(i.OSTimeDlyResume), (180 bytes).
    Removing os_time.o(i.OSTimeGet), (24 bytes).
    Removing os_cpu_c.o(i.OSTaskDelHook), (4 bytes).
    Removing os_dbg.o(.constdata), (2 bytes).
    Removing lib_mem.o(i.Mem_Clr), (8 bytes).
    Removing lib_mem.o(i.Mem_Cmp), (160 bytes).
    Removing lib_mem.o(i.Mem_Init), (2 bytes).
    Removing lib_mem.o(i.Mem_Set), (84 bytes).
    Removing lib_str.o(i.Str_Cat), (66 bytes).
    Removing lib_str.o(i.Str_Cat_N), (92 bytes).
    Removing lib_str.o(i.Str_Char), (34 bytes).
    Removing lib_str.o(i.Str_Char_Last), (44 bytes).
    Removing lib_str.o(i.Str_Char_N), (64 bytes).
    Removing lib_str.o(i.Str_Cmp), (116 bytes).
    Removing lib_str.o(i.Str_Cmp_N), (142 bytes).
    Removing lib_str.o(i.Str_Copy), (50 bytes).
    Removing lib_str.o(i.Str_Copy_N), (70 bytes).
    Removing lib_str.o(i.Str_Len), (20 bytes).
    Removing lib_str.o(i.Str_Str), (124 bytes).
    Removing lib_mem_a.o(.text), (544 bytes).
    Removing dadd.o(.text), (330 bytes).
    Removing dmul.o(.text), (226 bytes).
    Removing ddiv.o(.text), (222 bytes).
    Removing dfixul.o(.text), (48 bytes).
    Removing cdrcmple.o(.text), (40 bytes).
    Removing depilogue.o(.text), (194 bytes).

517 unused section(s) (total 24070 bytes) removed from the image.

==============================================================================

Image Symbol Table

    Local Symbols

    Symbol Name                              Value     Ov Type        Size  Object(Section)

    ../../microlib/division.c                0x00000000   Number         0  uidiv.o ABSOLUTE
    ../../microlib/division.c                0x00000000   Number         0  uldiv.o ABSOLUTE
    ../../microlib/fpadd.c                   0x00000000   Number         0  dadd.o ABSOLUTE
    ../../microlib/fpdiv.c                   0x00000000   Number         0  ddiv.o ABSOLUTE
    ../../microlib/fpepilogue.c              0x00000000   Number         0  depilogue.o ABSOLUTE
    ../../microlib/fpfix.c                   0x00000000   Number         0  dfixul.o ABSOLUTE
    ../../microlib/fpmul.c                   0x00000000   Number         0  dmul.o ABSOLUTE
    ../../microlib/init/entry.s              0x00000000   Number         0  entry5.o ABSOLUTE
    ../../microlib/init/entry.s              0x00000000   Number         0  entry7.o ABSOLUTE
    ../../microlib/init/entry.s              0x00000000   Number         0  entry4.o ABSOLUTE
    ../../microlib/init/entry.s              0x00000000   Number         0  entry.o ABSOLUTE
    ../../microlib/longlong.c                0x00000000   Number         0  llshl.o ABSOLUTE
    ../../microlib/longlong.c                0x00000000   Number         0  llushr.o ABSOLUTE
    ../../microlib/longlong.c                0x00000000   Number         0  llsshr.o ABSOLUTE
    ../../microlib/printf/printf.c           0x00000000   Number         0  printf4.o ABSOLUTE
    ../../microlib/printf/printf.c           0x00000000   Number         0  printf3.o ABSOLUTE
    ../../microlib/printf/printf.c           0x00000000   Number         0  printf2.o ABSOLUTE
    ../../microlib/printf/printf.c           0x00000000   Number         0  printf1.o ABSOLUTE
    ../../microlib/printf/printf.c           0x00000000   Number         0  printf0.o ABSOLUTE
    ../../microlib/printf/printf.c           0x00000000   Number         0  printfb.o ABSOLUTE
    ../../microlib/printf/printf.c           0x00000000   Number         0  printfa.o ABSOLUTE
    ../../microlib/printf/printf.c           0x00000000   Number         0  printf8.o ABSOLUTE
    ../../microlib/printf/printf.c           0x00000000   Number         0  printf7.o ABSOLUTE
    ../../microlib/printf/printf.c           0x00000000   Number         0  printf6.o ABSOLUTE
    ../../microlib/printf/printf.c           0x00000000   Number         0  printf5.o ABSOLUTE
    ../../microlib/printf/stubs.s            0x00000000   Number         0  stubs.o ABSOLUTE
    ../../microlib/stdio/streams.c           0x00000000   Number         0  stdout.o ABSOLUTE
    ../../microlib/stubs.s                   0x00000000   Number         0  iusefp.o ABSOLUTE
    ..\BSP\bsp.c                             0x00000000   Number         0  bsp.o ABSOLUTE
    ..\BSP\bsp_int.c                         0x00000000   Number         0  bsp_int.o ABSOLUTE
    ..\BSP\init.s                            0x00000000   Number         0  init.o ABSOLUTE
    ..\FWlib\SRC\misc.c                      0x00000000   Number         0  misc.o ABSOLUTE
    ..\FWlib\SRC\stm32f10x_adc.c             0x00000000   Number         0  stm32f10x_adc.o ABSOLUTE
    ..\FWlib\SRC\stm32f10x_bkp.c             0x00000000   Number         0  stm32f10x_bkp.o ABSOLUTE
    ..\FWlib\SRC\stm32f10x_can.c             0x00000000   Number         0  stm32f10x_can.o ABSOLUTE
    ..\FWlib\SRC\stm32f10x_crc.c             0x00000000   Number         0  stm32f10x_crc.o ABSOLUTE
    ..\FWlib\SRC\stm32f10x_dac.c             0x00000000   Number         0  stm32f10x_dac.o ABSOLUTE
    ..\FWlib\SRC\stm32f10x_dbgmcu.c          0x00000000   Number         0  stm32f10x_dbgmcu.o ABSOLUTE
    ..\FWlib\SRC\stm32f10x_dma.c             0x00000000   Number         0  stm32f10x_dma.o ABSOLUTE
    ..\FWlib\SRC\stm32f10x_exti.c            0x00000000   Number         0  stm32f10x_exti.o ABSOLUTE
    ..\FWlib\SRC\stm32f10x_flash.c           0x00000000   Number         0  stm32f10x_flash.o ABSOLUTE
    ..\FWlib\SRC\stm32f10x_fsmc.c            0x00000000   Number         0  stm32f10x_fsmc.o ABSOLUTE
    ..\FWlib\SRC\stm32f10x_gpio.c            0x00000000   Number         0  stm32f10x_gpio.o ABSOLUTE
    ..\FWlib\SRC\stm32f10x_i2c.c             0x00000000   Number         0  stm32f10x_i2c.o ABSOLUTE
    ..\FWlib\SRC\stm32f10x_iwdg.c            0x00000000   Number         0  stm32f10x_iwdg.o ABSOLUTE
    ..\FWlib\SRC\stm32f10x_pwr.c             0x00000000   Number         0  stm32f10x_pwr.o ABSOLUTE
    ..\FWlib\SRC\stm32f10x_rcc.c             0x00000000   Number         0  stm32f10x_rcc.o ABSOLUTE
    ..\FWlib\SRC\stm32f10x_rtc.c             0x00000000   Number         0  stm32f10x_rtc.o ABSOLUTE
    ..\FWlib\SRC\stm32f10x_sdio.c            0x00000000   Number         0  stm32f10x_sdio.o ABSOLUTE
    ..\FWlib\SRC\stm32f10x_spi.c             0x00000000   Number         0  stm32f10x_spi.o ABSOLUTE
    ..\FWlib\SRC\stm32f10x_tim.c             0x00000000   Number         0  stm32f10x_tim.o ABSOLUTE
    ..\FWlib\SRC\stm32f10x_usart.c           0x00000000   Number         0  stm32f10x_usart.o ABSOLUTE
    ..\FWlib\SRC\stm32f10x_wwdg.c            0x00000000   Number         0  stm32f10x_wwdg.o ABSOLUTE
    ..\FWlib\SRC\system_stm32f10x.c          0x00000000   Number         0  system_stm32f10x.o ABSOLUTE
    ..\uC-CPU\ARM-Cortex-M3\cpu_a.asm        0x00000000   Number         0  cpu_a.o ABSOLUTE
    ..\uC-CPU\ARM-Cortex-M3\cpu_c.c          0x00000000   Number         0  cpu_c.o ABSOLUTE
    ..\uC-LIB\Ports\lib_mem_a.asm            0x00000000   Number         0  lib_mem_a.o ABSOLUTE
    ..\uC-LIB\lib_mem.c                      0x00000000   Number         0  lib_mem.o ABSOLUTE
    ..\uC-LIB\lib_str.c                      0x00000000   Number         0  lib_str.o ABSOLUTE
    ..\uCOS-II\Ports\os_cpu_a.asm            0x00000000   Number         0  os_cpu_a.o ABSOLUTE
    ..\uCOS-II\Ports\os_cpu_c.c              0x00000000   Number         0  os_cpu_c.o ABSOLUTE
    ..\uCOS-II\Ports\os_dbg.c                0x00000000   Number         0  os_dbg.o ABSOLUTE
    ..\uCOS-II\Source\os_core.c              0x00000000   Number         0  os_core.o ABSOLUTE
    ..\uCOS-II\Source\os_flag.c              0x00000000   Number         0  os_flag.o ABSOLUTE
    ..\uCOS-II\Source\os_mbox.c              0x00000000   Number         0  os_mbox.o ABSOLUTE
    ..\uCOS-II\Source\os_mem.c               0x00000000   Number         0  os_mem.o ABSOLUTE
    ..\uCOS-II\Source\os_mutex.c             0x00000000   Number         0  os_mutex.o ABSOLUTE
    ..\uCOS-II\Source\os_q.c                 0x00000000   Number         0  os_q.o ABSOLUTE
    ..\uCOS-II\Source\os_sem.c               0x00000000   Number         0  os_sem.o ABSOLUTE
    ..\uCOS-II\Source\os_task.c              0x00000000   Number         0  os_task.o ABSOLUTE
    ..\uCOS-II\Source\os_time.c              0x00000000   Number         0  os_time.o ABSOLUTE
    ..\uCOS-II\Source\os_tmr.c               0x00000000   Number         0  os_tmr.o ABSOLUTE
    Usart.c                                  0x00000000   Number         0  usart.o ABSOLUTE
    app.c                                    0x00000000   Number         0  app.o ABSOLUTE
    cdrcmple.s                               0x00000000   Number         0  cdrcmple.o ABSOLUTE
    dc.s                                     0x00000000   Number         0  dc.o ABSOLUTE
    handlers.s                               0x00000000   Number         0  handlers.o ABSOLUTE
    init.s                                   0x00000000   Number         0  init.o ABSOLUTE
    vectors.s                                0x00000000   Number         0  vectors.o ABSOLUTE
    VECT                                     0x08000000   Section      248  vectors.o(VECT)
    App_NMI_ISR                              0x080000ed   Thumb Code     2  vectors.o(VECT)
    App_Fault_ISR                            0x080000ef   Thumb Code     2  vectors.o(VECT)
    App_MemFault_ISR                         0x080000f1   Thumb Code     2  vectors.o(VECT)
    App_BusFault_ISR                         0x080000f3   Thumb Code     2  vectors.o(VECT)
    App_UsageFault_ISR                       0x080000f5   Thumb Code     2  vectors.o(VECT)
    App_Spurious_ISR                         0x080000f7   Thumb Code     2  vectors.o(VECT)
    .ARM.Collect$$$$00000000                 0x080000f8   Section        0  entry.o(.ARM.Collect$$$$00000000)
    .ARM.Collect$$$$00000003                 0x080000f8   Section        4  entry4.o(.ARM.Collect$$$$00000003)
    .ARM.Collect$$$$00000004                 0x080000fc   Section        4  entry5.o(.ARM.Collect$$$$00000004)
    .ARM.Collect$$$$00000007                 0x08000100   Section        8  entry7.o(.ARM.Collect$$$$00000007)
    .ARM.Collect$$$$00002714                 0x08000108   Section        4  entry4.o(.ARM.Collect$$$$00002714)
    __lit__00000000                          0x08000108   Data           4  entry4.o(.ARM.Collect$$$$00002714)
    .text                                    0x0800010c   Section       42  cpu_a.o(.text)
    .text                                    0x08000138   Section      164  os_cpu_a.o(.text)
    .text                                    0x080001dc   Section        0  uldiv.o(.text)
    .text                                    0x08000244   Section       36  init.o(.text)
    .text                                    0x08000268   Section        0  llshl.o(.text)
    .text                                    0x08000286   Section        0  llushr.o(.text)
    INIT                                     0x080002a8   Section        8  init.o(INIT)
    i.App_DispScr_SignOn                     0x080002b0   Section        0  app.o(i.App_DispScr_SignOn)
    App_DispScr_SignOn                       0x080002b1   Thumb Code   154  app.o(i.App_DispScr_SignOn)
    i.App_TCBInitHook                        0x08000428   Section        0  app.o(i.App_TCBInitHook)
    i.App_TaskCreateHook                     0x0800042a   Section        0  app.o(i.App_TaskCreateHook)
    i.App_TaskIdleHook                       0x0800042c   Section        0  app.o(i.App_TaskIdleHook)
    i.App_TaskStart                          0x08000430   Section        0  app.o(i.App_TaskStart)
    App_TaskStart                            0x08000431   Thumb Code    52  app.o(i.App_TaskStart)
    i.App_TaskStatHook                       0x08000468   Section        0  app.o(i.App_TaskStatHook)
    i.App_TaskSwHook                         0x0800046a   Section        0  app.o(i.App_TaskSwHook)
    i.BSP_CPU_ClkFreq                        0x0800046c   Section        0  bsp.o(i.BSP_CPU_ClkFreq)
    i.BSP_Init                               0x0800047c   Section        0  bsp.o(i.BSP_Init)
    i.BSP_IntDisAll                          0x08000496   Section        0  bsp_int.o(i.BSP_IntDisAll)
    i.BSP_IntHandler                         0x0800049c   Section        0  bsp_int.o(i.BSP_IntHandler)
    BSP_IntHandler                           0x0800049d   Thumb Code    42  bsp_int.o(i.BSP_IntHandler)
    i.BSP_IntHandlerADC1_2                   0x080004d0   Section        0  bsp_int.o(i.BSP_IntHandlerADC1_2)
    i.BSP_IntHandlerCAN_RX1                  0x080004d6   Section        0  bsp_int.o(i.BSP_IntHandlerCAN_RX1)
    i.BSP_IntHandlerCAN_SCE                  0x080004dc   Section        0  bsp_int.o(i.BSP_IntHandlerCAN_SCE)
    i.BSP_IntHandlerDMA1_CH1                 0x080004e2   Section        0  bsp_int.o(i.BSP_IntHandlerDMA1_CH1)
    i.BSP_IntHandlerDMA1_CH2                 0x080004e8   Section        0  bsp_int.o(i.BSP_IntHandlerDMA1_CH2)
    i.BSP_IntHandlerDMA1_CH3                 0x080004ee   Section        0  bsp_int.o(i.BSP_IntHandlerDMA1_CH3)
    i.BSP_IntHandlerDMA1_CH4                 0x080004f4   Section        0  bsp_int.o(i.BSP_IntHandlerDMA1_CH4)
    i.BSP_IntHandlerDMA1_CH5                 0x080004fa   Section        0  bsp_int.o(i.BSP_IntHandlerDMA1_CH5)
    i.BSP_IntHandlerDMA1_CH6                 0x08000500   Section        0  bsp_int.o(i.BSP_IntHandlerDMA1_CH6)
    i.BSP_IntHandlerDMA1_CH7                 0x08000506   Section        0  bsp_int.o(i.BSP_IntHandlerDMA1_CH7)
    i.BSP_IntHandlerEXTI0                    0x0800050c   Section        0  bsp_int.o(i.BSP_IntHandlerEXTI0)
    i.BSP_IntHandlerEXTI1                    0x08000512   Section        0  bsp_int.o(i.BSP_IntHandlerEXTI1)
    i.BSP_IntHandlerEXTI15_10                0x08000518   Section        0  bsp_int.o(i.BSP_IntHandlerEXTI15_10)
    i.BSP_IntHandlerEXTI2                    0x0800051e   Section        0  bsp_int.o(i.BSP_IntHandlerEXTI2)
    i.BSP_IntHandlerEXTI3                    0x08000524   Section        0  bsp_int.o(i.BSP_IntHandlerEXTI3)
    i.BSP_IntHandlerEXTI4                    0x0800052a   Section        0  bsp_int.o(i.BSP_IntHandlerEXTI4)
    i.BSP_IntHandlerEXTI9_5                  0x08000530   Section        0  bsp_int.o(i.BSP_IntHandlerEXTI9_5)
    i.BSP_IntHandlerFLASH                    0x08000536   Section        0  bsp_int.o(i.BSP_IntHandlerFLASH)
    i.BSP_IntHandlerI2C1_ER                  0x0800053c   Section        0  bsp_int.o(i.BSP_IntHandlerI2C1_ER)
    i.BSP_IntHandlerI2C1_EV                  0x08000542   Section        0  bsp_int.o(i.BSP_IntHandlerI2C1_EV)
    i.BSP_IntHandlerI2C2_ER                  0x08000548   Section        0  bsp_int.o(i.BSP_IntHandlerI2C2_ER)
    i.BSP_IntHandlerI2C2_EV                  0x0800054e   Section        0  bsp_int.o(i.BSP_IntHandlerI2C2_EV)
    i.BSP_IntHandlerPVD                      0x08000554   Section        0  bsp_int.o(i.BSP_IntHandlerPVD)
    i.BSP_IntHandlerRCC                      0x0800055a   Section        0  bsp_int.o(i.BSP_IntHandlerRCC)
    i.BSP_IntHandlerRTC                      0x08000560   Section        0  bsp_int.o(i.BSP_IntHandlerRTC)
    i.BSP_IntHandlerRTCAlarm                 0x08000566   Section        0  bsp_int.o(i.BSP_IntHandlerRTCAlarm)
    i.BSP_IntHandlerSPI1                     0x0800056c   Section        0  bsp_int.o(i.BSP_IntHandlerSPI1)
    i.BSP_IntHandlerSPI2                     0x08000572   Section        0  bsp_int.o(i.BSP_IntHandlerSPI2)
    i.BSP_IntHandlerTAMPER                   0x08000578   Section        0  bsp_int.o(i.BSP_IntHandlerTAMPER)
    i.BSP_IntHandlerTIM1_BRK                 0x0800057e   Section        0  bsp_int.o(i.BSP_IntHandlerTIM1_BRK)
    i.BSP_IntHandlerTIM1_CC                  0x08000584   Section        0  bsp_int.o(i.BSP_IntHandlerTIM1_CC)
    i.BSP_IntHandlerTIM1_TRG_COM             0x0800058a   Section        0  bsp_int.o(i.BSP_IntHandlerTIM1_TRG_COM)
    i.BSP_IntHandlerTIM1_UP                  0x08000590   Section        0  bsp_int.o(i.BSP_IntHandlerTIM1_UP)
    i.BSP_IntHandlerTIM2                     0x08000596   Section        0  bsp_int.o(i.BSP_IntHandlerTIM2)
    i.BSP_IntHandlerTIM3                     0x0800059c   Section        0  bsp_int.o(i.BSP_IntHandlerTIM3)
    i.BSP_IntHandlerTIM4                     0x080005a2   Section        0  bsp_int.o(i.BSP_IntHandlerTIM4)
    i.BSP_IntHandlerUSART1                   0x080005a8   Section        0  bsp_int.o(i.BSP_IntHandlerUSART1)
    i.BSP_IntHandlerUSART2                   0x080005ae   Section        0  bsp_int.o(i.BSP_IntHandlerUSART2)
    i.BSP_IntHandlerUSART3                   0x080005b4   Section        0  bsp_int.o(i.BSP_IntHandlerUSART3)
    i.BSP_IntHandlerUSBWakeUp                0x080005ba   Section        0  bsp_int.o(i.BSP_IntHandlerUSBWakeUp)
    i.BSP_IntHandlerUSB_HP_CAN_TX            0x080005c0   Section        0  bsp_int.o(i.BSP_IntHandlerUSB_HP_CAN_TX)
    i.BSP_IntHandlerUSB_LP_CAN_RX0           0x080005c6   Section        0  bsp_int.o(i.BSP_IntHandlerUSB_LP_CAN_RX0)
    i.BSP_IntHandlerWWDG                     0x080005cc   Section        0  bsp_int.o(i.BSP_IntHandlerWWDG)
    i.FLASH_PrefetchBufferCmd                0x080005d4   Section        0  stm32f10x_flash.o(i.FLASH_PrefetchBufferCmd)
    i.FLASH_SetLatency                       0x080005ec   Section        0  stm32f10x_flash.o(i.FLASH_SetLatency)
    i.GPIO_Configuration                     0x08000600   Section        0  bsp.o(i.GPIO_Configuration)
    i.GPIO_Init                              0x08000668   Section        0  stm32f10x_gpio.o(i.GPIO_Init)
    i.GPIO_ResetBits                         0x08000722   Section        0  stm32f10x_gpio.o(i.GPIO_ResetBits)
    i.GPIO_SetBits                           0x08000726   Section        0  stm32f10x_gpio.o(i.GPIO_SetBits)
    i.NVIC_Configuration                     0x0800072a   Section        0  bsp.o(i.NVIC_Configuration)
    i.NVIC_PriorityGroupConfig               0x08000744   Section        0  misc.o(i.NVIC_PriorityGroupConfig)
    i.NVIC_SetVectorTable                    0x08000758   Section        0  misc.o(i.NVIC_SetVectorTable)
    i.OSInit                                 0x0800076c   Section        0  os_core.o(i.OSInit)
    i.OSInitHookBegin                        0x08000796   Section        0  os_cpu_c.o(i.OSInitHookBegin)
    i.OSInitHookEnd                          0x08000798   Section        0  os_cpu_c.o(i.OSInitHookEnd)
    i.OSIntExit                              0x0800079c   Section        0  os_core.o(i.OSIntExit)
    i.OSStart                                0x080007f4   Section        0  os_core.o(i.OSStart)
    i.OSStatInit                             0x08000824   Section        0  os_core.o(i.OSStatInit)
    i.OSTCBInitHook                          0x08000858   Section        0  os_cpu_c.o(i.OSTCBInitHook)
    i.OSTaskCreate                           0x0800085c   Section        0  os_task.o(i.OSTaskCreate)
    i.OSTaskCreateExt                        0x080008f0   Section        0  os_task.o(i.OSTaskCreateExt)
    i.OSTaskCreateHook                       0x080009a0   Section        0  os_cpu_c.o(i.OSTaskCreateHook)
    i.OSTaskIdleHook                         0x080009a4   Section        0  os_cpu_c.o(i.OSTaskIdleHook)
    i.OSTaskNameSet                          0x080009a8   Section        0  os_task.o(i.OSTaskNameSet)
    i.OSTaskStatHook                         0x08000a34   Section        0  os_cpu_c.o(i.OSTaskStatHook)
    i.OSTaskStkChk                           0x08000a38   Section        0  os_task.o(i.OSTaskStkChk)
    i.OSTaskStkInit                          0x08000ac8   Section        0  os_cpu_c.o(i.OSTaskStkInit)
    i.OSTaskSuspend                          0x08000b3c   Section        0  os_task.o(i.OSTaskSuspend)
    i.OSTaskSwHook                           0x08000bd8   Section        0  os_cpu_c.o(i.OSTaskSwHook)
    i.OSTimeDly                              0x08000bdc   Section        0  os_time.o(i.OSTimeDly)
    i.OSTimeDlyHMSM                          0x08000c38   Section        0  os_time.o(i.OSTimeDlyHMSM)
    i.OSTimeSet                              0x08000ca0   Section        0  os_time.o(i.OSTimeSet)
    i.OSTimeTick                             0x08000cb8   Section        0  os_core.o(i.OSTimeTick)
    i.OSTimeTickHook                         0x08000d7c   Section        0  os_cpu_c.o(i.OSTimeTickHook)
    i.OSVersion                              0x08000d7e   Section        0  os_core.o(i.OSVersion)
    i.OS_CPU_SysTickClkFreq                  0x08000d84   Section        0  bsp.o(i.OS_CPU_SysTickClkFreq)
    i.OS_CPU_SysTickHandler                  0x08000d88   Section        0  os_cpu_c.o(i.OS_CPU_SysTickHandler)
    i.OS_CPU_SysTickInit                     0x08000dac   Section        0  os_cpu_c.o(i.OS_CPU_SysTickInit)
    i.OS_FlagInit                            0x08000dd4   Section        0  os_flag.o(i.OS_FlagInit)
    i.OS_InitEventList                       0x08000e1c   Section        0  os_core.o(i.OS_InitEventList)
    OS_InitEventList                         0x08000e1d   Thumb Code    66  os_core.o(i.OS_InitEventList)
    i.OS_InitMisc                            0x08000e68   Section        0  os_core.o(i.OS_InitMisc)
    OS_InitMisc                              0x08000e69   Thumb Code    26  os_core.o(i.OS_InitMisc)
    i.OS_InitRdyList                         0x08000e88   Section        0  os_core.o(i.OS_InitRdyList)
    OS_InitRdyList                           0x08000e89   Thumb Code    34  os_core.o(i.OS_InitRdyList)
    i.OS_InitTCBList                         0x08000eb0   Section        0  os_core.o(i.OS_InitTCBList)
    OS_InitTCBList                           0x08000eb1   Thumb Code    76  os_core.o(i.OS_InitTCBList)
    i.OS_InitTaskIdle                        0x08000f08   Section        0  os_core.o(i.OS_InitTaskIdle)
    OS_InitTaskIdle                          0x08000f09   Thumb Code    54  os_core.o(i.OS_InitTaskIdle)
    i.OS_InitTaskStat                        0x08000f58   Section        0  os_core.o(i.OS_InitTaskStat)
    OS_InitTaskStat                          0x08000f59   Thumb Code    54  os_core.o(i.OS_InitTaskStat)
    i.OS_MemClr                              0x08000fa8   Section        0  os_core.o(i.OS_MemClr)
    i.OS_Sched                               0x08000fbc   Section        0  os_core.o(i.OS_Sched)
    i.OS_SchedNew                            0x08001004   Section        0  os_core.o(i.OS_SchedNew)
    OS_SchedNew                              0x08001005   Thumb Code    24  os_core.o(i.OS_SchedNew)
    i.OS_StrCopy                             0x08001024   Section        0  os_core.o(i.OS_StrCopy)
    i.OS_StrLen                              0x08001044   Section        0  os_core.o(i.OS_StrLen)
    i.OS_TCBInit                             0x0800105c   Section        0  os_core.o(i.OS_TCBInit)
    i.OS_TaskIdle                            0x08001168   Section        0  os_core.o(i.OS_TaskIdle)
    i.OS_TaskStat                            0x08001184   Section        0  os_core.o(i.OS_TaskStat)
    i.OS_TaskStatStkChk                      0x080011e4   Section        0  os_core.o(i.OS_TaskStatStkChk)
    i.OS_TaskStkClr                          0x08001220   Section        0  os_task.o(i.OS_TaskStkClr)
    i.RCC_APB2PeriphClockCmd                 0x08001240   Section        0  stm32f10x_rcc.o(i.RCC_APB2PeriphClockCmd)
    i.RCC_Configuration                      0x0800125c   Section        0  bsp.o(i.RCC_Configuration)
    i.RCC_DeInit                             0x080012d0   Section        0  stm32f10x_rcc.o(i.RCC_DeInit)
    i.RCC_GetClocksFreq                      0x0800130c   Section        0  stm32f10x_rcc.o(i.RCC_GetClocksFreq)
    i.RCC_GetFlagStatus                      0x080013c0   Section        0  stm32f10x_rcc.o(i.RCC_GetFlagStatus)
    i.RCC_GetSYSCLKSource                    0x080013f0   Section        0  stm32f10x_rcc.o(i.RCC_GetSYSCLKSource)
    i.RCC_HCLKConfig                         0x08001400   Section        0  stm32f10x_rcc.o(i.RCC_HCLKConfig)
    i.RCC_HSEConfig                          0x08001414   Section        0  stm32f10x_rcc.o(i.RCC_HSEConfig)
    i.RCC_PCLK1Config                        0x0800144c   Section        0  stm32f10x_rcc.o(i.RCC_PCLK1Config)
    i.RCC_PCLK2Config                        0x08001460   Section        0  stm32f10x_rcc.o(i.RCC_PCLK2Config)
    i.RCC_PLLCmd                             0x08001474   Section        0  stm32f10x_rcc.o(i.RCC_PLLCmd)
    i.RCC_PLLConfig                          0x08001480   Section        0  stm32f10x_rcc.o(i.RCC_PLLConfig)
    i.RCC_SYSCLKConfig                       0x08001494   Section        0  stm32f10x_rcc.o(i.RCC_SYSCLKConfig)
    i.RCC_WaitForHSEStartUp                  0x080014a8   Section        0  stm32f10x_rcc.o(i.RCC_WaitForHSEStartUp)
    i.USART1_Config                          0x080014cc   Section        0  usart.o(i.USART1_Config)
    i.USART_Cmd                              0x08001504   Section        0  stm32f10x_usart.o(i.USART_Cmd)
    i.USART_Init                             0x0800151c   Section        0  stm32f10x_usart.o(i.USART_Init)
    i.__0printf$4                            0x080015b0   Section        0  printf4.o(i.__0printf$4)
    i.__scatterload_copy                     0x080015d0   Section       14  handlers.o(i.__scatterload_copy)
    i.__scatterload_null                     0x080015de   Section        2  handlers.o(i.__scatterload_null)
    i.__scatterload_zeroinit                 0x080015e0   Section       14  handlers.o(i.__scatterload_zeroinit)
    i._printf_core                           0x080015f0   Section        0  printf4.o(i._printf_core)
    _printf_core                             0x080015f1   Thumb Code   544  printf4.o(i._printf_core)
    i.fputc                                  0x08001814   Section        0  usart.o(i.fputc)
    i.main                                   0x08001830   Section        0  app.o(i.main)
    .constdata                               0x080018b0   Section      256  os_core.o(.constdata)
    .data                                    0x20000000   Section       20  stm32f10x_rcc.o(.data)
    ADCPrescTable                            0x20000000   Data           4  stm32f10x_rcc.o(.data)
    APBAHBPrescTable                         0x20000004   Data          16  stm32f10x_rcc.o(.data)
    .data                                    0x20000014   Section       56  os_core.o(.data)
    .data                                    0x2000004c   Section        4  os_core.o(.data)
    .data                                    0x20000050   Section        4  stdout.o(.data)
    .bss                                     0x20000080   Section      512  app.o(.bss)
    App_TaskStartStk                         0x20000080   Data         512  app.o(.bss)
    .bss                                     0x20000280   Section      168  bsp_int.o(.bss)
    BSP_IntVectTbl                           0x20000280   Data         168  bsp_int.o(.bss)
    .bss                                     0x20000340   Section     2576  os_core.o(.bss)
    .bss                                     0x20000d80   Section      140  os_core.o(.bss)

    Global Symbols

    Symbol Name                              Value     Ov Type        Size  Object(Section)

    BuildAttributes$$THM_ISAv4$P$D$K$B$S$PE$A:L22UL41UL21$X:L11$S22US41US21$IEEE1$IW$USESV6$~STKCKD$USESV7$~SHL$OTIME$ROPI$EBA8$MICROLIB$REQ8$PRES8$EABIv2 0x00000000   Number         0  anon$$obj.o ABSOLUTE
    __ARM_use_no_argv                        0x00000000   Number         0  app.o ABSOLUTE
    _printf_a                                0x00000000   Number         0  stubs.o ABSOLUTE
    _printf_c                                0x00000000   Number         0  stubs.o ABSOLUTE
    _printf_charcount                        0x00000000   Number         0  stubs.o ABSOLUTE
    _printf_d                                0x00000000   Number         0  stubs.o ABSOLUTE
    _printf_e                                0x00000000   Number         0  stubs.o ABSOLUTE
    _printf_f                                0x00000000   Number         0  stubs.o ABSOLUTE
    _printf_flags                            0x00000000   Number         0  stubs.o ABSOLUTE
    _printf_fp_dec                           0x00000000   Number         0  stubs.o ABSOLUTE
    _printf_fp_hex                           0x00000000   Number         0  stubs.o ABSOLUTE
    _printf_g                                0x00000000   Number         0  stubs.o ABSOLUTE
    _printf_i                                0x00000000   Number         0  stubs.o ABSOLUTE
    _printf_int_dec                          0x00000000   Number         0  stubs.o ABSOLUTE
    _printf_l                                0x00000000   Number         0  stubs.o ABSOLUTE
    _printf_lc                               0x00000000   Number         0  stubs.o ABSOLUTE
    _printf_ll                               0x00000000   Number         0  stubs.o ABSOLUTE
    _printf_lld                              0x00000000   Number         0  stubs.o ABSOLUTE
    _printf_lli                              0x00000000   Number         0  stubs.o ABSOLUTE
    _printf_llo                              0x00000000   Number         0  stubs.o ABSOLUTE
    _printf_llu                              0x00000000   Number         0  stubs.o ABSOLUTE
    _printf_llx                              0x00000000   Number         0  stubs.o ABSOLUTE
    _printf_longlong_dec                     0x00000000   Number         0  stubs.o ABSOLUTE
    _printf_longlong_hex                     0x00000000   Number         0  stubs.o ABSOLUTE
    _printf_longlong_oct                     0x00000000   Number         0  stubs.o ABSOLUTE
    _printf_ls                               0x00000000   Number         0  stubs.o ABSOLUTE
    _printf_mbtowc                           0x00000000   Number         0  stubs.o ABSOLUTE
    _printf_n                                0x00000000   Number         0  stubs.o ABSOLUTE
    _printf_o                                0x00000000   Number         0  stubs.o ABSOLUTE
    _printf_p                                0x00000000   Number         0  stubs.o ABSOLUTE
    _printf_percent                          0x00000000   Number         0  stubs.o ABSOLUTE
    _printf_pre_padding                      0x00000000   Number         0  stubs.o ABSOLUTE
    _printf_return_value                     0x00000000   Number         0  stubs.o ABSOLUTE
    _printf_s                                0x00000000   Number         0  stubs.o ABSOLUTE
    _printf_sizespec                         0x00000000   Number         0  stubs.o ABSOLUTE
    _printf_str                              0x00000000   Number         0  stubs.o ABSOLUTE
    _printf_truncate_signed                  0x00000000   Number         0  stubs.o ABSOLUTE
    _printf_truncate_unsigned                0x00000000   Number         0  stubs.o ABSOLUTE
    _printf_u                                0x00000000   Number         0  stubs.o ABSOLUTE
    _printf_wc                               0x00000000   Number         0  stubs.o ABSOLUTE
    _printf_wctomb                           0x00000000   Number         0  stubs.o ABSOLUTE
    _printf_widthprec                        0x00000000   Number         0  stubs.o ABSOLUTE
    _printf_x                                0x00000000   Number         0  stubs.o ABSOLUTE
    __decompress                              - Undefined Weak Reference
    __main                                   0x080000f9   Thumb Code     0  entry.o(.ARM.Collect$$$$00000000)
    _main_stk                                0x080000f9   Thumb Code     0  entry4.o(.ARM.Collect$$$$00000003)
    _main_scatterload                        0x080000fd   Thumb Code     0  entry5.o(.ARM.Collect$$$$00000004)
    __main_after_scatterload                 0x08000101   Thumb Code     0  entry5.o(.ARM.Collect$$$$00000004)
    _main_init                               0x08000101   Thumb Code     0  entry7.o(.ARM.Collect$$$$00000007)
    CPU_IntDis                               0x0800010d   Thumb Code     0  cpu_a.o(.text)
    CPU_IntEn                                0x08000111   Thumb Code     0  cpu_a.o(.text)
    CPU_SR_Save                              0x08000115   Thumb Code     0  cpu_a.o(.text)
    CPU_SR_Restore                           0x0800011d   Thumb Code     0  cpu_a.o(.text)
    CPU_CntLeadZeros                         0x08000123   Thumb Code     0  cpu_a.o(.text)
    CPU_RevBits                              0x08000129   Thumb Code     0  cpu_a.o(.text)
    CPU_WaitForInt                           0x0800012f   Thumb Code     0  cpu_a.o(.text)
    CPU_WaitForExcept                        0x08000133   Thumb Code     0  cpu_a.o(.text)
    OS_CPU_SR_Save                           0x08000139   Thumb Code     0  os_cpu_a.o(.text)
    OS_CPU_SR_Restore                        0x08000141   Thumb Code     0  os_cpu_a.o(.text)
    OSStartHighRdy                           0x08000147   Thumb Code     0  os_cpu_a.o(.text)
    OSCtxSw                                  0x08000167   Thumb Code     0  os_cpu_a.o(.text)
    OSIntCtxSw                               0x08000171   Thumb Code     0  os_cpu_a.o(.text)
    OS_CPU_PendSVHandler                     0x0800017b   Thumb Code     0  os_cpu_a.o(.text)
    __aeabi_uldivmod                         0x080001dd   Thumb Code   102  uldiv.o(.text)
    __scatterload                            0x08000245   Thumb Code    28  init.o(.text)
    __scatterload_rt2                        0x08000245   Thumb Code     0  init.o(.text)
    __aeabi_llsl                             0x08000269   Thumb Code    30  llshl.o(.text)
    _ll_shift_l                              0x08000269   Thumb Code     0  llshl.o(.text)
    __aeabi_llsr                             0x08000287   Thumb Code    32  llushr.o(.text)
    _ll_ushift_r                             0x08000287   Thumb Code     0  llushr.o(.text)
    ResetHndlr                               0x080002a9   Thumb Code     0  init.o(INIT)
    App_TCBInitHook                          0x08000429   Thumb Code     2  app.o(i.App_TCBInitHook)
    App_TaskCreateHook                       0x0800042b   Thumb Code     2  app.o(i.App_TaskCreateHook)
    App_TaskIdleHook                         0x0800042d   Thumb Code     2  app.o(i.App_TaskIdleHook)
    App_TaskStatHook                         0x08000469   Thumb Code     2  app.o(i.App_TaskStatHook)
    App_TaskSwHook                           0x0800046b   Thumb Code     2  app.o(i.App_TaskSwHook)
    BSP_CPU_ClkFreq                          0x0800046d   Thumb Code    16  bsp.o(i.BSP_CPU_ClkFreq)
    BSP_Init                                 0x0800047d   Thumb Code    26  bsp.o(i.BSP_Init)
    BSP_IntDisAll                            0x08000497   Thumb Code     4  bsp_int.o(i.BSP_IntDisAll)
    BSP_IntHandlerADC1_2                     0x080004d1   Thumb Code     6  bsp_int.o(i.BSP_IntHandlerADC1_2)
    BSP_IntHandlerCAN_RX1                    0x080004d7   Thumb Code     6  bsp_int.o(i.BSP_IntHandlerCAN_RX1)
    BSP_IntHandlerCAN_SCE                    0x080004dd   Thumb Code     6  bsp_int.o(i.BSP_IntHandlerCAN_SCE)
    BSP_IntHandlerDMA1_CH1                   0x080004e3   Thumb Code     6  bsp_int.o(i.BSP_IntHandlerDMA1_CH1)
    BSP_IntHandlerDMA1_CH2                   0x080004e9   Thumb Code     6  bsp_int.o(i.BSP_IntHandlerDMA1_CH2)
    BSP_IntHandlerDMA1_CH3                   0x080004ef   Thumb Code     6  bsp_int.o(i.BSP_IntHandlerDMA1_CH3)
    BSP_IntHandlerDMA1_CH4                   0x080004f5   Thumb Code     6  bsp_int.o(i.BSP_IntHandlerDMA1_CH4)
    BSP_IntHandlerDMA1_CH5                   0x080004fb   Thumb Code     6  bsp_int.o(i.BSP_IntHandlerDMA1_CH5)
    BSP_IntHandlerDMA1_CH6                   0x08000501   Thumb Code     6  bsp_int.o(i.BSP_IntHandlerDMA1_CH6)
    BSP_IntHandlerDMA1_CH7                   0x08000507   Thumb Code     6  bsp_int.o(i.BSP_IntHandlerDMA1_CH7)
    BSP_IntHandlerEXTI0                      0x0800050d   Thumb Code     6  bsp_int.o(i.BSP_IntHandlerEXTI0)
    BSP_IntHandlerEXTI1                      0x08000513   Thumb Code     6  bsp_int.o(i.BSP_IntHandlerEXTI1)
    BSP_IntHandlerEXTI15_10                  0x08000519   Thumb Code     6  bsp_int.o(i.BSP_IntHandlerEXTI15_10)
    BSP_IntHandlerEXTI2                      0x0800051f   Thumb Code     6  bsp_int.o(i.BSP_IntHandlerEXTI2)
    BSP_IntHandlerEXTI3                      0x08000525   Thumb Code     6  bsp_int.o(i.BSP_IntHandlerEXTI3)
    BSP_IntHandlerEXTI4                      0x0800052b   Thumb Code     6  bsp_int.o(i.BSP_IntHandlerEXTI4)
    BSP_IntHandlerEXTI9_5                    0x08000531   Thumb Code     6  bsp_int.o(i.BSP_IntHandlerEXTI9_5)
    BSP_IntHandlerFLASH                      0x08000537   Thumb Code     6  bsp_int.o(i.BSP_IntHandlerFLASH)
    BSP_IntHandlerI2C1_ER                    0x0800053d   Thumb Code     6  bsp_int.o(i.BSP_IntHandlerI2C1_ER)
    BSP_IntHandlerI2C1_EV                    0x08000543   Thumb Code     6  bsp_int.o(i.BSP_IntHandlerI2C1_EV)
    BSP_IntHandlerI2C2_ER                    0x08000549   Thumb Code     6  bsp_int.o(i.BSP_IntHandlerI2C2_ER)
    BSP_IntHandlerI2C2_EV                    0x0800054f   Thumb Code     6  bsp_int.o(i.BSP_IntHandlerI2C2_EV)
    BSP_IntHandlerPVD                        0x08000555   Thumb Code     6  bsp_int.o(i.BSP_IntHandlerPVD)
    BSP_IntHandlerRCC                        0x0800055b   Thumb Code     6  bsp_int.o(i.BSP_IntHandlerRCC)
    BSP_IntHandlerRTC                        0x08000561   Thumb Code     6  bsp_int.o(i.BSP_IntHandlerRTC)
    BSP_IntHandlerRTCAlarm                   0x08000567   Thumb Code     6  bsp_int.o(i.BSP_IntHandlerRTCAlarm)
    BSP_IntHandlerSPI1                       0x0800056d   Thumb Code     6  bsp_int.o(i.BSP_IntHandlerSPI1)
    BSP_IntHandlerSPI2                       0x08000573   Thumb Code     6  bsp_int.o(i.BSP_IntHandlerSPI2)
    BSP_IntHandlerTAMPER                     0x08000579   Thumb Code     6  bsp_int.o(i.BSP_IntHandlerTAMPER)
    BSP_IntHandlerTIM1_BRK                   0x0800057f   Thumb Code     6  bsp_int.o(i.BSP_IntHandlerTIM1_BRK)
    BSP_IntHandlerTIM1_CC                    0x08000585   Thumb Code     6  bsp_int.o(i.BSP_IntHandlerTIM1_CC)
    BSP_IntHandlerTIM1_TRG_COM               0x0800058b   Thumb Code     6  bsp_int.o(i.BSP_IntHandlerTIM1_TRG_COM)
    BSP_IntHandlerTIM1_UP                    0x08000591   Thumb Code     6  bsp_int.o(i.BSP_IntHandlerTIM1_UP)
    BSP_IntHandlerTIM2                       0x08000597   Thumb Code     6  bsp_int.o(i.BSP_IntHandlerTIM2)
    BSP_IntHandlerTIM3                       0x0800059d   Thumb Code     6  bsp_int.o(i.BSP_IntHandlerTIM3)
    BSP_IntHandlerTIM4                       0x080005a3   Thumb Code     6  bsp_int.o(i.BSP_IntHandlerTIM4)
    BSP_IntHandlerUSART1                     0x080005a9   Thumb Code     6  bsp_int.o(i.BSP_IntHandlerUSART1)
    BSP_IntHandlerUSART2                     0x080005af   Thumb Code     6  bsp_int.o(i.BSP_IntHandlerUSART2)
    BSP_IntHandlerUSART3                     0x080005b5   Thumb Code     6  bsp_int.o(i.BSP_IntHandlerUSART3)
    BSP_IntHandlerUSBWakeUp                  0x080005bb   Thumb Code     6  bsp_int.o(i.BSP_IntHandlerUSBWakeUp)
    BSP_IntHandlerUSB_HP_CAN_TX              0x080005c1   Thumb Code     6  bsp_int.o(i.BSP_IntHandlerUSB_HP_CAN_TX)
    BSP_IntHandlerUSB_LP_CAN_RX0             0x080005c7   Thumb Code     6  bsp_int.o(i.BSP_IntHandlerUSB_LP_CAN_RX0)
    BSP_IntHandlerWWDG                       0x080005cd   Thumb Code     6  bsp_int.o(i.BSP_IntHandlerWWDG)
    FLASH_PrefetchBufferCmd                  0x080005d5   Thumb Code    18  stm32f10x_flash.o(i.FLASH_PrefetchBufferCmd)
    FLASH_SetLatency                         0x080005ed   Thumb Code    14  stm32f10x_flash.o(i.FLASH_SetLatency)
    GPIO_Configuration                       0x08000601   Thumb Code    92  bsp.o(i.GPIO_Configuration)
    GPIO_Init                                0x08000669   Thumb Code   186  stm32f10x_gpio.o(i.GPIO_Init)
    GPIO_ResetBits                           0x08000723   Thumb Code     4  stm32f10x_gpio.o(i.GPIO_ResetBits)
    GPIO_SetBits                             0x08000727   Thumb Code     4  stm32f10x_gpio.o(i.GPIO_SetBits)
    NVIC_Configuration                       0x0800072b   Thumb Code    24  bsp.o(i.NVIC_Configuration)
    NVIC_PriorityGroupConfig                 0x08000745   Thumb Code    14  misc.o(i.NVIC_PriorityGroupConfig)
    NVIC_SetVectorTable                      0x08000759   Thumb Code    16  misc.o(i.NVIC_SetVectorTable)
    OSInit                                   0x0800076d   Thumb Code    42  os_core.o(i.OSInit)
    OSInitHookBegin                          0x08000797   Thumb Code     2  os_cpu_c.o(i.OSInitHookBegin)
    OSInitHookEnd                            0x08000799   Thumb Code     2  os_cpu_c.o(i.OSInitHookEnd)
    OSIntExit                                0x0800079d   Thumb Code    80  os_core.o(i.OSIntExit)
    OSStart                                  0x080007f5   Thumb Code    38  os_core.o(i.OSStart)
    OSStatInit                               0x08000825   Thumb Code    48  os_core.o(i.OSStatInit)
    OSTCBInitHook                            0x08000859   Thumb Code     4  os_cpu_c.o(i.OSTCBInitHook)
    OSTaskCreate                             0x0800085d   Thumb Code   136  os_task.o(i.OSTaskCreate)
    OSTaskCreateExt                          0x080008f1   Thumb Code   162  os_task.o(i.OSTaskCreateExt)
    OSTaskCreateHook                         0x080009a1   Thumb Code     4  os_cpu_c.o(i.OSTaskCreateHook)
    OSTaskIdleHook                           0x080009a5   Thumb Code     4  os_cpu_c.o(i.OSTaskIdleHook)
    OSTaskNameSet                            0x080009a9   Thumb Code   128  os_task.o(i.OSTaskNameSet)
    OSTaskStatHook                           0x08000a35   Thumb Code     4  os_cpu_c.o(i.OSTaskStatHook)
    OSTaskStkChk                             0x08000a39   Thumb Code   134  os_task.o(i.OSTaskStkChk)
    OSTaskStkInit                            0x08000ac9   Thumb Code   114  os_cpu_c.o(i.OSTaskStkInit)
    OSTaskSuspend                            0x08000b3d   Thumb Code   138  os_task.o(i.OSTaskSuspend)
    OSTaskSwHook                             0x08000bd9   Thumb Code     4  os_cpu_c.o(i.OSTaskSwHook)
    OSTimeDly                                0x08000bdd   Thumb Code    76  os_time.o(i.OSTimeDly)
    OSTimeDlyHMSM                            0x08000c39   Thumb Code   100  os_time.o(i.OSTimeDlyHMSM)
    OSTimeSet                                0x08000ca1   Thumb Code    20  os_time.o(i.OSTimeSet)
    OSTimeTick                               0x08000cb9   Thumb Code   186  os_core.o(i.OSTimeTick)
    OSTimeTickHook                           0x08000d7d   Thumb Code     2  os_cpu_c.o(i.OSTimeTickHook)
    OSVersion                                0x08000d7f   Thumb Code     6  os_core.o(i.OSVersion)
    OS_CPU_SysTickClkFreq                    0x08000d85   Thumb Code     4  bsp.o(i.OS_CPU_SysTickClkFreq)
    OS_CPU_SysTickHandler                    0x08000d89   Thumb Code    30  os_cpu_c.o(i.OS_CPU_SysTickHandler)
    OS_CPU_SysTickInit                       0x08000dad   Thumb Code    40  os_cpu_c.o(i.OS_CPU_SysTickInit)
    OS_FlagInit                              0x08000dd5   Thumb Code    64  os_flag.o(i.OS_FlagInit)
    OS_MemClr                                0x08000fa9   Thumb Code    20  os_core.o(i.OS_MemClr)
    OS_Sched                                 0x08000fbd   Thumb Code    64  os_core.o(i.OS_Sched)
    OS_StrCopy                               0x08001025   Thumb Code    32  os_core.o(i.OS_StrCopy)
    OS_StrLen                                0x08001045   Thumb Code    22  os_core.o(i.OS_StrLen)
    OS_TCBInit                               0x0800105d   Thumb Code   256  os_core.o(i.OS_TCBInit)
    OS_TaskIdle                              0x08001169   Thumb Code    22  os_core.o(i.OS_TaskIdle)
    OS_TaskStat                              0x08001185   Thumb Code    86  os_core.o(i.OS_TaskStat)
    OS_TaskStatStkChk                        0x080011e5   Thumb Code    54  os_core.o(i.OS_TaskStatStkChk)
    OS_TaskStkClr                            0x08001221   Thumb Code    30  os_task.o(i.OS_TaskStkClr)
    RCC_APB2PeriphClockCmd                   0x08001241   Thumb Code    22  stm32f10x_rcc.o(i.RCC_APB2PeriphClockCmd)
    RCC_Configuration                        0x0800125d   Thumb Code   116  bsp.o(i.RCC_Configuration)
    RCC_DeInit                               0x080012d1   Thumb Code    52  stm32f10x_rcc.o(i.RCC_DeInit)
    RCC_GetClocksFreq                        0x0800130d   Thumb Code   162  stm32f10x_rcc.o(i.RCC_GetClocksFreq)
    RCC_GetFlagStatus                        0x080013c1   Thumb Code    44  stm32f10x_rcc.o(i.RCC_GetFlagStatus)
    RCC_GetSYSCLKSource                      0x080013f1   Thumb Code    10  stm32f10x_rcc.o(i.RCC_GetSYSCLKSource)
    RCC_HCLKConfig                           0x08001401   Thumb Code    14  stm32f10x_rcc.o(i.RCC_HCLKConfig)
    RCC_HSEConfig                            0x08001415   Thumb Code    50  stm32f10x_rcc.o(i.RCC_HSEConfig)
    RCC_PCLK1Config                          0x0800144d   Thumb Code    14  stm32f10x_rcc.o(i.RCC_PCLK1Config)
    RCC_PCLK2Config                          0x08001461   Thumb Code    16  stm32f10x_rcc.o(i.RCC_PCLK2Config)
    RCC_PLLCmd                               0x08001475   Thumb Code     6  stm32f10x_rcc.o(i.RCC_PLLCmd)
    RCC_PLLConfig                            0x08001481   Thumb Code    16  stm32f10x_rcc.o(i.RCC_PLLConfig)
    RCC_SYSCLKConfig                         0x08001495   Thumb Code    14  stm32f10x_rcc.o(i.RCC_SYSCLKConfig)
    RCC_WaitForHSEStartUp                    0x080014a9   Thumb Code    36  stm32f10x_rcc.o(i.RCC_WaitForHSEStartUp)
    USART1_Config                            0x080014cd   Thumb Code    52  usart.o(i.USART1_Config)
    USART_Cmd                                0x08001505   Thumb Code    22  stm32f10x_usart.o(i.USART_Cmd)
    USART_Init                               0x0800151d   Thumb Code   142  stm32f10x_usart.o(i.USART_Init)
    __0printf$4                              0x080015b1   Thumb Code    22  printf4.o(i.__0printf$4)
    __1printf$4                              0x080015b1   Thumb Code     0  printf4.o(i.__0printf$4)
    __2printf                                0x080015b1   Thumb Code     0  printf4.o(i.__0printf$4)
    __scatterload_copy                       0x080015d1   Thumb Code    14  handlers.o(i.__scatterload_copy)
    __scatterload_null                       0x080015df   Thumb Code     2  handlers.o(i.__scatterload_null)
    __scatterload_zeroinit                   0x080015e1   Thumb Code    14  handlers.o(i.__scatterload_zeroinit)
    fputc                                    0x08001815   Thumb Code    22  usart.o(i.fputc)
    main                                     0x08001831   Thumb Code    68  app.o(i.main)
    OSUnMapTbl                               0x080018b0   Data         256  os_core.o(.constdata)
    Region$$Table$$Base                      0x080019b0   Number         0  anon$$obj.o(Region$$Table)
    Region$$Table$$Limit                     0x080019d0   Number         0  anon$$obj.o(Region$$Table)
    OSCPUUsage                               0x20000014   Data           1  os_core.o(.data)
    OSStatRdy                                0x20000015   Data           1  os_core.o(.data)
    OSIntNesting                             0x20000016   Data           1  os_core.o(.data)
    OSLockNesting                            0x20000017   Data           1  os_core.o(.data)
    OSPrioCur                                0x20000018   Data           1  os_core.o(.data)
    OSPrioHighRdy                            0x20000019   Data           1  os_core.o(.data)
    OSRdyGrp                                 0x2000001a   Data           1  os_core.o(.data)
    OSRunning                                0x2000001b   Data           1  os_core.o(.data)
    OSTaskCtr                                0x2000001c   Data           1  os_core.o(.data)
    OSTickStepState                          0x2000001d   Data           1  os_core.o(.data)
    OSCtxSwCtr                               0x20000020   Data           4  os_core.o(.data)
    OSEventFreeList                          0x20000024   Data           4  os_core.o(.data)
    OSIdleCtrMax                             0x20000028   Data           4  os_core.o(.data)
    OSIdleCtrRun                             0x2000002c   Data           4  os_core.o(.data)
    OSRdyTbl                                 0x20000030   Data           4  os_core.o(.data)
    OSIdleCtr                                0x20000034   Data           4  os_core.o(.data)
    OSTCBCur                                 0x20000038   Data           4  os_core.o(.data)
    OSTCBFreeList                            0x2000003c   Data           4  os_core.o(.data)
    OSTCBHighRdy                             0x20000040   Data           4  os_core.o(.data)
    OSTCBList                                0x20000044   Data           4  os_core.o(.data)
    OSTime                                   0x20000048   Data           4  os_core.o(.data)
    OSFlagFreeList                           0x2000004c   Data           4  os_core.o(.data)
    __stdout                                 0x20000050   Data           4  stdout.o(.data)
    OSEventTbl                               0x20000340   Data         320  os_core.o(.bss)
    OSTaskStatStk                            0x20000480   Data         512  os_core.o(.bss)
    OSTaskIdleStk                            0x20000680   Data         512  os_core.o(.bss)
    OSTCBPrioTbl                             0x20000880   Data         128  os_core.o(.bss)
    OSTCBTbl                                 0x20000900   Data        1104  os_core.o(.bss)
    OSFlagTbl                                0x20000d80   Data         140  os_core.o(.bss)
    Image$$ARM_LIB_STACK$$ZI$$Limit          0x20004b00   Number         0  anon$$obj.o(ARM_LIB_STACK.bss)



==============================================================================

Memory Map of the image

  Image Entry point : 0x080002a9

  Load Region LR_IROM1 (Base: 0x08000000, Size: 0x00001a24, Max: 0x00020000, ABSOLUTE)

    Execution Region ER_IROM1 (Base: 0x08000000, Size: 0x000019d0, Max: 0x08020000, ABSOLUTE)

    Base Addr    Size         Type   Attr      Idx    E Section Name        Object

    0x08000000   0x000000f8   Code   RO           13  * VECT                vectors.o
    0x080000f8   0x00000000   Code   RO          651  * .ARM.Collect$$$$00000000  mc_w.l(entry.o)(mc_w.l)
    0x080000f8   0x00000004   Code   RO          785    .ARM.Collect$$$$00000003  mc_w.l(entry4.o)(mc_w.l)
    0x080000fc   0x00000004   Code   RO          788    .ARM.Collect$$$$00000004  mc_w.l(entry5.o)(mc_w.l)
    0x08000100   0x00000008   Code   RO          789    .ARM.Collect$$$$00000007  mc_w.l(entry7.o)(mc_w.l)
    0x08000108   0x00000004   Code   RO          786    .ARM.Collect$$$$00002714  mc_w.l(entry4.o)(mc_w.l)
    0x0800010c   0x0000002a   Code   RO          526    .text               cpu_a.o
    0x08000136   0x00000002   PAD
    0x08000138   0x000000a4   Code   RO          632    .text               os_cpu_a.o
    0x080001dc   0x00000066   Code   RO          792    .text               mc_w.l(uldiv.o)(mc_w.l)
    0x08000242   0x00000002   PAD
    0x08000244   0x00000024   Code   RO          799    .text               mc_w.l(init.o)(mc_w.l)
    0x08000268   0x0000001e   Code   RO          800    .text               mc_w.l(llshl.o)(mc_w.l)
    0x08000286   0x00000020   Code   RO          801    .text               mc_w.l(llushr.o)(mc_w.l)
    0x080002a6   0x00000002   PAD
    0x080002a8   0x00000008   Code   RO           20  * INIT                init.o
    0x080002b0   0x00000178   Code   RO            3    i.App_DispScr_SignOn  app.o
    0x08000428   0x00000002   Code   RO            4    i.App_TCBInitHook   app.o
    0x0800042a   0x00000002   Code   RO            5    i.App_TaskCreateHook  app.o
    0x0800042c   0x00000002   Code   RO            7    i.App_TaskIdleHook  app.o
    0x0800042e   0x00000002   PAD
    0x08000430   0x00000038   Code   RO            8    i.App_TaskStart     app.o
    0x08000468   0x00000002   Code   RO            9    i.App_TaskStatHook  app.o
    0x0800046a   0x00000002   Code   RO           10    i.App_TaskSwHook    app.o
    0x0800046c   0x00000010   Code   RO           14    i.BSP_CPU_ClkFreq   bsp.o
    0x0800047c   0x0000001a   Code   RO           15    i.BSP_Init          bsp.o
    0x08000496   0x00000004   Code   RO           23    i.BSP_IntDisAll     bsp_int.o
    0x0800049a   0x00000002   PAD
    0x0800049c   0x00000034   Code   RO           25    i.BSP_IntHandler    bsp_int.o
    0x080004d0   0x00000006   Code   RO           26    i.BSP_IntHandlerADC1_2  bsp_int.o
    0x080004d6   0x00000006   Code   RO           27    i.BSP_IntHandlerCAN_RX1  bsp_int.o
    0x080004dc   0x00000006   Code   RO           28    i.BSP_IntHandlerCAN_SCE  bsp_int.o
    0x080004e2   0x00000006   Code   RO           29    i.BSP_IntHandlerDMA1_CH1  bsp_int.o
    0x080004e8   0x00000006   Code   RO           30    i.BSP_IntHandlerDMA1_CH2  bsp_int.o
    0x080004ee   0x00000006   Code   RO           31    i.BSP_IntHandlerDMA1_CH3  bsp_int.o
    0x080004f4   0x00000006   Code   RO           32    i.BSP_IntHandlerDMA1_CH4  bsp_int.o
    0x080004fa   0x00000006   Code   RO           33    i.BSP_IntHandlerDMA1_CH5  bsp_int.o
    0x08000500   0x00000006   Code   RO           34    i.BSP_IntHandlerDMA1_CH6  bsp_int.o
    0x08000506   0x00000006   Code   RO           35    i.BSP_IntHandlerDMA1_CH7  bsp_int.o
    0x0800050c   0x00000006   Code   RO           37    i.BSP_IntHandlerEXTI0  bsp_int.o
    0x08000512   0x00000006   Code   RO           38    i.BSP_IntHandlerEXTI1  bsp_int.o
    0x08000518   0x00000006   Code   RO           39    i.BSP_IntHandlerEXTI15_10  bsp_int.o
    0x0800051e   0x00000006   Code   RO           40    i.BSP_IntHandlerEXTI2  bsp_int.o
    0x08000524   0x00000006   Code   RO           41    i.BSP_IntHandlerEXTI3  bsp_int.o
    0x0800052a   0x00000006   Code   RO           42    i.BSP_IntHandlerEXTI4  bsp_int.o
    0x08000530   0x00000006   Code   RO           43    i.BSP_IntHandlerEXTI9_5  bsp_int.o
    0x08000536   0x00000006   Code   RO           44    i.BSP_IntHandlerFLASH  bsp_int.o
    0x0800053c   0x00000006   Code   RO           45    i.BSP_IntHandlerI2C1_ER  bsp_int.o
    0x08000542   0x00000006   Code   RO           46    i.BSP_IntHandlerI2C1_EV  bsp_int.o
    0x08000548   0x00000006   Code   RO           47    i.BSP_IntHandlerI2C2_ER  bsp_int.o
    0x0800054e   0x00000006   Code   RO           48    i.BSP_IntHandlerI2C2_EV  bsp_int.o
    0x08000554   0x00000006   Code   RO           49    i.BSP_IntHandlerPVD  bsp_int.o
    0x0800055a   0x00000006   Code   RO           50    i.BSP_IntHandlerRCC  bsp_int.o
    0x08000560   0x00000006   Code   RO           51    i.BSP_IntHandlerRTC  bsp_int.o
    0x08000566   0x00000006   Code   RO           52    i.BSP_IntHandlerRTCAlarm  bsp_int.o
    0x0800056c   0x00000006   Code   RO           53    i.BSP_IntHandlerSPI1  bsp_int.o
    0x08000572   0x00000006   Code   RO           54    i.BSP_IntHandlerSPI2  bsp_int.o
    0x08000578   0x00000006   Code   RO           55    i.BSP_IntHandlerTAMPER  bsp_int.o
    0x0800057e   0x00000006   Code   RO           56    i.BSP_IntHandlerTIM1_BRK  bsp_int.o
    0x08000584   0x00000006   Code   RO           57    i.BSP_IntHandlerTIM1_CC  bsp_int.o
    0x0800058a   0x00000006   Code   RO           58    i.BSP_IntHandlerTIM1_TRG_COM  bsp_int.o
    0x08000590   0x00000006   Code   RO           59    i.BSP_IntHandlerTIM1_UP  bsp_int.o
    0x08000596   0x00000006   Code   RO           60    i.BSP_IntHandlerTIM2  bsp_int.o
    0x0800059c   0x00000006   Code   RO           61    i.BSP_IntHandlerTIM3  bsp_int.o
    0x080005a2   0x00000006   Code   RO           62    i.BSP_IntHandlerTIM4  bsp_int.o
    0x080005a8   0x00000006   Code   RO           63    i.BSP_IntHandlerUSART1  bsp_int.o
    0x080005ae   0x00000006   Code   RO           64    i.BSP_IntHandlerUSART2  bsp_int.o
    0x080005b4   0x00000006   Code   RO           65    i.BSP_IntHandlerUSART3  bsp_int.o
    0x080005ba   0x00000006   Code   RO           66    i.BSP_IntHandlerUSBWakeUp  bsp_int.o
    0x080005c0   0x00000006   Code   RO           67    i.BSP_IntHandlerUSB_HP_CAN_TX  bsp_int.o
    0x080005c6   0x00000006   Code   RO           68    i.BSP_IntHandlerUSB_LP_CAN_RX0  bsp_int.o
    0x080005cc   0x00000006   Code   RO           69    i.BSP_IntHandlerWWDG  bsp_int.o
    0x080005d2   0x00000002   PAD
    0x080005d4   0x00000018   Code   RO          194    i.FLASH_PrefetchBufferCmd  stm32f10x_flash.o
    0x080005ec   0x00000014   Code   RO          199    i.FLASH_SetLatency  stm32f10x_flash.o
    0x08000600   0x00000068   Code   RO           16    i.GPIO_Configuration  bsp.o
    0x08000668   0x000000ba   Code   RO          228    i.GPIO_Init         stm32f10x_gpio.o
    0x08000722   0x00000004   Code   RO          235    i.GPIO_ResetBits    stm32f10x_gpio.o
    0x08000726   0x00000004   Code   RO          236    i.GPIO_SetBits      stm32f10x_gpio.o
    0x0800072a   0x00000018   Code   RO           17    i.NVIC_Configuration  bsp.o
    0x08000742   0x00000002   PAD
    0x08000744   0x00000014   Code   RO          522    i.NVIC_PriorityGroupConfig  misc.o
    0x08000758   0x00000014   Code   RO          523    i.NVIC_SetVectorTable  misc.o
    0x0800076c   0x0000002a   Code   RO          536    i.OSInit            os_core.o
    0x08000796   0x00000002   Code   RO          619    i.OSInitHookBegin   os_cpu_c.o
    0x08000798   0x00000002   Code   RO          620    i.OSInitHookEnd     os_cpu_c.o
    0x0800079a   0x00000002   PAD
    0x0800079c   0x00000058   Code   RO          538    i.OSIntExit         os_core.o
    0x080007f4   0x00000030   Code   RO          541    i.OSStart           os_core.o
    0x08000824   0x00000034   Code   RO          542    i.OSStatInit        os_core.o
    0x08000858   0x00000004   Code   RO          621    i.OSTCBInitHook     os_cpu_c.o
    0x0800085c   0x00000094   Code   RO          603    i.OSTaskCreate      os_task.o
    0x080008f0   0x000000b0   Code   RO          604    i.OSTaskCreateExt   os_task.o
    0x080009a0   0x00000004   Code   RO          622    i.OSTaskCreateHook  os_cpu_c.o
    0x080009a4   0x00000004   Code   RO          624    i.OSTaskIdleHook    os_cpu_c.o
    0x080009a8   0x0000008c   Code   RO          608    i.OSTaskNameSet     os_task.o
    0x08000a34   0x00000004   Code   RO          625    i.OSTaskStatHook    os_cpu_c.o
    0x08000a38   0x00000090   Code   RO          611    i.OSTaskStkChk      os_task.o
    0x08000ac8   0x00000072   Code   RO          626    i.OSTaskStkInit     os_cpu_c.o
    0x08000b3a   0x00000002   PAD
    0x08000b3c   0x0000009c   Code   RO          612    i.OSTaskSuspend     os_task.o
    0x08000bd8   0x00000004   Code   RO          627    i.OSTaskSwHook      os_cpu_c.o
    0x08000bdc   0x0000005c   Code   RO          614    i.OSTimeDly         os_time.o
    0x08000c38   0x00000068   Code   RO          615    i.OSTimeDlyHMSM     os_time.o
    0x08000ca0   0x00000018   Code   RO          618    i.OSTimeSet         os_time.o
    0x08000cb8   0x000000c4   Code   RO          543    i.OSTimeTick        os_core.o
    0x08000d7c   0x00000002   Code   RO          628    i.OSTimeTickHook    os_cpu_c.o
    0x08000d7e   0x00000006   Code   RO          544    i.OSVersion         os_core.o
    0x08000d84   0x00000004   Code   RO           18    i.OS_CPU_SysTickClkFreq  bsp.o
    0x08000d88   0x00000024   Code   RO          629    i.OS_CPU_SysTickHandler  os_cpu_c.o
    0x08000dac   0x00000028   Code   RO          630    i.OS_CPU_SysTickInit  os_cpu_c.o
    0x08000dd4   0x00000048   Code   RO          583    i.OS_FlagInit       os_flag.o
    0x08000e1c   0x0000004c   Code   RO          552    i.OS_InitEventList  os_core.o
    0x08000e68   0x00000020   Code   RO          553    i.OS_InitMisc       os_core.o
    0x08000e88   0x00000028   Code   RO          554    i.OS_InitRdyList    os_core.o
    0x08000eb0   0x00000058   Code   RO          555    i.OS_InitTCBList    os_core.o
    0x08000f08   0x00000050   Code   RO          556    i.OS_InitTaskIdle   os_core.o
    0x08000f58   0x00000050   Code   RO          557    i.OS_InitTaskStat   os_core.o
    0x08000fa8   0x00000014   Code   RO          558    i.OS_MemClr         os_core.o
    0x08000fbc   0x00000048   Code   RO          560    i.OS_Sched          os_core.o
    0x08001004   0x00000020   Code   RO          561    i.OS_SchedNew       os_core.o
    0x08001024   0x00000020   Code   RO          562    i.OS_StrCopy        os_core.o
    0x08001044   0x00000016   Code   RO          563    i.OS_StrLen         os_core.o
    0x0800105a   0x00000002   PAD
    0x0800105c   0x0000010c   Code   RO          564    i.OS_TCBInit        os_core.o
    0x08001168   0x0000001c   Code   RO          565    i.OS_TaskIdle       os_core.o
    0x08001184   0x00000060   Code   RO          566    i.OS_TaskStat       os_core.o
    0x080011e4   0x0000003c   Code   RO          567    i.OS_TaskStatStkChk  os_core.o
    0x08001220   0x0000001e   Code   RO          613    i.OS_TaskStkClr     os_task.o
    0x0800123e   0x00000002   PAD
    0x08001240   0x0000001c   Code   RO          291    i.RCC_APB2PeriphClockCmd  stm32f10x_rcc.o
    0x0800125c   0x00000074   Code   RO           19    i.RCC_Configuration  bsp.o
    0x080012d0   0x0000003c   Code   RO          298    i.RCC_DeInit        stm32f10x_rcc.o
    0x0800130c   0x000000b4   Code   RO          299    i.RCC_GetClocksFreq  stm32f10x_rcc.o
    0x080013c0   0x00000030   Code   RO          300    i.RCC_GetFlagStatus  stm32f10x_rcc.o
    0x080013f0   0x00000010   Code   RO          302    i.RCC_GetSYSCLKSource  stm32f10x_rcc.o
    0x08001400   0x00000014   Code   RO          303    i.RCC_HCLKConfig    stm32f10x_rcc.o
    0x08001414   0x00000038   Code   RO          304    i.RCC_HSEConfig     stm32f10x_rcc.o
    0x0800144c   0x00000014   Code   RO          310    i.RCC_PCLK1Config   stm32f10x_rcc.o
    0x08001460   0x00000014   Code   RO          311    i.RCC_PCLK2Config   stm32f10x_rcc.o
    0x08001474   0x0000000c   Code   RO          312    i.RCC_PLLCmd        stm32f10x_rcc.o
    0x08001480   0x00000014   Code   RO          313    i.RCC_PLLConfig     stm32f10x_rcc.o
    0x08001494   0x00000014   Code   RO          316    i.RCC_SYSCLKConfig  stm32f10x_rcc.o
    0x080014a8   0x00000024   Code   RO          318    i.RCC_WaitForHSEStartUp  stm32f10x_rcc.o
    0x080014cc   0x00000038   Code   RO          649    i.USART1_Config     usart.o
    0x08001504   0x00000016   Code   RO          482    i.USART_Cmd         stm32f10x_usart.o
    0x0800151a   0x00000002   PAD
    0x0800151c   0x00000094   Code   RO          489    i.USART_Init        stm32f10x_usart.o
    0x080015b0   0x00000020   Code   RO          710    i.__0printf$4       mc_w.l(printf4.o)(mc_w.l)
    0x080015d0   0x0000000e   Code   RO          806    i.__scatterload_copy  mc_w.l(handlers.o)(mc_w.l)
    0x080015de   0x00000002   Code   RO          807    i.__scatterload_null  mc_w.l(handlers.o)(mc_w.l)
    0x080015e0   0x0000000e   Code   RO          808    i.__scatterload_zeroinit  mc_w.l(handlers.o)(mc_w.l)
    0x080015ee   0x00000002   PAD
    0x080015f0   0x00000224   Code   RO          717    i._printf_core      mc_w.l(printf4.o)(mc_w.l)
    0x08001814   0x0000001c   Code   RO          650    i.fputc             usart.o
    0x08001830   0x00000080   Code   RO           11    i.main              app.o
    0x080018b0   0x00000100   Data   RO          570    .constdata          os_core.o
    0x080019b0   0x00000020   Data   RO          804    Region$$Table       anon$$obj.o


    Execution Region RW_IRAM1 (Base: 0x20000000, Size: 0x00000e0c, Max: 0x00004c00, ABSOLUTE)

    Base Addr    Size         Type   Attr      Idx    E Section Name        Object

    0x20000000   0x00000014   Data   RW          319    .data               stm32f10x_rcc.o
    0x20000014   0x00000038   Data   RW          571    .data               os_core.o
    0x2000004c   0x00000004   Data   RW          572    .data               os_core.o
    0x20000050   0x00000004   Data   RW          790    .data               mc_w.l(stdout.o)(mc_w.l)
    0x20000054   0x0000002c   PAD
    0x20000080   0x00000200   Zero   RW           12    .bss                app.o
    0x20000280   0x000000a8   Zero   RW           73    .bss                bsp_int.o
    0x20000328   0x00000018   PAD
    0x20000340   0x00000a10   Zero   RW          568    .bss                os_core.o
    0x20000d50   0x00000030   PAD
    0x20000d80   0x0000008c   Zero   RW          569    .bss                os_core.o


    Execution Region ARM_LIB_HEAP (Base: 0x20004700, Size: 0x00000200, Max: 0x00000200, ABSOLUTE, UNINIT)

    Base Addr    Size         Type   Attr      Idx    E Section Name        Object

    0x20004700   0x00000200   Zero   RW            1    ARM_LIB_HEAP.bss    anon$$obj.o


    Execution Region ARM_LIB_STACK (Base: 0x20004900, Size: 0x00000200, Max: 0x00000200, ABSOLUTE, UNINIT)

    Base Addr    Size         Type   Attr      Idx    E Section Name        Object

    0x20004900   0x00000200   Zero   RW            2    ARM_LIB_STACK.bss   anon$$obj.o


==============================================================================

Image component sizes


      Code (inc. data)   RO Data    RW Data    ZI Data      Debug   Object Name

       570        286          0          0        512          0   app.o
       290         12          0          0          0          0   bsp.o
       314         10          0          0        168          0   bsp_int.o
        42          0          0          0          0          0   cpu_a.o
         8          4          0          0          0          0   init.o
        40         10          0          0          0          0   misc.o
      1458        168        256         60       2716          0   os_core.o
       164         32          0          0          0          0   os_cpu_a.o
       216          6          0          0          0          0   os_cpu_c.o
        72          8          0          0          0          0   os_flag.o
       794         66          0          0          0          0   os_task.o
       220         24          0          0          0          0   os_time.o
        44         12          0          0          0          0   stm32f10x_flash.o
       194          0          0          0          0          0   stm32f10x_gpio.o
       536         80          0         20          0          0   stm32f10x_rcc.o
       170          6          0          0          0          0   stm32f10x_usart.o
        84         10          0          0          0          0   usart.o
       248        236          0          0          0          0   vectors.o

    ----------------------------------------------------------------------
      5484        970        288         80       4492          0   Object Totals
         0          0         32          0       1024          0   (incl. Generated)
        20          0          0          0         72          0   (incl. Padding)

    ----------------------------------------------------------------------

      Code (inc. data)   RO Data    RW Data    ZI Data      Debug   Library Member Name

         0          0          0          0          0          0   entry.o
         8          4          0          0          0          0   entry4.o
         4          0          0          0          0          0   entry5.o
         8          4          0          0          0          0   entry7.o
        30          0          0          0          0          0   handlers.o
        36          8          0          0          0          0   init.o
        30          0          0          0          0          0   llshl.o
        32          0          0          0          0          0   llushr.o
       580         14          0          0          0          0   printf4.o
         0          0          0          4          0          0   stdout.o
       102          0          0          0          0          0   uldiv.o

    ----------------------------------------------------------------------
       836         30          0          4         44          0   Library Totals
         6          0          0          0         44          0   (incl. Padding)

    ----------------------------------------------------------------------

      Code (inc. data)   RO Data    RW Data    ZI Data      Debug   Library Name

       830         30          0          4          0          0   mc_w.l

    ----------------------------------------------------------------------
       836         30          0          4         44          0   Library Totals

    ----------------------------------------------------------------------

==============================================================================


      Code (inc. data)   RO Data    RW Data    ZI Data      Debug   

      6320       1000        288         84       4536          0   Grand Totals
      6320       1000        288         84       4536          0   ELF Image Totals
      6320       1000        288         84          0          0   ROM Totals

==============================================================================

    Total RO  Size (Code + RO Data)                 6608 (   6.45kB)
    Total RW  Size (RW Data + ZI Data)              4620 (   4.51kB)
    Total ROM Size (Code + RO Data + RW Data)       6692 (   6.54kB)

==============================================================================

