<html>
<body>
<pre>
<h1>礦ision Build Log</h1>
<h2>Project:</h2>
F:\产品\产品配套光盘\HY-STM32_100P\HY-STM32_100P例程\10 USB模拟鼠标移动\STM32-FD-USB.uvproj
Project File Date:  <unknown>

<h2>Output:</h2>
Build target 'STM32-FD-USB'
assembling startup_stm32f10x_hd.s...
creating preprocessor file for hw_config.c...
compiling hw_config.c...
creating preprocessor file for main.c...
compiling main.c...
creating preprocessor file for usb_desc.c...
compiling usb_desc.c...
creating preprocessor file for usb_istr.c...
compiling usb_istr.c...
creating preprocessor file for usb_prop.c...
compiling usb_prop.c...
creating preprocessor file for usb_pwr.c...
compiling usb_pwr.c...
creating preprocessor file for stm32f10x_it.c...
compiling stm32f10x_it.c...
creating preprocessor file for misc.c...
compiling misc.c...
creating preprocessor file for stm32f10x_gpio.c...
compiling stm32f10x_gpio.c...
creating preprocessor file for stm32f10x_rcc.c...
compiling stm32f10x_rcc.c...
creating preprocessor file for stm32f10x_flash.c...
compiling stm32f10x_flash.c...
creating preprocessor file for stm32f10x_usart.c...
compiling stm32f10x_usart.c...
creating preprocessor file for stm32f10x_exti.c...
compiling stm32f10x_exti.c...
creating preprocessor file for usb_core.c...
compiling usb_core.c...
creating preprocessor file for usb_init.c...
compiling usb_init.c...
creating preprocessor file for usb_int.c...
compiling usb_int.c...
creating preprocessor file for usb_mem.c...
compiling usb_mem.c...
creating preprocessor file for usb_regs.c...
compiling usb_regs.c...
creating preprocessor file for core_cm3.c...
compiling core_cm3.c...
creating preprocessor file for system_stm32f10x.c...
compiling system_stm32f10x.c...
linking...
Program Size: Code=5670 RO-data=562 RW-data=248 ZI-data=544  
FromELF: creating hex file...
".\Obj\STM32-FD-USB.axf" - 0 Error(s), 0 Warning(s).
Load "F:\\产品\\产品配套光盘\\HY-STM32_100P\\HY-STM32_100P例程\\10 USB模拟鼠标移动\\Obj\\STM32-FD-USB.AXF" 
Set JLink Project File to "F:\产品\产品配套光盘\HY-STM32_100P\HY-STM32_100P例程\10 USB模拟鼠标移动\JLinkSettings.ini"
 
JLink info:
------------
DLL: V4.15n, compiled Jun 18 2010 19:55:09
Firmware: J-Link ARM V8 compiled May 20 2010 17:07:46
Hardware: V8.00
S/N : 20100214 
Feature(s) : RDI,FlashDL,FlashBP,JFlash,GDBFull 
 
* JLink Info: TotalIRLen = 9, IRPrint = 0x0011
* JLink Info: Found Cortex-M3 r1p1, Little endian.
* JLink Info: TPIU fitted.
* JLink Info: ETM fitted.
* JLink Info:   FPUnit: 6 code (BP) slots and 2 literal slots
ROMTableAddr = 0xE00FF003
 
Target info:
------------
Device: STM32F103VE
VTarget = 3.280V
State of Pins: 
TCK: 1, TDI: 0, TDO: 0, TMS: 0, TRES: 1, TRST: 1
* JLink Info: TotalIRLen = 9, IRPrint = 0x0011
* JLink Info: Found Cortex-M3 r1p1, Little endian.
* JLink Info: TPIU fitted.
* JLink Info: ETM fitted.
* JLink Info:   FPUnit: 6 code (BP) slots and 2 literal slots
Hardware-Breakpoints: 6
Software-Breakpoints: 2048
Watchpoints:          4
JTAG speed: 2000 kHz
 
Full Chip Erase Done.
Programming Done.
Verify OK.
* JLink Info: TotalIRLen = 9, IRPrint = 0x0011
* JLink Info: Found Cortex-M3 r1p1, Little endian.
* JLink Info: TPIU fitted.
* JLink Info: ETM fitted.
* JLink Info:   FPUnit: 6 code (BP) slots and 2 literal slots
Application running ...
Build target 'STM32-FD-USB'
assembling startup_stm32f10x_hd.s...
creating preprocessor file for hw_config.c...
compiling hw_config.c...
creating preprocessor file for main.c...
compiling main.c...
creating preprocessor file for usb_desc.c...
compiling usb_desc.c...
creating preprocessor file for usb_istr.c...
compiling usb_istr.c...
creating preprocessor file for usb_prop.c...
compiling usb_prop.c...
creating preprocessor file for usb_pwr.c...
compiling usb_pwr.c...
creating preprocessor file for stm32f10x_it.c...
compiling stm32f10x_it.c...
creating preprocessor file for misc.c...
compiling misc.c...
creating preprocessor file for stm32f10x_gpio.c...
compiling stm32f10x_gpio.c...
creating preprocessor file for stm32f10x_rcc.c...
compiling stm32f10x_rcc.c...
creating preprocessor file for stm32f10x_flash.c...
compiling stm32f10x_flash.c...
creating preprocessor file for stm32f10x_usart.c...
compiling stm32f10x_usart.c...
creating preprocessor file for stm32f10x_exti.c...
compiling stm32f10x_exti.c...
creating preprocessor file for usb_core.c...
compiling usb_core.c...
creating preprocessor file for usb_init.c...
compiling usb_init.c...
creating preprocessor file for usb_int.c...
compiling usb_int.c...
creating preprocessor file for usb_mem.c...
compiling usb_mem.c...
creating preprocessor file for usb_regs.c...
compiling usb_regs.c...
creating preprocessor file for core_cm3.c...
compiling core_cm3.c...
creating preprocessor file for system_stm32f10x.c...
compiling system_stm32f10x.c...
linking...
Program Size: Code=5670 RO-data=562 RW-data=248 ZI-data=544  
FromELF: creating hex file...
".\Obj\STM32-FD-USB.axf" - 0 Error(s), 0 Warning(s).
Load "F:\\产品\\产品配套光盘\\HY-STM32_100P\\HY-STM32_100P例程\\10 USB模拟鼠标移动\\Obj\\STM32-FD-USB.AXF" 
Set JLink Project File to "F:\产品\产品配套光盘\HY-STM32_100P\HY-STM32_100P例程\10 USB模拟鼠标移动\JLinkSettings.ini"
 
JLink info:
------------
DLL: V4.15n, compiled Jun 18 2010 19:55:09
Firmware: J-Link ARM V8 compiled May 20 2010 17:07:46
Hardware: V8.00
S/N : 20100214 
Feature(s) : RDI,FlashDL,FlashBP,JFlash,GDBFull 
 
* JLink Info: TotalIRLen = 9, IRPrint = 0x0011
* JLink Info: Found Cortex-M3 r1p1, Little endian.
* JLink Info: TPIU fitted.
* JLink Info: ETM fitted.
* JLink Info:   FPUnit: 6 code (BP) slots and 2 literal slots
ROMTableAddr = 0xE00FF003
 
Target info:
------------
Device: STM32F103VE
VTarget = 3.274V
State of Pins: 
TCK: 1, TDI: 0, TDO: 0, TMS: 0, TRES: 1, TRST: 1
* JLink Info: TotalIRLen = 9, IRPrint = 0x0011
* JLink Info: Found Cortex-M3 r1p1, Little endian.
* JLink Info: TPIU fitted.
* JLink Info: ETM fitted.
* JLink Info:   FPUnit: 6 code (BP) slots and 2 literal slots
Hardware-Breakpoints: 6
Software-Breakpoints: 2048
Watchpoints:          4
JTAG speed: 2000 kHz
 
Full Chip Erase Done.
Programming Done.
Verify OK.
* JLink Info: TotalIRLen = 9, IRPrint = 0x0011
* JLink Info: Found Cortex-M3 r1p1, Little endian.
* JLink Info: TPIU fitted.
* JLink Info: ETM fitted.
* JLink Info:   FPUnit: 6 code (BP) slots and 2 literal slots
Application running ...
Build target 'STM32-FD-USB'
assembling startup_stm32f10x_hd.s...
creating preprocessor file for hw_config.c...
compiling hw_config.c...
creating preprocessor file for main.c...
compiling main.c...
creating preprocessor file for usb_desc.c...
compiling usb_desc.c...
creating preprocessor file for usb_istr.c...
compiling usb_istr.c...
creating preprocessor file for usb_prop.c...
compiling usb_prop.c...
creating preprocessor file for usb_pwr.c...
compiling usb_pwr.c...
creating preprocessor file for stm32f10x_it.c...
compiling stm32f10x_it.c...
creating preprocessor file for misc.c...
compiling misc.c...
creating preprocessor file for stm32f10x_gpio.c...
compiling stm32f10x_gpio.c...
creating preprocessor file for stm32f10x_rcc.c...
compiling stm32f10x_rcc.c...
creating preprocessor file for stm32f10x_flash.c...
compiling stm32f10x_flash.c...
creating preprocessor file for stm32f10x_usart.c...
compiling stm32f10x_usart.c...
creating preprocessor file for stm32f10x_exti.c...
compiling stm32f10x_exti.c...
creating preprocessor file for usb_core.c...
compiling usb_core.c...
creating preprocessor file for usb_init.c...
compiling usb_init.c...
creating preprocessor file for usb_int.c...
compiling usb_int.c...
creating preprocessor file for usb_mem.c...
compiling usb_mem.c...
creating preprocessor file for usb_regs.c...
compiling usb_regs.c...
creating preprocessor file for core_cm3.c...
compiling core_cm3.c...
creating preprocessor file for system_stm32f10x.c...
compiling system_stm32f10x.c...
linking...
Program Size: Code=5670 RO-data=562 RW-data=248 ZI-data=544  
FromELF: creating hex file...
".\Obj\STM32-FD-USB.axf" - 0 Error(s), 0 Warning(s).
Build target 'STM32-FD-USB'
assembling startup_stm32f10x_hd.s...
compiling hw_config.c...
compiling main.c...
compiling usb_desc.c...
compiling usb_istr.c...
compiling usb_prop.c...
compiling usb_pwr.c...
compiling stm32f10x_it.c...
compiling misc.c...
compiling stm32f10x_gpio.c...
compiling stm32f10x_rcc.c...
compiling stm32f10x_flash.c...
compiling stm32f10x_usart.c...
compiling stm32f10x_exti.c...
compiling usb_core.c...
compiling usb_init.c...
compiling usb_int.c...
compiling usb_mem.c...
compiling usb_regs.c...
compiling core_cm3.c...
compiling system_stm32f10x.c...
linking...
Program Size: Code=5670 RO-data=562 RW-data=248 ZI-data=544  
FromELF: creating hex file...
".\Obj\STM32-FD-USB.axf" - 0 Error(s), 0 Warning(s).
Load "F:\\产品\\产品配套光盘\\HY-STM32_100P\\HY-STM32_100P例程\\10 USB模拟鼠标移动\\Obj\\STM32-FD-USB.AXF" 
Set JLink Project File to "F:\产品\产品配套光盘\HY-STM32_100P\HY-STM32_100P例程\10 USB模拟鼠标移动\JLinkSettings.ini"
 
JLink info:
------------
DLL: V4.15n, compiled Jun 18 2010 19:55:09
Firmware: J-Link ARM V8 compiled May 20 2010 17:07:46
Hardware: V8.00
S/N : 20100214 
Feature(s) : RDI,FlashDL,FlashBP,JFlash,GDBFull 
 
* JLink Info: TotalIRLen = 9, IRPrint = 0x0011
* JLink Info: Found Cortex-M3 r1p1, Little endian.
* JLink Info: TPIU fitted.
* JLink Info: ETM fitted.
* JLink Info:   FPUnit: 6 code (BP) slots and 2 literal slots
ROMTableAddr = 0xE00FF003
 
Target info:
------------
Device: STM32F103VE
VTarget = 3.274V
State of Pins: 
TCK: 1, TDI: 0, TDO: 0, TMS: 0, TRES: 1, TRST: 1
* JLink Info: TotalIRLen = 9, IRPrint = 0x0011
* JLink Info: Found Cortex-M3 r1p1, Little endian.
* JLink Info: TPIU fitted.
* JLink Info: ETM fitted.
* JLink Info:   FPUnit: 6 code (BP) slots and 2 literal slots
Hardware-Breakpoints: 6
Software-Breakpoints: 2048
Watchpoints:          4
JTAG speed: 2000 kHz
 
Full Chip Erase Done.
Programming Done.
Verify OK.
* JLink Info: TotalIRLen = 9, IRPrint = 0x0011
* JLink Info: Found Cortex-M3 r1p1, Little endian.
* JLink Info: TPIU fitted.
* JLink Info: ETM fitted.
* JLink Info:   FPUnit: 6 code (BP) slots and 2 literal slots
Application running ...
Build target 'STM32-FD-USB'
assembling startup_stm32f10x_hd.s...
compiling hw_config.c...
compiling main.c...
compiling usb_desc.c...
compiling usb_istr.c...
compiling usb_prop.c...
compiling usb_pwr.c...
compiling stm32f10x_it.c...
compiling misc.c...
compiling stm32f10x_gpio.c...
compiling stm32f10x_rcc.c...
compiling stm32f10x_flash.c...
compiling stm32f10x_usart.c...
compiling stm32f10x_exti.c...
compiling usb_core.c...
compiling usb_init.c...
compiling usb_int.c...
compiling usb_mem.c...
compiling usb_regs.c...
compiling core_cm3.c...
compiling system_stm32f10x.c...
linking...
Program Size: Code=5670 RO-data=562 RW-data=248 ZI-data=544  
FromELF: creating hex file...
".\Obj\STM32-FD-USB.axf" - 0 Error(s), 0 Warning(s).
Load "F:\\产品\\产品配套光盘\\HY-STM32_100P\\HY-STM32_100P例程\\10 USB模拟鼠标移动\\Obj\\STM32-FD-USB.AXF" 
Set JLink Project File to "F:\产品\产品配套光盘\HY-STM32_100P\HY-STM32_100P例程\10 USB模拟鼠标移动\JLinkSettings.ini"
 
JLink info:
------------
DLL: V4.15n, compiled Jun 18 2010 19:55:09
Firmware: J-Link ARM V8 compiled May 20 2010 17:07:46
Hardware: V8.00
S/N : 20100214 
Feature(s) : RDI,FlashDL,FlashBP,JFlash,GDBFull 
 
* JLink Info: TotalIRLen = 9, IRPrint = 0x0011
* JLink Info: Found Cortex-M3 r1p1, Little endian.
* JLink Info: TPIU fitted.
* JLink Info: ETM fitted.
* JLink Info:   FPUnit: 6 code (BP) slots and 2 literal slots
ROMTableAddr = 0xE00FF003
 
Target info:
------------
Device: STM32F103VE
VTarget = 3.274V
State of Pins: 
TCK: 1, TDI: 0, TDO: 0, TMS: 0, TRES: 1, TRST: 1
* JLink Info: TotalIRLen = 9, IRPrint = 0x0011
* JLink Info: Found Cortex-M3 r1p1, Little endian.
* JLink Info: TPIU fitted.
* JLink Info: ETM fitted.
* JLink Info:   FPUnit: 6 code (BP) slots and 2 literal slots
Hardware-Breakpoints: 6
Software-Breakpoints: 2048
Watchpoints:          4
JTAG speed: 2000 kHz
 
Full Chip Erase Done.
Programming Done.
Verify OK.
* JLink Info: TotalIRLen = 9, IRPrint = 0x0011
* JLink Info: Found Cortex-M3 r1p1, Little endian.
* JLink Info: TPIU fitted.
* JLink Info: ETM fitted.
* JLink Info:   FPUnit: 6 code (BP) slots and 2 literal slots
Application running ...
Build target 'STM32-FD-USB'
assembling startup_stm32f10x_hd.s...
compiling hw_config.c...
compiling main.c...
compiling usb_desc.c...
compiling usb_istr.c...
compiling usb_prop.c...
compiling usb_pwr.c...
compiling stm32f10x_it.c...
compiling misc.c...
compiling stm32f10x_gpio.c...
compiling stm32f10x_rcc.c...
compiling stm32f10x_flash.c...
compiling stm32f10x_usart.c...
compiling stm32f10x_exti.c...
compiling usb_core.c...
compiling usb_init.c...
compiling usb_int.c...
compiling usb_mem.c...
compiling usb_regs.c...
compiling core_cm3.c...
compiling system_stm32f10x.c...
linking...
Program Size: Code=8442 RO-data=562 RW-data=268 ZI-data=540  
FromELF: creating hex file...
".\Obj\STM32-FD-USB.axf" - 0 Error(s), 0 Warning(s).
Load "F:\\产品\\产品配套光盘\\HY-STM32_100P\\HY-STM32_100P例程\\10 USB模拟鼠标移动\\Obj\\STM32-FD-USB.AXF" 
Set JLink Project File to "F:\产品\产品配套光盘\HY-STM32_100P\HY-STM32_100P例程\10 USB模拟鼠标移动\JLinkSettings.ini"
 
JLink info:
------------
DLL: V4.15n, compiled Jun 18 2010 19:55:09
Firmware: J-Link ARM V8 compiled May 20 2010 17:07:46
Hardware: V8.00
S/N : 20100214 
Feature(s) : RDI,FlashDL,FlashBP,JFlash,GDBFull 
 
* JLink Info: TotalIRLen = 9, IRPrint = 0x0011
* JLink Info: Found Cortex-M3 r1p1, Little endian.
* JLink Info: TPIU fitted.
* JLink Info: ETM fitted.
* JLink Info:   FPUnit: 6 code (BP) slots and 2 literal slots
ROMTableAddr = 0xE00FF003
 
Target info:
------------
Device: STM32F103VE
VTarget = 3.274V
State of Pins: 
TCK: 1, TDI: 0, TDO: 0, TMS: 0, TRES: 1, TRST: 1
* JLink Info: TotalIRLen = 9, IRPrint = 0x0011
* JLink Info: Found Cortex-M3 r1p1, Little endian.
* JLink Info: TPIU fitted.
* JLink Info: ETM fitted.
* JLink Info:   FPUnit: 6 code (BP) slots and 2 literal slots
Hardware-Breakpoints: 6
Software-Breakpoints: 2048
Watchpoints:          4
JTAG speed: 2000 kHz
 
Full Chip Erase Done.
Programming Done.
Verify OK.
* JLink Info: TotalIRLen = 9, IRPrint = 0x0011
* JLink Info: Found Cortex-M3 r1p1, Little endian.
* JLink Info: TPIU fitted.
* JLink Info: ETM fitted.
* JLink Info:   FPUnit: 6 code (BP) slots and 2 literal slots
Application running ...
Build target 'STM32-FD-USB'
assembling startup_stm32f10x_hd.s...
compiling hw_config.c...
compiling main.c...
compiling usb_desc.c...
compiling usb_istr.c...
compiling usb_prop.c...
compiling usb_pwr.c...
compiling stm32f10x_it.c...
compiling misc.c...
compiling stm32f10x_gpio.c...
compiling stm32f10x_rcc.c...
compiling stm32f10x_flash.c...
compiling stm32f10x_usart.c...
compiling stm32f10x_exti.c...
compiling usb_core.c...
compiling usb_init.c...
compiling usb_int.c...
compiling usb_mem.c...
compiling usb_regs.c...
compiling core_cm3.c...
compiling system_stm32f10x.c...
linking...
Program Size: Code=8442 RO-data=562 RW-data=268 ZI-data=540  
FromELF: creating hex file...
".\Obj\STM32-FD-USB.axf" - 0 Error(s), 0 Warning(s).
Load "F:\\产品\\产品配套光盘\\HY-STM32_100P\\HY-STM32_100P例程\\10 USB模拟鼠标移动\\Obj\\STM32-FD-USB.AXF" 
Set JLink Project File to "F:\产品\产品配套光盘\HY-STM32_100P\HY-STM32_100P例程\10 USB模拟鼠标移动\JLinkSettings.ini"
 
JLink info:
------------
DLL: V4.15n, compiled Jun 18 2010 19:55:09
Firmware: J-Link ARM V8 compiled May 20 2010 17:07:46
Hardware: V8.00
S/N : 20100214 
Feature(s) : RDI,FlashDL,FlashBP,JFlash,GDBFull 
 
* JLink Info: TotalIRLen = 9, IRPrint = 0x0011
* JLink Info: Found Cortex-M3 r1p1, Little endian.
* JLink Info: TPIU fitted.
* JLink Info: ETM fitted.
* JLink Info:   FPUnit: 6 code (BP) slots and 2 literal slots
ROMTableAddr = 0xE00FF003
 
Target info:
------------
Device: STM32F103VE
VTarget = 3.280V
State of Pins: 
TCK: 1, TDI: 0, TDO: 0, TMS: 0, TRES: 1, TRST: 1
* JLink Info: TotalIRLen = 9, IRPrint = 0x0011
* JLink Info: Found Cortex-M3 r1p1, Little endian.
* JLink Info: TPIU fitted.
* JLink Info: ETM fitted.
* JLink Info:   FPUnit: 6 code (BP) slots and 2 literal slots
Hardware-Breakpoints: 6
Software-Breakpoints: 2048
Watchpoints:          4
JTAG speed: 2000 kHz
 
Full Chip Erase Done.
Programming Done.
Verify OK.
* JLink Info: TotalIRLen = 9, IRPrint = 0x0011
* JLink Info: Found Cortex-M3 r1p1, Little endian.
* JLink Info: TPIU fitted.
* JLink Info: ETM fitted.
* JLink Info:   FPUnit: 6 code (BP) slots and 2 literal slots
Application running ...
