<html>
<body>
<pre>
<h1>礦ision Build Log</h1>
<h2>Project:</h2>
F:\产品\产品配套光盘\HY-STM32_100P\HY-STM32_100P例程\13 SD卡读写-SDIO接口\STM32-FD-SDCard-SDIO.uvproj
Project File Date:  <unknown>

<h2>Output:</h2>
Build target 'STM32-SDCard-SDIO'
compiling stm32f10x_it.c...
compiling sdcard.c...
compiling main.c...
compiling misc.c...
compiling stm32f10x_gpio.c...
compiling stm32f10x_rcc.c...
compiling stm32f10x_usart.c...
compiling stm32f10x_sdio.c...
compiling stm32f10x_dma.c...
assembling startup_stm32f10x_hd.s...
compiling system_stm32f10x.c...
compiling core_cm3.c...
linking...
Program Size: Code=9032 RO-data=336 RW-data=68 ZI-data=3780  
FromELF: creating hex file...
".\Obj\STM32_FD_SDCard-SDIO.axf" - 0 Error(s), 0 Warning(s).
Load "F:\\产品\\产品配套光盘\\HY-STM32_100P\\HY-STM32_100P例程\\13 SD卡读写-SDIO接口\\Obj\\STM32_FD_SDCard-SDIO.AXF" 
Set JLink Project File to "F:\产品\产品配套光盘\HY-STM32_100P\HY-STM32_100P例程\13 SD卡读写-SDIO接口\JLinkSettings.ini"
 
JLink info:
------------
DLL: V4.15n, compiled Jun 18 2010 19:55:09
Firmware: J-Link ARM V8 compiled May 20 2010 17:07:46
Hardware: V8.00
S/N : 20100214 
Feature(s) : RDI,FlashDL,FlashBP,JFlash,GDBFull 
 
* JLink Info: TotalIRLen = 9, IRPrint = 0x0011
* JLink Info: Found Cortex-M3 r1p1, Little endian.
* JLink Info: TPIU fitted.
* JLink Info: ETM fitted.
* JLink Info:   FPUnit: 6 code (BP) slots and 2 literal slots
ROMTableAddr = 0xE00FF003
 
Target info:
------------
Device: STM32F103VE
VTarget = 3.274V
State of Pins: 
TCK: 1, TDI: 0, TDO: 0, TMS: 0, TRES: 1, TRST: 1
* JLink Info: TotalIRLen = 9, IRPrint = 0x0011
* JLink Info: Found Cortex-M3 r1p1, Little endian.
* JLink Info: TPIU fitted.
* JLink Info: ETM fitted.
* JLink Info:   FPUnit: 6 code (BP) slots and 2 literal slots
Hardware-Breakpoints: 6
Software-Breakpoints: 2048
Watchpoints:          4
JTAG speed: 2000 kHz
 
Full Chip Erase Done.
Programming Done.
Verify OK.
* JLink Info: TotalIRLen = 9, IRPrint = 0x0011
* JLink Info: Found Cortex-M3 r1p1, Little endian.
* JLink Info: TPIU fitted.
* JLink Info: ETM fitted.
* JLink Info:   FPUnit: 6 code (BP) slots and 2 literal slots
Application running ...
