<html>
<body>
<pre>
<h1>礦ision Build Log</h1>
<h2>Project:</h2>
F:\产品\产品配套光盘\HY-STM32_100P\HY-STM32_100P例程\16 uCOSII2.86DEM\APP\STM32-FD-uCOSII2.86DEMO.uvproj
Project File Date:  06/18/2011

<h2>Output:</h2>
Build target 'STM32-FD-uCos286DEMO'
compiling app.c...
app.c(79): warning:  #223-D: function "BSP_IntDisAll" declared implicitly
app.c:      BSP_IntDisAll();                                            /* Disable all ints until we are ready to accept them.  */
app.c:      ^
app.c(165): warning:  #177-D: variable "os_err" was declared but never referenced
app.c:      CPU_INT08U os_err;
app.c:                 ^
app.c(163): warning:  #177-D: function "App_TaskCreate" was declared but never referenced
app.c:   static  void App_TaskCreate(void)
app.c:                ^
app.c: app.c: 3 warnings, 0 errors
assembling vectors.s...
compiling bsp.c...
..\BSP\bsp.c(146): warning:  #223-D: function "USART1_Config" declared implicitly
..\BSP\bsp.c:     USART1_Config(115200);
..\BSP\bsp.c:     ^
..\BSP\bsp.c: ..\BSP\bsp.c: 1 warning, 0 errors
assembling init.s...
compiling bsp_int.c...
compiling stm32f10x_adc.c...
compiling stm32f10x_bkp.c...
compiling stm32f10x_can.c...
compiling stm32f10x_crc.c...
compiling stm32f10x_dac.c...
compiling stm32f10x_dbgmcu.c...
compiling stm32f10x_dma.c...
compiling stm32f10x_exti.c...
compiling stm32f10x_flash.c...
compiling stm32f10x_fsmc.c...
compiling stm32f10x_gpio.c...
compiling stm32f10x_i2c.c...
compiling stm32f10x_iwdg.c...
compiling stm32f10x_pwr.c...
compiling stm32f10x_rcc.c...
compiling stm32f10x_rtc.c...
compiling stm32f10x_sdio.c...
compiling stm32f10x_spi.c...
compiling stm32f10x_tim.c...
compiling stm32f10x_usart.c...
compiling stm32f10x_wwdg.c...
compiling system_stm32f10x.c...
compiling misc.c...
assembling cpu_a.asm...
compiling cpu_c.c...
compiling os_core.c...
compiling os_flag.c...
compiling os_mbox.c...
compiling os_mem.c...
compiling os_mutex.c...
compiling os_q.c...
compiling os_sem.c...
compiling os_task.c...
compiling os_time.c...
compiling os_tmr.c...
compiling os_cpu_c.c...
compiling os_dbg.c...
assembling os_cpu_a.asm...
compiling lib_mem.c...
compiling lib_str.c...
assembling lib_mem_a.asm...
compiling Usart.c...
linking...
Program Size: Code=6320 RO-data=288 RW-data=84 ZI-data=4536  
FromELF: creating hex file...
"..\Obj\STM32-FD-286Demo.axf" - 0 Error(s), 4 Warning(s).
Load "..\\Obj\\STM32-FD-286Demo.AXF" 
Set JLink Project File to "F:\产品\产品配套光盘\HY-STM32_100P\HY-STM32_100P例程\16 uCOSII2.86DEM\APP\JLinkSettings.ini"
 
JLink info:
------------
DLL: V4.15n, compiled Jun 18 2010 19:55:09
Firmware: J-Link ARM V8 compiled May 20 2010 17:07:46
Hardware: V8.00
S/N : 20100214 
Feature(s) : RDI,FlashDL,FlashBP,JFlash,GDBFull 
 
* JLink Info: TotalIRLen = 9, IRPrint = 0x0011
* JLink Info: Found Cortex-M3 r1p1, Little endian.
* JLink Info: TPIU fitted.
* JLink Info: ETM fitted.
* JLink Info:   FPUnit: 6 code (BP) slots and 2 literal slots
ROMTableAddr = 0xE00FF003
 
Target info:
------------
Device: STM32F103VE
VTarget = 3.209V
State of Pins: 
TCK: 1, TDI: 0, TDO: 0, TMS: 0, TRES: 1, TRST: 1
* JLink Info: TotalIRLen = 9, IRPrint = 0x0011
* JLink Info: Found Cortex-M3 r1p1, Little endian.
* JLink Info: TPIU fitted.
* JLink Info: ETM fitted.
* JLink Info:   FPUnit: 6 code (BP) slots and 2 literal slots
Hardware-Breakpoints: 6
Software-Breakpoints: 2048
Watchpoints:          4
JTAG speed: 2000 kHz
 
Full Chip Erase Done.
Programming Done.
Verify OK.
* JLink Info: TotalIRLen = 9, IRPrint = 0x0011
* JLink Info: Found Cortex-M3 r1p1, Little endian.
* JLink Info: TPIU fitted.
* JLink Info: ETM fitted.
* JLink Info:   FPUnit: 6 code (BP) slots and 2 literal slots
Application running ...
