<html>
<body>
<pre>
<h1>礦ision Build Log</h1>
<h2>Project:</h2>
F:\产品\产品配套光盘\HY-STM32_100P\HY-STM32_100P例程\2.8寸屏 ILI9331\18.触摸屏校准\18.更新-触摸屏校准程序2.8\STm32-FD-Touch.uvproj
Project File Date:  06/25/2011

<h2>Output:</h2>
Build target 'STM32-FD-TOUCH'
compiling fsmc_sram.c...
compiling lcd_dis24.c...
compiling touch.c...
user\touch.c(592): warning:  #174-D: expression has no effect
user\touch.c:                   else if(x>20,x<=40) POINT_COLOR=BLUE;
user\touch.c:                           ^
user\touch.c(593): warning:  #174-D: expression has no effect
user\touch.c:                   else if(x>40,x<=60) POINT_COLOR=GREEN;
user\touch.c:                           ^
user\touch.c(594): warning:  #174-D: expression has no effect
user\touch.c:                   else if(x>60,x<=80) POINT_COLOR=GRED;
user\touch.c:                           ^
user\touch.c(595): warning:  #174-D: expression has no effect
user\touch.c:                   else if(x>80,x<=100) POINT_COLOR=BRED;  
user\touch.c:                           ^
user\touch.c(596): warning:  #174-D: expression has no effect
user\touch.c:                   else if(x>100,x<=120) POINT_COLOR=BLACK;
user\touch.c:                           ^
user\touch.c: user\touch.c: 5 warnings, 0 errors
compiling stm32f10x_it.c...
compiling SPI_Flash.c...
user\SPI_Flash.c(142): warning:  #940-D: missing return statement at end of non-void function "M25P16_RamTo_buf"
user\SPI_Flash.c:   }
user\SPI_Flash.c:   ^
user\SPI_Flash.c(200): warning:  #940-D: missing return statement at end of non-void function "M25P80_buf_ToRam"
user\SPI_Flash.c:   }
user\SPI_Flash.c:   ^
user\SPI_Flash.c: user\SPI_Flash.c: 2 warnings, 0 errors
compiling stm32f10x_spi.c...
compiling misc.c...
compiling stm32f10x_exti.c...
compiling stm32f10x_fsmc.c...
compiling stm32f10x_gpio.c...
compiling stm32f10x_rcc.c...
compiling stm32f10x_usart.c...
assembling startup_stm32f10x_hd.s...
compiling core_cm3.c...
compiling system_stm32f10x.c...
linking...
Program Size: Code=18014 RO-data=1478 RW-data=156 ZI-data=652  
FromELF: creating hex file...
".\obj\stm32-fd-touch.axf" - 0 Error(s), 7 Warning(s).
