<html>
<body>
<pre>
<h1>礦ision Build Log</h1>
<h2>Project:</h2>
F:\产品\产品配套光盘\HY-STM32_100P\HY-STM32_100P例程\09 M25P16-SPI读写\STM32-FD-AT45DB161D-SPI.uvproj
Project File Date:  06/18/2011

<h2>Output:</h2>
Build target 'STM32-SPI-AT45DB161D'
compiling main.c...
compiling stm32f10x_it.c...
compiling SPI_Flash.c...
user\SPI_Flash.c(171): warning:  #940-D: missing return statement at end of non-void function "M25P80_buf_ToRam"
user\SPI_Flash.c:   }
user\SPI_Flash.c:   ^
user\SPI_Flash.c(194): warning:  #940-D: missing return statement at end of non-void function "M25P16_RamTo_buf"
user\SPI_Flash.c:   }
user\SPI_Flash.c:   ^
user\SPI_Flash.c: user\SPI_Flash.c: 2 warnings, 0 errors
compiling misc.c...
compiling stm32f10x_gpio.c...
compiling stm32f10x_rcc.c...
compiling stm32f10x_spi.c...
compiling stm32f10x_usart.c...
assembling startup_stm32f10x_hd.s...
compiling system_stm32f10x.c...
compiling core_cm3.c...
linking...
Program Size: Code=2372 RO-data=336 RW-data=112 ZI-data=1144  
FromELF: creating hex file...
".\Obj\STM32_FD_AD45DB161D-SPI.axf" - 0 Error(s), 2 Warning(s).
Load "F:\\产品\\产品配套光盘\\HY-STM32_100P\\HY-STM32_100P例程\\09 M25P16-SPI读写\\Obj\\STM32_FD_AD45DB161D-SPI.AXF" 
Set JLink Project File to "F:\产品\产品配套光盘\HY-STM32_100P\HY-STM32_100P例程\09 M25P16-SPI读写\JLinkSettings.ini"
 
JLink info:
------------
DLL: V4.15n, compiled Jun 18 2010 19:55:09
Firmware: J-Link ARM V8 compiled May 20 2010 17:07:46
Hardware: V8.00
S/N : 20100214 
Feature(s) : RDI,FlashDL,FlashBP,JFlash,GDBFull 
 
* JLink Info: TotalIRLen = 9, IRPrint = 0x0011
* JLink Info: Found Cortex-M3 r1p1, Little endian.
* JLink Info: TPIU fitted.
* JLink Info: ETM fitted.
* JLink Info:   FPUnit: 6 code (BP) slots and 2 literal slots
ROMTableAddr = 0xE00FF003
 
Target info:
------------
Device: STM32F103VE
VTarget = 3.274V
State of Pins: 
TCK: 1, TDI: 0, TDO: 1, TMS: 0, TRES: 1, TRST: 1
* JLink Info: TotalIRLen = 9, IRPrint = 0x0011
* JLink Info: Found Cortex-M3 r1p1, Little endian.
* JLink Info: TPIU fitted.
* JLink Info: ETM fitted.
* JLink Info:   FPUnit: 6 code (BP) slots and 2 literal slots
Hardware-Breakpoints: 6
Software-Breakpoints: 2048
Watchpoints:          4
JTAG speed: 2000 kHz
 
Full Chip Erase Done.
Programming Done.
Verify OK.
* JLink Info: TotalIRLen = 9, IRPrint = 0x0011
* JLink Info: Found Cortex-M3 r1p1, Little endian.
* JLink Info: TPIU fitted.
* JLink Info: ETM fitted.
* JLink Info:   FPUnit: 6 code (BP) slots and 2 literal slots
Application running ...
