<html>
<body>
<pre>
<h1>礦ision Build Log</h1>
<h2>Project:</h2>
F:\产品\产品配套光盘\HY-STM32_100P\HY-STM32_100P例程\2.8寸屏 ILI9331\12  FSMC接口TFT显示图片\12 FSMC接口TFT显示图片 1\STM32-LCD-TFT.uvproj
Project File Date:  06/18/2011

<h2>Output:</h2>
Build target 'STM3210B-EVAL'
compiling fsmc_sram.c...
compiling lcd_dis24.c...
compiling main.c...
compiling pic.c...
compiling stm32f10x_it.c...
compiling misc.c...
compiling stm32f10x_exti.c...
compiling stm32f10x_fsmc.c...
compiling stm32f10x_gpio.c...
compiling stm32f10x_rcc.c...
compiling stm32f10x_usart.c...
assembling startup_stm32f10x_hd.s...
compiling core_cm3.c...
compiling system_stm32f10x.c...
linking...
Program Size: Code=3580 RO-data=155768 RW-data=4 ZI-data=516  
FromELF: creating hex file...
".\Obj\STM32_FD_USART.axf" - 0 Error(s), 0 Warning(s).
Build target 'STM3210B-EVAL'
compiling fsmc_sram.c...
compiling lcd_dis24.c...
compiling main.c...
compiling pic.c...
compiling stm32f10x_it.c...
compiling misc.c...
compiling stm32f10x_exti.c...
compiling stm32f10x_fsmc.c...
compiling stm32f10x_gpio.c...
compiling stm32f10x_rcc.c...
compiling stm32f10x_usart.c...
assembling startup_stm32f10x_hd.s...
compiling core_cm3.c...
compiling system_stm32f10x.c...
linking...
Program Size: Code=3580 RO-data=155768 RW-data=4 ZI-data=516  
FromELF: creating hex file...
".\Obj\STM32_FD_USART.axf" - 0 Error(s), 0 Warning(s).
Build target 'STM3210B-EVAL'
compiling fsmc_sram.c...
compiling lcd_dis24.c...
user\lcd_dis24.c(483): warning:  #177-D: variable "temp" was declared but never referenced
user\lcd_dis24.c:       unsigned int  temp=0;
user\lcd_dis24.c:                     ^
user\lcd_dis24.c(485): warning:  #550-D: variable "n" was set but never used
user\lcd_dis24.c:       unsigned long n;
user\lcd_dis24.c:                     ^
user\lcd_dis24.c: user\lcd_dis24.c: 2 warnings, 0 errors
compiling main.c...
compiling pic.c...
compiling stm32f10x_it.c...
compiling misc.c...
compiling stm32f10x_exti.c...
compiling stm32f10x_fsmc.c...
compiling stm32f10x_gpio.c...
compiling stm32f10x_rcc.c...
compiling stm32f10x_usart.c...
assembling startup_stm32f10x_hd.s...
compiling core_cm3.c...
compiling system_stm32f10x.c...
linking...
Program Size: Code=3036 RO-data=2168 RW-data=4 ZI-data=516  
FromELF: creating hex file...
".\Obj\STM32_FD_USART.axf" - 0 Error(s), 2 Warning(s).
Build target 'STM3210B-EVAL'
compiling fsmc_sram.c...
compiling lcd_dis24.c...
user\lcd_dis24.c(483): warning:  #177-D: variable "temp" was declared but never referenced
user\lcd_dis24.c:       unsigned int  temp=0;
user\lcd_dis24.c:                     ^
user\lcd_dis24.c(485): warning:  #550-D: variable "n" was set but never used
user\lcd_dis24.c:       unsigned long n;
user\lcd_dis24.c:                     ^
user\lcd_dis24.c: user\lcd_dis24.c: 2 warnings, 0 errors
compiling main.c...
compiling pic.c...
compiling stm32f10x_it.c...
compiling misc.c...
compiling stm32f10x_exti.c...
compiling stm32f10x_fsmc.c...
compiling stm32f10x_gpio.c...
compiling stm32f10x_rcc.c...
compiling stm32f10x_usart.c...
assembling startup_stm32f10x_hd.s...
compiling core_cm3.c...
compiling system_stm32f10x.c...
linking...
Program Size: Code=3036 RO-data=2168 RW-data=4 ZI-data=516  
FromELF: creating hex file...
".\Obj\STM32_FD_USART.axf" - 0 Error(s), 2 Warning(s).
Build target 'STM3210B-EVAL'
compiling fsmc_sram.c...
compiling lcd_dis24.c...
user\lcd_dis24.c(403): warning:  #177-D: variable "temp" was declared but never referenced
user\lcd_dis24.c:       unsigned int  temp=0;
user\lcd_dis24.c:                     ^
user\lcd_dis24.c(405): warning:  #550-D: variable "n" was set but never used
user\lcd_dis24.c:       unsigned long n;
user\lcd_dis24.c:                     ^
user\lcd_dis24.c: user\lcd_dis24.c: 2 warnings, 0 errors
compiling main.c...
compiling pic.c...
compiling stm32f10x_it.c...
compiling misc.c...
compiling stm32f10x_exti.c...
compiling stm32f10x_fsmc.c...
compiling stm32f10x_gpio.c...
compiling stm32f10x_rcc.c...
compiling stm32f10x_usart.c...
assembling startup_stm32f10x_hd.s...
compiling core_cm3.c...
compiling system_stm32f10x.c...
linking...
Program Size: Code=3036 RO-data=2168 RW-data=4 ZI-data=516  
FromELF: creating hex file...
".\Obj\STM32_FD_USART.axf" - 0 Error(s), 2 Warning(s).
Build target 'STM3210B-EVAL'
compiling fsmc_sram.c...
compiling lcd_dis24.c...
user\lcd_dis24.c(403): warning:  #177-D: variable "temp" was declared but never referenced
user\lcd_dis24.c:       unsigned int  temp=0;
user\lcd_dis24.c:                     ^
user\lcd_dis24.c(405): warning:  #550-D: variable "n" was set but never used
user\lcd_dis24.c:       unsigned long n;
user\lcd_dis24.c:                     ^
user\lcd_dis24.c: user\lcd_dis24.c: 2 warnings, 0 errors
compiling main.c...
compiling pic.c...
compiling stm32f10x_it.c...
compiling misc.c...
compiling stm32f10x_exti.c...
compiling stm32f10x_fsmc.c...
compiling stm32f10x_gpio.c...
compiling stm32f10x_rcc.c...
compiling stm32f10x_usart.c...
assembling startup_stm32f10x_hd.s...
compiling core_cm3.c...
compiling system_stm32f10x.c...
linking...
Program Size: Code=3544 RO-data=2168 RW-data=4 ZI-data=516  
FromELF: creating hex file...
".\Obj\STM32_FD_USART.axf" - 0 Error(s), 2 Warning(s).
Build target 'STM3210B-EVAL'
compiling fsmc_sram.c...
compiling lcd_dis24.c...
user\lcd_dis24.c(381): warning:  #177-D: variable "temp" was declared but never referenced
user\lcd_dis24.c:       unsigned int  temp=0;
user\lcd_dis24.c:                     ^
user\lcd_dis24.c(383): warning:  #550-D: variable "n" was set but never used
user\lcd_dis24.c:       unsigned long n;
user\lcd_dis24.c:                     ^
user\lcd_dis24.c: user\lcd_dis24.c: 2 warnings, 0 errors
compiling main.c...
compiling pic.c...
compiling stm32f10x_it.c...
compiling misc.c...
compiling stm32f10x_exti.c...
compiling stm32f10x_fsmc.c...
compiling stm32f10x_gpio.c...
compiling stm32f10x_rcc.c...
compiling stm32f10x_usart.c...
assembling startup_stm32f10x_hd.s...
compiling core_cm3.c...
compiling system_stm32f10x.c...
linking...
Program Size: Code=3388 RO-data=2168 RW-data=4 ZI-data=516  
FromELF: creating hex file...
".\Obj\STM32_FD_USART.axf" - 0 Error(s), 2 Warning(s).
Build target 'STM3210B-EVAL'
compiling fsmc_sram.c...
compiling lcd_dis24.c...
user\lcd_dis24.c(366): warning:  #177-D: variable "temp" was declared but never referenced
user\lcd_dis24.c:       unsigned int  temp=0;
user\lcd_dis24.c:                     ^
user\lcd_dis24.c(368): warning:  #550-D: variable "n" was set but never used
user\lcd_dis24.c:       unsigned long n;
user\lcd_dis24.c:                     ^
user\lcd_dis24.c: user\lcd_dis24.c: 2 warnings, 0 errors
compiling main.c...
compiling pic.c...
compiling stm32f10x_it.c...
compiling misc.c...
compiling stm32f10x_exti.c...
compiling stm32f10x_fsmc.c...
compiling stm32f10x_gpio.c...
compiling stm32f10x_rcc.c...
compiling stm32f10x_usart.c...
assembling startup_stm32f10x_hd.s...
compiling core_cm3.c...
compiling system_stm32f10x.c...
linking...
Program Size: Code=3292 RO-data=2168 RW-data=4 ZI-data=516  
FromELF: creating hex file...
".\Obj\STM32_FD_USART.axf" - 0 Error(s), 2 Warning(s).
Build target 'STM3210B-EVAL'
compiling fsmc_sram.c...
compiling lcd_dis24.c...
user\lcd_dis24.c(350): warning:  #177-D: variable "temp" was declared but never referenced
user\lcd_dis24.c:       unsigned int  temp=0;
user\lcd_dis24.c:                     ^
user\lcd_dis24.c(352): warning:  #550-D: variable "n" was set but never used
user\lcd_dis24.c:       unsigned long n;
user\lcd_dis24.c:                     ^
user\lcd_dis24.c: user\lcd_dis24.c: 2 warnings, 0 errors
compiling main.c...
compiling pic.c...
compiling stm32f10x_it.c...
compiling misc.c...
compiling stm32f10x_exti.c...
compiling stm32f10x_fsmc.c...
compiling stm32f10x_gpio.c...
compiling stm32f10x_rcc.c...
compiling stm32f10x_usart.c...
assembling startup_stm32f10x_hd.s...
compiling core_cm3.c...
compiling system_stm32f10x.c...
linking...
Program Size: Code=3172 RO-data=2168 RW-data=4 ZI-data=516  
FromELF: creating hex file...
".\Obj\STM32_FD_USART.axf" - 0 Error(s), 2 Warning(s).
Build target 'STM3210B-EVAL'
compiling fsmc_sram.c...
compiling lcd_dis24.c...
user\lcd_dis24.c(348): warning:  #177-D: variable "temp" was declared but never referenced
user\lcd_dis24.c:       unsigned int  temp=0;
user\lcd_dis24.c:                     ^
user\lcd_dis24.c(350): warning:  #550-D: variable "n" was set but never used
user\lcd_dis24.c:       unsigned long n;
user\lcd_dis24.c:                     ^
user\lcd_dis24.c: user\lcd_dis24.c: 2 warnings, 0 errors
compiling main.c...
compiling pic.c...
compiling stm32f10x_it.c...
compiling misc.c...
compiling stm32f10x_exti.c...
compiling stm32f10x_fsmc.c...
compiling stm32f10x_gpio.c...
compiling stm32f10x_rcc.c...
compiling stm32f10x_usart.c...
assembling startup_stm32f10x_hd.s...
compiling core_cm3.c...
compiling system_stm32f10x.c...
linking...
Program Size: Code=3152 RO-data=2168 RW-data=4 ZI-data=516  
FromELF: creating hex file...
".\Obj\STM32_FD_USART.axf" - 0 Error(s), 2 Warning(s).
Build target 'STM3210B-EVAL'
compiling fsmc_sram.c...
compiling lcd_dis24.c...
user\lcd_dis24.c(347): warning:  #177-D: variable "temp" was declared but never referenced
user\lcd_dis24.c:       unsigned int  temp=0;
user\lcd_dis24.c:                     ^
user\lcd_dis24.c(349): warning:  #550-D: variable "n" was set but never used
user\lcd_dis24.c:       unsigned long n;
user\lcd_dis24.c:                     ^
user\lcd_dis24.c: user\lcd_dis24.c: 2 warnings, 0 errors
compiling main.c...
compiling pic.c...
compiling stm32f10x_it.c...
compiling misc.c...
compiling stm32f10x_exti.c...
compiling stm32f10x_fsmc.c...
compiling stm32f10x_gpio.c...
compiling stm32f10x_rcc.c...
compiling stm32f10x_usart.c...
assembling startup_stm32f10x_hd.s...
compiling core_cm3.c...
compiling system_stm32f10x.c...
linking...
Program Size: Code=3140 RO-data=2168 RW-data=4 ZI-data=516  
FromELF: creating hex file...
".\Obj\STM32_FD_USART.axf" - 0 Error(s), 2 Warning(s).
Build target 'STM3210B-EVAL'
compiling fsmc_sram.c...
compiling lcd_dis24.c...
user\lcd_dis24.c(341): warning:  #177-D: variable "temp" was declared but never referenced
user\lcd_dis24.c:       unsigned int  temp=0;
user\lcd_dis24.c:                     ^
user\lcd_dis24.c(343): warning:  #550-D: variable "n" was set but never used
user\lcd_dis24.c:       unsigned long n;
user\lcd_dis24.c:                     ^
user\lcd_dis24.c: user\lcd_dis24.c: 2 warnings, 0 errors
compiling main.c...
compiling pic.c...
compiling stm32f10x_it.c...
compiling misc.c...
compiling stm32f10x_exti.c...
compiling stm32f10x_fsmc.c...
compiling stm32f10x_gpio.c...
compiling stm32f10x_rcc.c...
compiling stm32f10x_usart.c...
assembling startup_stm32f10x_hd.s...
compiling core_cm3.c...
compiling system_stm32f10x.c...
linking...
Program Size: Code=3092 RO-data=2168 RW-data=4 ZI-data=516  
FromELF: creating hex file...
".\Obj\STM32_FD_USART.axf" - 0 Error(s), 2 Warning(s).
Build target 'STM3210B-EVAL'
compiling fsmc_sram.c...
compiling lcd_dis24.c...
user\lcd_dis24.c(339): warning:  #177-D: variable "temp" was declared but never referenced
user\lcd_dis24.c:       unsigned int  temp=0;
user\lcd_dis24.c:                     ^
user\lcd_dis24.c(341): warning:  #550-D: variable "n" was set but never used
user\lcd_dis24.c:       unsigned long n;
user\lcd_dis24.c:                     ^
user\lcd_dis24.c: user\lcd_dis24.c: 2 warnings, 0 errors
compiling main.c...
compiling pic.c...
compiling stm32f10x_it.c...
compiling misc.c...
compiling stm32f10x_exti.c...
compiling stm32f10x_fsmc.c...
compiling stm32f10x_gpio.c...
compiling stm32f10x_rcc.c...
compiling stm32f10x_usart.c...
assembling startup_stm32f10x_hd.s...
compiling core_cm3.c...
compiling system_stm32f10x.c...
linking...
Program Size: Code=3084 RO-data=2168 RW-data=4 ZI-data=516  
FromELF: creating hex file...
".\Obj\STM32_FD_USART.axf" - 0 Error(s), 2 Warning(s).
Build target 'STM3210B-EVAL'
compiling fsmc_sram.c...
compiling lcd_dis24.c...
user\lcd_dis24.c(338): warning:  #177-D: variable "temp" was declared but never referenced
user\lcd_dis24.c:       unsigned int  temp=0;
user\lcd_dis24.c:                     ^
user\lcd_dis24.c(340): warning:  #550-D: variable "n" was set but never used
user\lcd_dis24.c:       unsigned long n;
user\lcd_dis24.c:                     ^
user\lcd_dis24.c: user\lcd_dis24.c: 2 warnings, 0 errors
compiling main.c...
compiling pic.c...
compiling stm32f10x_it.c...
compiling misc.c...
compiling stm32f10x_exti.c...
compiling stm32f10x_fsmc.c...
compiling stm32f10x_gpio.c...
compiling stm32f10x_rcc.c...
compiling stm32f10x_usart.c...
assembling startup_stm32f10x_hd.s...
compiling core_cm3.c...
compiling system_stm32f10x.c...
linking...
Program Size: Code=3076 RO-data=2168 RW-data=4 ZI-data=516  
FromELF: creating hex file...
".\Obj\STM32_FD_USART.axf" - 0 Error(s), 2 Warning(s).
Build target 'STM3210B-EVAL'
compiling fsmc_sram.c...
compiling lcd_dis24.c...
user\lcd_dis24.c(337): warning:  #177-D: variable "temp" was declared but never referenced
user\lcd_dis24.c:       unsigned int  temp=0;
user\lcd_dis24.c:                     ^
user\lcd_dis24.c(339): warning:  #550-D: variable "n" was set but never used
user\lcd_dis24.c:       unsigned long n;
user\lcd_dis24.c:                     ^
user\lcd_dis24.c: user\lcd_dis24.c: 2 warnings, 0 errors
compiling main.c...
compiling pic.c...
compiling stm32f10x_it.c...
compiling misc.c...
compiling stm32f10x_exti.c...
compiling stm32f10x_fsmc.c...
compiling stm32f10x_gpio.c...
compiling stm32f10x_rcc.c...
compiling stm32f10x_usart.c...
assembling startup_stm32f10x_hd.s...
compiling core_cm3.c...
compiling system_stm32f10x.c...
linking...
Program Size: Code=3068 RO-data=2168 RW-data=4 ZI-data=516  
FromELF: creating hex file...
".\Obj\STM32_FD_USART.axf" - 0 Error(s), 2 Warning(s).
Build target 'STM3210B-EVAL'
compiling fsmc_sram.c...
compiling lcd_dis24.c...
user\lcd_dis24.c(337): warning:  #177-D: variable "temp" was declared but never referenced
user\lcd_dis24.c:       unsigned int  temp=0;
user\lcd_dis24.c:                     ^
user\lcd_dis24.c(339): warning:  #550-D: variable "n" was set but never used
user\lcd_dis24.c:       unsigned long n;
user\lcd_dis24.c:                     ^
user\lcd_dis24.c: user\lcd_dis24.c: 2 warnings, 0 errors
compiling main.c...
compiling pic.c...
compiling stm32f10x_it.c...
compiling misc.c...
compiling stm32f10x_exti.c...
compiling stm32f10x_fsmc.c...
compiling stm32f10x_gpio.c...
compiling stm32f10x_rcc.c...
compiling stm32f10x_usart.c...
assembling startup_stm32f10x_hd.s...
compiling core_cm3.c...
compiling system_stm32f10x.c...
linking...
Program Size: Code=3064 RO-data=2168 RW-data=4 ZI-data=516  
FromELF: creating hex file...
".\Obj\STM32_FD_USART.axf" - 0 Error(s), 2 Warning(s).
Build target 'STM3210B-EVAL'
compiling fsmc_sram.c...
compiling lcd_dis24.c...
user\lcd_dis24.c(336): warning:  #177-D: variable "temp" was declared but never referenced
user\lcd_dis24.c:       unsigned int  temp=0;
user\lcd_dis24.c:                     ^
user\lcd_dis24.c(338): warning:  #550-D: variable "n" was set but never used
user\lcd_dis24.c:       unsigned long n;
user\lcd_dis24.c:                     ^
user\lcd_dis24.c: user\lcd_dis24.c: 2 warnings, 0 errors
compiling main.c...
compiling pic.c...
compiling stm32f10x_it.c...
compiling misc.c...
compiling stm32f10x_exti.c...
compiling stm32f10x_fsmc.c...
compiling stm32f10x_gpio.c...
compiling stm32f10x_rcc.c...
compiling stm32f10x_usart.c...
assembling startup_stm32f10x_hd.s...
compiling core_cm3.c...
compiling system_stm32f10x.c...
linking...
Program Size: Code=3048 RO-data=2168 RW-data=4 ZI-data=516  
FromELF: creating hex file...
".\Obj\STM32_FD_USART.axf" - 0 Error(s), 2 Warning(s).
Build target 'STM3210B-EVAL'
compiling fsmc_sram.c...
compiling lcd_dis24.c...
user\lcd_dis24.c(336): warning:  #177-D: variable "temp" was declared but never referenced
user\lcd_dis24.c:       unsigned int  temp=0;
user\lcd_dis24.c:                     ^
user\lcd_dis24.c(338): warning:  #550-D: variable "n" was set but never used
user\lcd_dis24.c:       unsigned long n;
user\lcd_dis24.c:                     ^
user\lcd_dis24.c: user\lcd_dis24.c: 2 warnings, 0 errors
compiling main.c...
compiling pic.c...
compiling stm32f10x_it.c...
compiling misc.c...
compiling stm32f10x_exti.c...
compiling stm32f10x_fsmc.c...
compiling stm32f10x_gpio.c...
compiling stm32f10x_rcc.c...
compiling stm32f10x_usart.c...
assembling startup_stm32f10x_hd.s...
compiling core_cm3.c...
compiling system_stm32f10x.c...
linking...
Program Size: Code=3032 RO-data=2168 RW-data=4 ZI-data=516  
FromELF: creating hex file...
".\Obj\STM32_FD_USART.axf" - 0 Error(s), 2 Warning(s).
Build target 'STM3210B-EVAL'
compiling fsmc_sram.c...
compiling lcd_dis24.c...
user\lcd_dis24.c(336): warning:  #177-D: variable "temp" was declared but never referenced
user\lcd_dis24.c:       unsigned int  temp=0;
user\lcd_dis24.c:                     ^
user\lcd_dis24.c(338): warning:  #550-D: variable "n" was set but never used
user\lcd_dis24.c:       unsigned long n;
user\lcd_dis24.c:                     ^
user\lcd_dis24.c: user\lcd_dis24.c: 2 warnings, 0 errors
compiling main.c...
compiling pic.c...
compiling stm32f10x_it.c...
compiling misc.c...
compiling stm32f10x_exti.c...
compiling stm32f10x_fsmc.c...
compiling stm32f10x_gpio.c...
compiling stm32f10x_rcc.c...
compiling stm32f10x_usart.c...
assembling startup_stm32f10x_hd.s...
compiling core_cm3.c...
compiling system_stm32f10x.c...
linking...
Program Size: Code=3036 RO-data=2168 RW-data=4 ZI-data=516  
FromELF: creating hex file...
".\Obj\STM32_FD_USART.axf" - 0 Error(s), 2 Warning(s).
Build target 'STM3210B-EVAL'
compiling fsmc_sram.c...
compiling lcd_dis24.c...
user\lcd_dis24.c(336): warning:  #177-D: variable "temp" was declared but never referenced
user\lcd_dis24.c:       unsigned int  temp=0;
user\lcd_dis24.c:                     ^
user\lcd_dis24.c(338): warning:  #550-D: variable "n" was set but never used
user\lcd_dis24.c:       unsigned long n;
user\lcd_dis24.c:                     ^
user\lcd_dis24.c: user\lcd_dis24.c: 2 warnings, 0 errors
compiling main.c...
compiling pic.c...
compiling stm32f10x_it.c...
compiling misc.c...
compiling stm32f10x_exti.c...
compiling stm32f10x_fsmc.c...
compiling stm32f10x_gpio.c...
compiling stm32f10x_rcc.c...
compiling stm32f10x_usart.c...
assembling startup_stm32f10x_hd.s...
compiling core_cm3.c...
compiling system_stm32f10x.c...
linking...
Program Size: Code=3032 RO-data=2168 RW-data=4 ZI-data=516  
FromELF: creating hex file...
".\Obj\STM32_FD_USART.axf" - 0 Error(s), 2 Warning(s).
Build target 'STM3210B-EVAL'
compiling fsmc_sram.c...
compiling lcd_dis24.c...
user\lcd_dis24.c(339): warning:  #177-D: variable "temp" was declared but never referenced
user\lcd_dis24.c:       unsigned int  temp=0;
user\lcd_dis24.c:                     ^
user\lcd_dis24.c(341): warning:  #550-D: variable "n" was set but never used
user\lcd_dis24.c:       unsigned long n;
user\lcd_dis24.c:                     ^
user\lcd_dis24.c: user\lcd_dis24.c: 2 warnings, 0 errors
compiling main.c...
compiling pic.c...
compiling stm32f10x_it.c...
compiling misc.c...
compiling stm32f10x_exti.c...
compiling stm32f10x_fsmc.c...
compiling stm32f10x_gpio.c...
compiling stm32f10x_rcc.c...
compiling stm32f10x_usart.c...
assembling startup_stm32f10x_hd.s...
compiling core_cm3.c...
compiling system_stm32f10x.c...
linking...
Program Size: Code=3032 RO-data=2168 RW-data=4 ZI-data=516  
FromELF: creating hex file...
".\Obj\STM32_FD_USART.axf" - 0 Error(s), 2 Warning(s).
Build target 'STM3210B-EVAL'
compiling fsmc_sram.c...
compiling lcd_dis24.c...
user\lcd_dis24.c(339): warning:  #177-D: variable "temp" was declared but never referenced
user\lcd_dis24.c:       unsigned int  temp=0;
user\lcd_dis24.c:                     ^
user\lcd_dis24.c(341): warning:  #550-D: variable "n" was set but never used
user\lcd_dis24.c:       unsigned long n;
user\lcd_dis24.c:                     ^
user\lcd_dis24.c: user\lcd_dis24.c: 2 warnings, 0 errors
compiling main.c...
compiling pic.c...
compiling stm32f10x_it.c...
compiling misc.c...
compiling stm32f10x_exti.c...
compiling stm32f10x_fsmc.c...
compiling stm32f10x_gpio.c...
compiling stm32f10x_rcc.c...
compiling stm32f10x_usart.c...
assembling startup_stm32f10x_hd.s...
compiling core_cm3.c...
compiling system_stm32f10x.c...
linking...
Program Size: Code=3032 RO-data=2168 RW-data=4 ZI-data=516  
FromELF: creating hex file...
".\Obj\STM32_FD_USART.axf" - 0 Error(s), 2 Warning(s).
Build target 'STM3210B-EVAL'
compiling fsmc_sram.c...
compiling lcd_dis24.c...
compiling main.c...
compiling pic.c...
compiling stm32f10x_it.c...
compiling misc.c...
compiling stm32f10x_exti.c...
compiling stm32f10x_fsmc.c...
compiling stm32f10x_gpio.c...
compiling stm32f10x_rcc.c...
compiling stm32f10x_usart.c...
assembling startup_stm32f10x_hd.s...
compiling core_cm3.c...
compiling system_stm32f10x.c...
linking...
Program Size: Code=3068 RO-data=155768 RW-data=4 ZI-data=516  
FromELF: creating hex file...
".\Obj\STM32_FD_USART.axf" - 0 Error(s), 0 Warning(s).
