ARM Linker, RVCT4.0 [Build 524] for uVision [Professional]

==============================================================================

Section Cross References

    startup_stm32f10x_hd.o(RESET) refers to startup_stm32f10x_hd.o(.text) for Reset_Handler
    startup_stm32f10x_hd.o(RESET) refers to stm32f10x_it.o(i.WWDG_IRQHandler) for WWDG_IRQHandler
    startup_stm32f10x_hd.o(RESET) refers to stm32f10x_it.o(i.PVD_IRQHandler) for PVD_IRQHandler
    startup_stm32f10x_hd.o(RESET) refers to stm32f10x_it.o(i.TAMPER_IRQHandler) for TAMPER_IRQHandler
    startup_stm32f10x_hd.o(RESET) refers to stm32f10x_it.o(i.RTC_IRQHandler) for RTC_IRQHandler
    startup_stm32f10x_hd.o(RESET) refers to stm32f10x_it.o(i.FLASH_IRQHandler) for FLASH_IRQHandler
    startup_stm32f10x_hd.o(RESET) refers to stm32f10x_it.o(i.RCC_IRQHandler) for RCC_IRQHandler
    startup_stm32f10x_hd.o(RESET) refers to stm32f10x_it.o(i.EXTI0_IRQHandler) for EXTI0_IRQHandler
    startup_stm32f10x_hd.o(RESET) refers to stm32f10x_it.o(i.EXTI1_IRQHandler) for EXTI1_IRQHandler
    startup_stm32f10x_hd.o(RESET) refers to stm32f10x_it.o(i.EXTI2_IRQHandler) for EXTI2_IRQHandler
    startup_stm32f10x_hd.o(RESET) refers to stm32f10x_it.o(i.EXTI3_IRQHandler) for EXTI3_IRQHandler
    startup_stm32f10x_hd.o(RESET) refers to stm32f10x_it.o(i.EXTI4_IRQHandler) for EXTI4_IRQHandler
    startup_stm32f10x_hd.o(RESET) refers to stm32f10x_it.o(i.USB_LP_CAN1_RX0_IRQHandler) for USB_LP_CAN1_RX0_IRQHandler
    startup_stm32f10x_hd.o(RESET) refers to stm32f10x_it.o(i.EXTI9_5_IRQHandler) for EXTI9_5_IRQHandler
    startup_stm32f10x_hd.o(RESET) refers to stm32f10x_it.o(i.TIM1_BRK_IRQHandler) for TIM1_BRK_IRQHandler
    startup_stm32f10x_hd.o(RESET) refers to stm32f10x_it.o(i.TIM1_UP_IRQHandler) for TIM1_UP_IRQHandler
    startup_stm32f10x_hd.o(RESET) refers to stm32f10x_it.o(i.TIM1_TRG_COM_IRQHandler) for TIM1_TRG_COM_IRQHandler
    startup_stm32f10x_hd.o(RESET) refers to stm32f10x_it.o(i.TIM1_CC_IRQHandler) for TIM1_CC_IRQHandler
    startup_stm32f10x_hd.o(RESET) refers to stm32f10x_it.o(i.TIM2_IRQHandler) for TIM2_IRQHandler
    startup_stm32f10x_hd.o(RESET) refers to stm32f10x_it.o(i.TIM3_IRQHandler) for TIM3_IRQHandler
    startup_stm32f10x_hd.o(RESET) refers to stm32f10x_it.o(i.TIM4_IRQHandler) for TIM4_IRQHandler
    startup_stm32f10x_hd.o(RESET) refers to stm32f10x_it.o(i.I2C1_EV_IRQHandler) for I2C1_EV_IRQHandler
    startup_stm32f10x_hd.o(RESET) refers to stm32f10x_it.o(i.I2C1_ER_IRQHandler) for I2C1_ER_IRQHandler
    startup_stm32f10x_hd.o(RESET) refers to stm32f10x_it.o(i.I2C2_EV_IRQHandler) for I2C2_EV_IRQHandler
    startup_stm32f10x_hd.o(RESET) refers to stm32f10x_it.o(i.I2C2_ER_IRQHandler) for I2C2_ER_IRQHandler
    startup_stm32f10x_hd.o(RESET) refers to stm32f10x_it.o(i.SPI1_IRQHandler) for SPI1_IRQHandler
    startup_stm32f10x_hd.o(RESET) refers to stm32f10x_it.o(i.SPI2_IRQHandler) for SPI2_IRQHandler
    startup_stm32f10x_hd.o(RESET) refers to stm32f10x_it.o(i.USART1_IRQHandler) for USART1_IRQHandler
    startup_stm32f10x_hd.o(RESET) refers to stm32f10x_it.o(i.USART2_IRQHandler) for USART2_IRQHandler
    startup_stm32f10x_hd.o(RESET) refers to stm32f10x_it.o(i.USART3_IRQHandler) for USART3_IRQHandler
    startup_stm32f10x_hd.o(RESET) refers to stm32f10x_it.o(i.EXTI15_10_IRQHandler) for EXTI15_10_IRQHandler
    startup_stm32f10x_hd.o(RESET) refers to stm32f10x_it.o(i.RTCAlarm_IRQHandler) for RTCAlarm_IRQHandler
    startup_stm32f10x_hd.o(RESET) refers to stm32f10x_it.o(i.USBWakeUp_IRQHandler) for USBWakeUp_IRQHandler
    startup_stm32f10x_hd.o(.text) refers to startup_stm32f10x_hd.o(STACK) for __initial_sp
    startup_stm32f10x_hd.o(.text) refers to entry.o(.ARM.Collect$$$$00000000) for __main
    main.o(i.main) refers to hw_config.o(i.Set_System) for Set_System
    main.o(i.main) refers to hw_config.o(i.USB_Interrupts_Config) for USB_Interrupts_Config
    main.o(i.main) refers to hw_config.o(i.Set_USBClock) for Set_USBClock
    main.o(i.main) refers to usb_init.o(i.USB_Init) for USB_Init
    main.o(i.main) refers to hw_config.o(i.JoyState) for JoyState
    main.o(i.main) refers to hw_config.o(i.Joystick_Send) for Joystick_Send
    usb_istr.o(i.USB_Istr) refers to usb_pwr.o(i.Resume) for Resume
    usb_istr.o(i.USB_Istr) refers to usb_pwr.o(i.Suspend) for Suspend
    usb_istr.o(i.USB_Istr) refers to usb_int.o(i.CTR_LP) for CTR_LP
    usb_istr.o(i.USB_Istr) refers to usb_istr.o(.data) for .data
    usb_istr.o(i.USB_Istr) refers to usb_init.o(.data) for wInterrupt_Mask
    usb_istr.o(i.USB_Istr) refers to usb_prop.o(.data) for Device_Property
    usb_istr.o(i.USB_Istr) refers to usb_pwr.o(.data) for fSuspendEnabled
    usb_istr.o(.data) refers to usb_core.o(i.NOP_Process) for NOP_Process
    usb_istr.o(.data) refers to usb_core.o(i.NOP_Process) for NOP_Process
    usb_prop.o(i.Joystick_Data_Setup) refers to usb_init.o(.data) for pInformation
    usb_prop.o(i.Joystick_Data_Setup) refers to usb_prop.o(i.Joystick_GetReportDescriptor) for Joystick_GetReportDescriptor
    usb_prop.o(i.Joystick_Data_Setup) refers to usb_prop.o(i.Joystick_GetHIDDescriptor) for Joystick_GetHIDDescriptor
    usb_prop.o(i.Joystick_Data_Setup) refers to usb_prop.o(i.Joystick_GetProtocolValue) for Joystick_GetProtocolValue
    usb_prop.o(i.Joystick_GetConfigDescriptor) refers to usb_core.o(i.Standard_GetDescriptorData) for Standard_GetDescriptorData
    usb_prop.o(i.Joystick_GetConfigDescriptor) refers to usb_prop.o(.data) for .data
    usb_prop.o(i.Joystick_GetDeviceDescriptor) refers to usb_core.o(i.Standard_GetDescriptorData) for Standard_GetDescriptorData
    usb_prop.o(i.Joystick_GetDeviceDescriptor) refers to usb_prop.o(.data) for .data
    usb_prop.o(i.Joystick_GetHIDDescriptor) refers to usb_core.o(i.Standard_GetDescriptorData) for Standard_GetDescriptorData
    usb_prop.o(i.Joystick_GetHIDDescriptor) refers to usb_prop.o(.data) for .data
    usb_prop.o(i.Joystick_GetProtocolValue) refers to usb_init.o(.data) for pInformation
    usb_prop.o(i.Joystick_GetProtocolValue) refers to usb_prop.o(.data) for .data
    usb_prop.o(i.Joystick_GetReportDescriptor) refers to usb_core.o(i.Standard_GetDescriptorData) for Standard_GetDescriptorData
    usb_prop.o(i.Joystick_GetReportDescriptor) refers to usb_prop.o(.data) for .data
    usb_prop.o(i.Joystick_GetStringDescriptor) refers to usb_core.o(i.Standard_GetDescriptorData) for Standard_GetDescriptorData
    usb_prop.o(i.Joystick_GetStringDescriptor) refers to usb_init.o(.data) for pInformation
    usb_prop.o(i.Joystick_GetStringDescriptor) refers to usb_prop.o(.data) for .data
    usb_prop.o(i.Joystick_NoData_Setup) refers to usb_prop.o(i.Joystick_SetProtocol) for Joystick_SetProtocol
    usb_prop.o(i.Joystick_NoData_Setup) refers to usb_init.o(.data) for pInformation
    usb_prop.o(i.Joystick_Reset) refers to usb_regs.o(i.SetBTABLE) for SetBTABLE
    usb_prop.o(i.Joystick_Reset) refers to usb_regs.o(i.SetEPType) for SetEPType
    usb_prop.o(i.Joystick_Reset) refers to usb_regs.o(i.SetEPTxStatus) for SetEPTxStatus
    usb_prop.o(i.Joystick_Reset) refers to usb_regs.o(i.SetEPRxAddr) for SetEPRxAddr
    usb_prop.o(i.Joystick_Reset) refers to usb_regs.o(i.SetEPTxAddr) for SetEPTxAddr
    usb_prop.o(i.Joystick_Reset) refers to usb_regs.o(i.Clear_Status_Out) for Clear_Status_Out
    usb_prop.o(i.Joystick_Reset) refers to usb_regs.o(i.SetEPRxCount) for SetEPRxCount
    usb_prop.o(i.Joystick_Reset) refers to usb_regs.o(i.SetEPRxValid) for SetEPRxValid
    usb_prop.o(i.Joystick_Reset) refers to usb_regs.o(i.SetEPTxCount) for SetEPTxCount
    usb_prop.o(i.Joystick_Reset) refers to usb_regs.o(i.SetEPRxStatus) for SetEPRxStatus
    usb_prop.o(i.Joystick_Reset) refers to usb_core.o(i.SetDeviceAddress) for SetDeviceAddress
    usb_prop.o(i.Joystick_Reset) refers to usb_init.o(.data) for pInformation
    usb_prop.o(i.Joystick_Reset) refers to usb_prop.o(.data) for .data
    usb_prop.o(i.Joystick_SetProtocol) refers to usb_init.o(.data) for pInformation
    usb_prop.o(i.Joystick_SetProtocol) refers to usb_prop.o(.data) for .data
    usb_prop.o(i.Joystick_init) refers to usb_pwr.o(i.PowerOn) for PowerOn
    usb_prop.o(i.Joystick_init) refers to usb_core.o(i.NOP_Process) for NOP_Process
    usb_prop.o(i.Joystick_init) refers to usb_init.o(.data) for pInformation
    usb_prop.o(i.Joystick_init) refers to usb_init.o(.data) for wInterrupt_Mask
    usb_prop.o(i.Joystick_init) refers to usb_desc.o(.constdata) for Joystick_ConfigDescriptor
    usb_prop.o(i.Joystick_init) refers to usb_pwr.o(.data) for bDeviceState
    usb_prop.o(.data) refers to usb_desc.o(.constdata) for Joystick_DeviceDescriptor
    usb_prop.o(.data) refers to usb_desc.o(.constdata) for Joystick_ConfigDescriptor
    usb_prop.o(.data) refers to usb_desc.o(.constdata) for Joystick_ReportDescriptor
    usb_prop.o(.data) refers to usb_prop.o(i.Joystick_init) for Joystick_init
    usb_prop.o(.data) refers to usb_prop.o(i.Joystick_Reset) for Joystick_Reset
    usb_prop.o(.data) refers to usb_prop.o(i.Joystick_Status_In) for Joystick_Status_In
    usb_prop.o(.data) refers to usb_prop.o(i.Joystick_Status_Out) for Joystick_Status_Out
    usb_prop.o(.data) refers to usb_prop.o(i.Joystick_Data_Setup) for Joystick_Data_Setup
    usb_prop.o(.data) refers to usb_prop.o(i.Joystick_NoData_Setup) for Joystick_NoData_Setup
    usb_prop.o(.data) refers to usb_prop.o(i.Joystick_Get_Interface_Setting) for Joystick_Get_Interface_Setting
    usb_prop.o(.data) refers to usb_prop.o(i.Joystick_GetDeviceDescriptor) for Joystick_GetDeviceDescriptor
    usb_prop.o(.data) refers to usb_prop.o(i.Joystick_GetConfigDescriptor) for Joystick_GetConfigDescriptor
    usb_prop.o(.data) refers to usb_prop.o(i.Joystick_GetStringDescriptor) for Joystick_GetStringDescriptor
    usb_prop.o(.data) refers to usb_desc.o(.constdata) for Joystick_StringLangID
    usb_prop.o(.data) refers to usb_desc.o(.constdata) for Joystick_StringVendor
    usb_prop.o(.data) refers to usb_desc.o(.constdata) for Joystick_StringProduct
    usb_prop.o(.data) refers to usb_desc.o(.constdata) for Joystick_StringSerial
    usb_prop.o(.data) refers to usb_core.o(i.NOP_Process) for NOP_Process
    usb_pwr.o(i.PowerOff) refers to hw_config.o(i.USB_Cable_Config) for USB_Cable_Config
    usb_pwr.o(i.PowerOn) refers to hw_config.o(i.USB_Cable_Config) for USB_Cable_Config
    usb_pwr.o(i.PowerOn) refers to usb_init.o(.data) for wInterrupt_Mask
    usb_pwr.o(i.Resume) refers to usb_pwr.o(i.Resume_Init) for Resume_Init
    usb_pwr.o(i.Resume) refers to usb_pwr.o(.data) for .data
    usb_pwr.o(i.Resume_Init) refers to hw_config.o(i.Leave_LowPowerMode) for Leave_LowPowerMode
    usb_pwr.o(i.Suspend) refers to hw_config.o(i.Enter_LowPowerMode) for Enter_LowPowerMode
    hw_config.o(i.JoyState) refers to stm32f10x_gpio.o(i.GPIO_ReadInputDataBit) for GPIO_ReadInputDataBit
    hw_config.o(i.Joystick_Send) refers to usb_regs.o(i.GetEPTxAddr) for GetEPTxAddr
    hw_config.o(i.Joystick_Send) refers to usb_mem.o(i.UserToPMABufferCopy) for UserToPMABufferCopy
    hw_config.o(i.Joystick_Send) refers to usb_regs.o(i.SetEPTxValid) for SetEPTxValid
    hw_config.o(i.Set_System) refers to stm32f10x_rcc.o(i.RCC_DeInit) for RCC_DeInit
    hw_config.o(i.Set_System) refers to stm32f10x_rcc.o(i.RCC_HSEConfig) for RCC_HSEConfig
    hw_config.o(i.Set_System) refers to stm32f10x_rcc.o(i.RCC_WaitForHSEStartUp) for RCC_WaitForHSEStartUp
    hw_config.o(i.Set_System) refers to stm32f10x_flash.o(i.FLASH_PrefetchBufferCmd) for FLASH_PrefetchBufferCmd
    hw_config.o(i.Set_System) refers to stm32f10x_flash.o(i.FLASH_SetLatency) for FLASH_SetLatency
    hw_config.o(i.Set_System) refers to stm32f10x_rcc.o(i.RCC_HCLKConfig) for RCC_HCLKConfig
    hw_config.o(i.Set_System) refers to stm32f10x_rcc.o(i.RCC_PCLK2Config) for RCC_PCLK2Config
    hw_config.o(i.Set_System) refers to stm32f10x_rcc.o(i.RCC_PCLK1Config) for RCC_PCLK1Config
    hw_config.o(i.Set_System) refers to stm32f10x_rcc.o(i.RCC_ADCCLKConfig) for RCC_ADCCLKConfig
    hw_config.o(i.Set_System) refers to stm32f10x_rcc.o(i.RCC_PLLConfig) for RCC_PLLConfig
    hw_config.o(i.Set_System) refers to stm32f10x_rcc.o(i.RCC_PLLCmd) for RCC_PLLCmd
    hw_config.o(i.Set_System) refers to stm32f10x_rcc.o(i.RCC_GetFlagStatus) for RCC_GetFlagStatus
    hw_config.o(i.Set_System) refers to stm32f10x_rcc.o(i.RCC_SYSCLKConfig) for RCC_SYSCLKConfig
    hw_config.o(i.Set_System) refers to stm32f10x_rcc.o(i.RCC_GetSYSCLKSource) for RCC_GetSYSCLKSource
    hw_config.o(i.Set_System) refers to stm32f10x_rcc.o(i.RCC_APB2PeriphClockCmd) for RCC_APB2PeriphClockCmd
    hw_config.o(i.Set_System) refers to stm32f10x_gpio.o(i.GPIO_Init) for GPIO_Init
    hw_config.o(i.Set_System) refers to stm32f10x_gpio.o(i.GPIO_ResetBits) for GPIO_ResetBits
    hw_config.o(i.Set_System) refers to hw_config.o(.data) for .data
    hw_config.o(i.Set_USBClock) refers to stm32f10x_rcc.o(i.RCC_USBCLKConfig) for RCC_USBCLKConfig
    hw_config.o(i.Set_USBClock) refers to stm32f10x_rcc.o(i.RCC_APB1PeriphClockCmd) for RCC_APB1PeriphClockCmd
    hw_config.o(i.USB_Cable_Config) refers to stm32f10x_gpio.o(i.GPIO_ResetBits) for GPIO_ResetBits
    hw_config.o(i.USB_Cable_Config) refers to stm32f10x_gpio.o(i.GPIO_SetBits) for GPIO_SetBits
    hw_config.o(i.USB_Interrupts_Config) refers to misc.o(i.NVIC_SetVectorTable) for NVIC_SetVectorTable
    hw_config.o(i.USB_Interrupts_Config) refers to misc.o(i.NVIC_PriorityGroupConfig) for NVIC_PriorityGroupConfig
    hw_config.o(i.USB_Interrupts_Config) refers to misc.o(i.NVIC_Init) for NVIC_Init
    stm32f10x_it.o(i.USB_LP_CAN1_RX0_IRQHandler) refers to usb_istr.o(i.USB_Istr) for USB_Istr
    stm32f10x_gpio.o(i.GPIO_AFIODeInit) refers to stm32f10x_rcc.o(i.RCC_APB2PeriphResetCmd) for RCC_APB2PeriphResetCmd
    stm32f10x_gpio.o(i.GPIO_DeInit) refers to stm32f10x_rcc.o(i.RCC_APB2PeriphResetCmd) for RCC_APB2PeriphResetCmd
    stm32f10x_rcc.o(i.RCC_GetClocksFreq) refers to stm32f10x_rcc.o(.data) for .data
    stm32f10x_rcc.o(i.RCC_WaitForHSEStartUp) refers to stm32f10x_rcc.o(i.RCC_GetFlagStatus) for RCC_GetFlagStatus
    stm32f10x_usart.o(i.USART_DeInit) refers to stm32f10x_rcc.o(i.RCC_APB2PeriphResetCmd) for RCC_APB2PeriphResetCmd
    stm32f10x_usart.o(i.USART_DeInit) refers to stm32f10x_rcc.o(i.RCC_APB1PeriphResetCmd) for RCC_APB1PeriphResetCmd
    stm32f10x_usart.o(i.USART_Init) refers to stm32f10x_rcc.o(i.RCC_GetClocksFreq) for RCC_GetClocksFreq
    stm32f10x_flash.o(i.FLASH_EnableWriteProtection) refers to stm32f10x_flash.o(i.FLASH_WaitForLastOperation) for FLASH_WaitForLastOperation
    stm32f10x_flash.o(i.FLASH_EraseAllPages) refers to stm32f10x_flash.o(i.FLASH_WaitForLastOperation) for FLASH_WaitForLastOperation
    stm32f10x_flash.o(i.FLASH_EraseOptionBytes) refers to stm32f10x_flash.o(i.FLASH_WaitForLastOperation) for FLASH_WaitForLastOperation
    stm32f10x_flash.o(i.FLASH_ErasePage) refers to stm32f10x_flash.o(i.FLASH_WaitForLastOperation) for FLASH_WaitForLastOperation
    stm32f10x_flash.o(i.FLASH_ProgramHalfWord) refers to stm32f10x_flash.o(i.FLASH_WaitForLastOperation) for FLASH_WaitForLastOperation
    stm32f10x_flash.o(i.FLASH_ProgramOptionByteData) refers to stm32f10x_flash.o(i.FLASH_WaitForLastOperation) for FLASH_WaitForLastOperation
    stm32f10x_flash.o(i.FLASH_ProgramWord) refers to stm32f10x_flash.o(i.FLASH_WaitForLastOperation) for FLASH_WaitForLastOperation
    stm32f10x_flash.o(i.FLASH_ReadOutProtection) refers to stm32f10x_flash.o(i.FLASH_WaitForLastOperation) for FLASH_WaitForLastOperation
    stm32f10x_flash.o(i.FLASH_UserOptionByteConfig) refers to stm32f10x_flash.o(i.FLASH_WaitForLastOperation) for FLASH_WaitForLastOperation
    stm32f10x_flash.o(i.FLASH_WaitForLastOperation) refers to stm32f10x_flash.o(i.FLASH_GetStatus) for FLASH_GetStatus
    usb_core.o(i.DataStageIn) refers to usb_regs.o(i.GetEPTxAddr) for GetEPTxAddr
    usb_core.o(i.DataStageIn) refers to usb_mem.o(i.UserToPMABufferCopy) for UserToPMABufferCopy
    usb_core.o(i.DataStageIn) refers to usb_regs.o(i.SetEPTxCount) for SetEPTxCount
    usb_core.o(i.DataStageIn) refers to usb_init.o(.data) for pInformation
    usb_core.o(i.DataStageIn) refers to usb_int.o(.data) for SaveTState
    usb_core.o(i.DataStageOut) refers to usb_regs.o(i.GetEPRxAddr) for GetEPRxAddr
    usb_core.o(i.DataStageOut) refers to usb_mem.o(i.PMAToUserBufferCopy) for PMAToUserBufferCopy
    usb_core.o(i.DataStageOut) refers to usb_regs.o(i.SetEPTxCount) for SetEPTxCount
    usb_core.o(i.DataStageOut) refers to usb_init.o(.data) for pInformation
    usb_core.o(i.DataStageOut) refers to usb_int.o(.data) for SaveTState
    usb_core.o(i.Data_Setup0) refers to usb_core.o(i.DataStageIn) for DataStageIn
    usb_core.o(i.Data_Setup0) refers to usb_init.o(.data) for pInformation
    usb_core.o(i.Data_Setup0) refers to usb_core.o(i.Standard_GetStatus) for Standard_GetStatus
    usb_core.o(i.Data_Setup0) refers to usb_prop.o(.data) for Device_Table
    usb_core.o(i.Data_Setup0) refers to usb_core.o(i.Standard_GetConfiguration) for Standard_GetConfiguration
    usb_core.o(i.Data_Setup0) refers to usb_core.o(i.Standard_GetInterface) for Standard_GetInterface
    usb_core.o(i.Data_Setup0) refers to usb_int.o(.data) for SaveRState
    usb_core.o(i.In0_Process) refers to usb_core.o(i.DataStageIn) for DataStageIn
    usb_core.o(i.In0_Process) refers to usb_core.o(i.SetDeviceAddress) for SetDeviceAddress
    usb_core.o(i.In0_Process) refers to usb_core.o(i.Post0_Process) for Post0_Process
    usb_core.o(i.In0_Process) refers to usb_init.o(.data) for pInformation
    usb_core.o(i.NoData_Setup0) refers to usb_core.o(i.Standard_SetConfiguration) for Standard_SetConfiguration
    usb_core.o(i.NoData_Setup0) refers to usb_core.o(i.Standard_SetDeviceFeature) for Standard_SetDeviceFeature
    usb_core.o(i.NoData_Setup0) refers to usb_core.o(i.Standard_SetInterface) for Standard_SetInterface
    usb_core.o(i.NoData_Setup0) refers to usb_core.o(i.Standard_ClearFeature) for Standard_ClearFeature
    usb_core.o(i.NoData_Setup0) refers to usb_core.o(i.Standard_SetEndPointFeature) for Standard_SetEndPointFeature
    usb_core.o(i.NoData_Setup0) refers to usb_init.o(.data) for pInformation
    usb_core.o(i.NoData_Setup0) refers to usb_int.o(.data) for SaveTState
    usb_core.o(i.Out0_Process) refers to usb_core.o(i.DataStageOut) for DataStageOut
    usb_core.o(i.Out0_Process) refers to usb_core.o(i.Post0_Process) for Post0_Process
    usb_core.o(i.Out0_Process) refers to usb_init.o(.data) for pInformation
    usb_core.o(i.Post0_Process) refers to usb_regs.o(i.SetEPRxCount) for SetEPRxCount
    usb_core.o(i.Post0_Process) refers to usb_prop.o(.data) for Device_Property
    usb_core.o(i.Post0_Process) refers to usb_init.o(.data) for pInformation
    usb_core.o(i.Post0_Process) refers to usb_int.o(.data) for SaveRState
    usb_core.o(i.SetDeviceAddress) refers to usb_prop.o(.data) for Device_Table
    usb_core.o(i.Setup0_Process) refers to usb_regs.o(i.ByteSwap) for ByteSwap
    usb_core.o(i.Setup0_Process) refers to usb_core.o(i.NoData_Setup0) for NoData_Setup0
    usb_core.o(i.Setup0_Process) refers to usb_core.o(i.Data_Setup0) for Data_Setup0
    usb_core.o(i.Setup0_Process) refers to usb_core.o(i.Post0_Process) for Post0_Process
    usb_core.o(i.Setup0_Process) refers to usb_init.o(.data) for pInformation
    usb_core.o(i.Standard_ClearFeature) refers to usb_regs.o(i.ClearDTOG_TX) for ClearDTOG_TX
    usb_core.o(i.Standard_ClearFeature) refers to usb_regs.o(i.SetEPTxStatus) for SetEPTxStatus
    usb_core.o(i.Standard_ClearFeature) refers to usb_regs.o(i.SetEPRxCount) for SetEPRxCount
    usb_core.o(i.Standard_ClearFeature) refers to usb_regs.o(i.ClearDTOG_RX) for ClearDTOG_RX
    usb_core.o(i.Standard_ClearFeature) refers to usb_init.o(.data) for pInformation
    usb_core.o(i.Standard_ClearFeature) refers to usb_prop.o(.data) for Device_Table
    usb_core.o(i.Standard_ClearFeature) refers to usb_prop.o(.data) for Device_Property
    usb_core.o(i.Standard_GetConfiguration) refers to usb_init.o(.data) for pInformation
    usb_core.o(i.Standard_GetDescriptorData) refers to usb_init.o(.data) for pInformation
    usb_core.o(i.Standard_GetInterface) refers to usb_init.o(.data) for pInformation
    usb_core.o(i.Standard_GetStatus) refers to usb_init.o(.data) for pInformation
    usb_core.o(i.Standard_GetStatus) refers to usb_core.o(.data) for .data
    usb_core.o(i.Standard_SetConfiguration) refers to usb_init.o(.data) for pInformation
    usb_core.o(i.Standard_SetConfiguration) refers to usb_prop.o(.data) for Device_Table
    usb_core.o(i.Standard_SetDeviceFeature) refers to usb_init.o(.data) for pInformation
    usb_core.o(i.Standard_SetEndPointFeature) refers to usb_init.o(.data) for pInformation
    usb_core.o(i.Standard_SetEndPointFeature) refers to usb_prop.o(.data) for Device_Table
    usb_core.o(i.Standard_SetInterface) refers to usb_init.o(.data) for pInformation
    usb_init.o(i.USB_Init) refers to usb_init.o(.bss) for .bss
    usb_init.o(i.USB_Init) refers to usb_init.o(.data) for .data
    usb_init.o(i.USB_Init) refers to usb_prop.o(.data) for Device_Property
    usb_init.o(i.USB_Init) refers to usb_prop.o(.data) for User_Standard_Requests
    usb_int.o(i.CTR_HP) refers to usb_init.o(.data) for EPindex
    usb_int.o(i.CTR_HP) refers to usb_istr.o(.data) for wIstr
    usb_int.o(i.CTR_HP) refers to usb_istr.o(.data) for pEpInt_OUT
    usb_int.o(i.CTR_HP) refers to usb_istr.o(.data) for pEpInt_IN
    usb_int.o(i.CTR_LP) refers to usb_core.o(i.In0_Process) for In0_Process
    usb_int.o(i.CTR_LP) refers to usb_core.o(i.Setup0_Process) for Setup0_Process
    usb_int.o(i.CTR_LP) refers to usb_core.o(i.Out0_Process) for Out0_Process
    usb_int.o(i.CTR_LP) refers to usb_int.o(.data) for .data
    usb_int.o(i.CTR_LP) refers to usb_istr.o(.data) for wIstr
    usb_int.o(i.CTR_LP) refers to usb_init.o(.data) for EPindex
    usb_int.o(i.CTR_LP) refers to usb_istr.o(.data) for pEpInt_OUT
    usb_int.o(i.CTR_LP) refers to usb_istr.o(.data) for pEpInt_IN
    usb_regs.o(i.SetDouBleBuffEPStall) refers to usb_regs.o(i.GetENDPOINT) for GetENDPOINT
    system_stm32f10x.o(i.SystemInit) refers to system_stm32f10x.o(i.SetSysClockTo72) for SetSysClockTo72
    entry.o(.ARM.Collect$$$$00000000) refers (Special) to entry7.o(.ARM.Collect$$$$00000007) for _main_init
    entry.o(.ARM.Collect$$$$00000000) refers (Special) to entry5.o(.ARM.Collect$$$$00000004) for _main_scatterload
    entry.o(.ARM.Collect$$$$00000000) refers (Special) to entry2.o(.ARM.Collect$$$$00000001) for _main_stk
    entry2.o(.ARM.Collect$$$$00000001) refers to entry2.o(.ARM.Collect$$$$00002712) for __lit__00000000
    entry2.o(.ARM.Collect$$$$00002712) refers to startup_stm32f10x_hd.o(STACK) for __initial_sp
    entry2.o(__vectab_stack_and_reset_area) refers to startup_stm32f10x_hd.o(STACK) for __initial_sp
    entry2.o(__vectab_stack_and_reset_area) refers to entry.o(.ARM.Collect$$$$00000000) for __main
    entry5.o(.ARM.Collect$$$$00000004) refers to init.o(.text) for __scatterload
    entry7.o(.ARM.Collect$$$$00000007) refers to main.o(i.main) for main
    init.o(.text) refers to entry5.o(.ARM.Collect$$$$00000004) for __main_after_scatterload


==============================================================================

Removing Unused input sections from the image.

    Removing startup_stm32f10x_hd.o(HEAP), (0 bytes).
    Removing main.o(i.Delay), (10 bytes).
    Removing usb_pwr.o(i.PowerOff), (28 bytes).
    Removing stm32f10x_it.o(i.ADC_IRQHandler), (2 bytes).
    Removing stm32f10x_it.o(i.BusFaultException), (2 bytes).
    Removing stm32f10x_it.o(i.CAN_RX1_IRQHandler), (2 bytes).
    Removing stm32f10x_it.o(i.CAN_SCE_IRQHandler), (2 bytes).
    Removing stm32f10x_it.o(i.DMAChannel1_IRQHandler), (2 bytes).
    Removing stm32f10x_it.o(i.DMAChannel2_IRQHandler), (2 bytes).
    Removing stm32f10x_it.o(i.DMAChannel3_IRQHandler), (2 bytes).
    Removing stm32f10x_it.o(i.DMAChannel4_IRQHandler), (2 bytes).
    Removing stm32f10x_it.o(i.DMAChannel5_IRQHandler), (2 bytes).
    Removing stm32f10x_it.o(i.DMAChannel6_IRQHandler), (2 bytes).
    Removing stm32f10x_it.o(i.DMAChannel7_IRQHandler), (2 bytes).
    Removing stm32f10x_it.o(i.DebugMonitor), (2 bytes).
    Removing stm32f10x_it.o(i.HardFaultException), (2 bytes).
    Removing stm32f10x_it.o(i.MemManageException), (2 bytes).
    Removing stm32f10x_it.o(i.NMIException), (2 bytes).
    Removing stm32f10x_it.o(i.PendSVC), (2 bytes).
    Removing stm32f10x_it.o(i.SVCHandler), (2 bytes).
    Removing stm32f10x_it.o(i.SysTickHandler), (2 bytes).
    Removing stm32f10x_it.o(i.USB_HP_CAN_TX_IRQHandler), (2 bytes).
    Removing stm32f10x_it.o(i.UsageFaultException), (2 bytes).
    Removing misc.o(i.NVIC_SystemLPConfig), (24 bytes).
    Removing misc.o(i.SysTick_CLKSourceConfig), (24 bytes).
    Removing stm32f10x_exti.o(i.EXTI_ClearFlag), (12 bytes).
    Removing stm32f10x_exti.o(i.EXTI_ClearITPendingBit), (12 bytes).
    Removing stm32f10x_exti.o(i.EXTI_DeInit), (28 bytes).
    Removing stm32f10x_exti.o(i.EXTI_GenerateSWInterrupt), (16 bytes).
    Removing stm32f10x_exti.o(i.EXTI_GetFlagStatus), (20 bytes).
    Removing stm32f10x_exti.o(i.EXTI_GetITStatus), (28 bytes).
    Removing stm32f10x_exti.o(i.EXTI_Init), (140 bytes).
    Removing stm32f10x_exti.o(i.EXTI_StructInit), (14 bytes).
    Removing stm32f10x_gpio.o(i.GPIO_AFIODeInit), (22 bytes).
    Removing stm32f10x_gpio.o(i.GPIO_DeInit), (160 bytes).
    Removing stm32f10x_gpio.o(i.GPIO_EXTILineConfig), (40 bytes).
    Removing stm32f10x_gpio.o(i.GPIO_EventOutputCmd), (12 bytes).
    Removing stm32f10x_gpio.o(i.GPIO_EventOutputConfig), (28 bytes).
    Removing stm32f10x_gpio.o(i.GPIO_PinLockConfig), (16 bytes).
    Removing stm32f10x_gpio.o(i.GPIO_PinRemapConfig), (72 bytes).
    Removing stm32f10x_gpio.o(i.GPIO_ReadInputData), (6 bytes).
    Removing stm32f10x_gpio.o(i.GPIO_ReadOutputData), (6 bytes).
    Removing stm32f10x_gpio.o(i.GPIO_ReadOutputDataBit), (14 bytes).
    Removing stm32f10x_gpio.o(i.GPIO_StructInit), (16 bytes).
    Removing stm32f10x_gpio.o(i.GPIO_Write), (4 bytes).
    Removing stm32f10x_gpio.o(i.GPIO_WriteBit), (10 bytes).
    Removing stm32f10x_rcc.o(i.RCC_AHBPeriphClockCmd), (24 bytes).
    Removing stm32f10x_rcc.o(i.RCC_APB1PeriphResetCmd), (24 bytes).
    Removing stm32f10x_rcc.o(i.RCC_APB2PeriphResetCmd), (24 bytes).
    Removing stm32f10x_rcc.o(i.RCC_AdjustHSICalibrationValue), (20 bytes).
    Removing stm32f10x_rcc.o(i.RCC_BackupResetCmd), (12 bytes).
    Removing stm32f10x_rcc.o(i.RCC_ClearFlag), (16 bytes).
    Removing stm32f10x_rcc.o(i.RCC_ClearITPendingBit), (12 bytes).
    Removing stm32f10x_rcc.o(i.RCC_ClockSecuritySystemCmd), (12 bytes).
    Removing stm32f10x_rcc.o(i.RCC_GetClocksFreq), (148 bytes).
    Removing stm32f10x_rcc.o(i.RCC_GetITStatus), (20 bytes).
    Removing stm32f10x_rcc.o(i.RCC_HSICmd), (12 bytes).
    Removing stm32f10x_rcc.o(i.RCC_ITConfig), (24 bytes).
    Removing stm32f10x_rcc.o(i.RCC_LSEConfig), (32 bytes).
    Removing stm32f10x_rcc.o(i.RCC_LSICmd), (12 bytes).
    Removing stm32f10x_rcc.o(i.RCC_MCOConfig), (12 bytes).
    Removing stm32f10x_rcc.o(i.RCC_RTCCLKCmd), (12 bytes).
    Removing stm32f10x_rcc.o(i.RCC_RTCCLKConfig), (16 bytes).
    Removing stm32f10x_rcc.o(.data), (20 bytes).
    Removing stm32f10x_usart.o(i.USART_ClearFlag), (6 bytes).
    Removing stm32f10x_usart.o(i.USART_ClearITPendingBit), (12 bytes).
    Removing stm32f10x_usart.o(i.USART_ClockInit), (30 bytes).
    Removing stm32f10x_usart.o(i.USART_ClockStructInit), (12 bytes).
    Removing stm32f10x_usart.o(i.USART_Cmd), (20 bytes).
    Removing stm32f10x_usart.o(i.USART_DMACmd), (16 bytes).
    Removing stm32f10x_usart.o(i.USART_DeInit), (108 bytes).
    Removing stm32f10x_usart.o(i.USART_GetFlagStatus), (14 bytes).
    Removing stm32f10x_usart.o(i.USART_GetITStatus), (62 bytes).
    Removing stm32f10x_usart.o(i.USART_HalfDuplexCmd), (20 bytes).
    Removing stm32f10x_usart.o(i.USART_ITConfig), (48 bytes).
    Removing stm32f10x_usart.o(i.USART_Init), (140 bytes).
    Removing stm32f10x_usart.o(i.USART_IrDACmd), (20 bytes).
    Removing stm32f10x_usart.o(i.USART_IrDAConfig), (16 bytes).
    Removing stm32f10x_usart.o(i.USART_LINBreakDetectLengthConfig), (16 bytes).
    Removing stm32f10x_usart.o(i.USART_LINCmd), (20 bytes).
    Removing stm32f10x_usart.o(i.USART_ReceiveData), (8 bytes).
    Removing stm32f10x_usart.o(i.USART_ReceiverWakeUpCmd), (20 bytes).
    Removing stm32f10x_usart.o(i.USART_SendBreak), (10 bytes).
    Removing stm32f10x_usart.o(i.USART_SendData), (8 bytes).
    Removing stm32f10x_usart.o(i.USART_SetAddress), (16 bytes).
    Removing stm32f10x_usart.o(i.USART_SetGuardTime), (16 bytes).
    Removing stm32f10x_usart.o(i.USART_SetPrescaler), (16 bytes).
    Removing stm32f10x_usart.o(i.USART_SmartCardCmd), (20 bytes).
    Removing stm32f10x_usart.o(i.USART_SmartCardNACKCmd), (20 bytes).
    Removing stm32f10x_usart.o(i.USART_StructInit), (22 bytes).
    Removing stm32f10x_usart.o(i.USART_WakeUpConfig), (16 bytes).
    Removing stm32f10x_flash.o(i.FLASH_ClearFlag), (12 bytes).
    Removing stm32f10x_flash.o(i.FLASH_EnableWriteProtection), (168 bytes).
    Removing stm32f10x_flash.o(i.FLASH_EraseAllPages), (60 bytes).
    Removing stm32f10x_flash.o(i.FLASH_EraseOptionBytes), (116 bytes).
    Removing stm32f10x_flash.o(i.FLASH_ErasePage), (64 bytes).
    Removing stm32f10x_flash.o(i.FLASH_GetFlagStatus), (32 bytes).
    Removing stm32f10x_flash.o(i.FLASH_GetPrefetchBufferStatus), (20 bytes).
    Removing stm32f10x_flash.o(i.FLASH_GetReadOutProtectionStatus), (20 bytes).
    Removing stm32f10x_flash.o(i.FLASH_GetStatus), (40 bytes).
    Removing stm32f10x_flash.o(i.FLASH_GetUserOptionByte), (12 bytes).
    Removing stm32f10x_flash.o(i.FLASH_GetWriteProtectionOptionByte), (12 bytes).
    Removing stm32f10x_flash.o(i.FLASH_HalfCycleAccessCmd), (24 bytes).
    Removing stm32f10x_flash.o(i.FLASH_ITConfig), (24 bytes).
    Removing stm32f10x_flash.o(i.FLASH_Lock), (16 bytes).
    Removing stm32f10x_flash.o(i.FLASH_ProgramHalfWord), (56 bytes).
    Removing stm32f10x_flash.o(i.FLASH_ProgramOptionByteData), (72 bytes).
    Removing stm32f10x_flash.o(i.FLASH_ProgramWord), (68 bytes).
    Removing stm32f10x_flash.o(i.FLASH_ReadOutProtection), (136 bytes).
    Removing stm32f10x_flash.o(i.FLASH_Unlock), (24 bytes).
    Removing stm32f10x_flash.o(i.FLASH_UserOptionByteConfig), (88 bytes).
    Removing stm32f10x_flash.o(i.FLASH_WaitForLastOperation), (40 bytes).
    Removing usb_init.o(.data), (2 bytes).
    Removing usb_int.o(i.CTR_HP), (148 bytes).
    Removing usb_regs.o(i.ClearEPDoubleBuff), (28 bytes).
    Removing usb_regs.o(i.ClearEP_CTR_RX), (28 bytes).
    Removing usb_regs.o(i.ClearEP_CTR_TX), (28 bytes).
    Removing usb_regs.o(i.ClearEP_KIND), (28 bytes).
    Removing usb_regs.o(i.FreeUserBuffer), (56 bytes).
    Removing usb_regs.o(i.GetBTABLE), (12 bytes).
    Removing usb_regs.o(i.GetCNTR), (12 bytes).
    Removing usb_regs.o(i.GetDADDR), (12 bytes).
    Removing usb_regs.o(i.GetENDPOINT), (20 bytes).
    Removing usb_regs.o(i.GetEPAddress), (20 bytes).
    Removing usb_regs.o(i.GetEPDblBuf0Addr), (28 bytes).
    Removing usb_regs.o(i.GetEPDblBuf0Count), (32 bytes).
    Removing usb_regs.o(i.GetEPDblBuf1Addr), (32 bytes).
    Removing usb_regs.o(i.GetEPDblBuf1Count), (32 bytes).
    Removing usb_regs.o(i.GetEPDblBufDir), (64 bytes).
    Removing usb_regs.o(i.GetEPRxCount), (32 bytes).
    Removing usb_regs.o(i.GetEPRxStatus), (24 bytes).
    Removing usb_regs.o(i.GetEPTxCount), (32 bytes).
    Removing usb_regs.o(i.GetEPTxStatus), (24 bytes).
    Removing usb_regs.o(i.GetEPType), (24 bytes).
    Removing usb_regs.o(i.GetFNR), (12 bytes).
    Removing usb_regs.o(i.GetISTR), (12 bytes).
    Removing usb_regs.o(i.GetRxStallStatus), (28 bytes).
    Removing usb_regs.o(i.GetTxStallStatus), (28 bytes).
    Removing usb_regs.o(i.SetCNTR), (12 bytes).
    Removing usb_regs.o(i.SetDADDR), (12 bytes).
    Removing usb_regs.o(i.SetDouBleBuffEPStall), (44 bytes).
    Removing usb_regs.o(i.SetENDPOINT), (16 bytes).
    Removing usb_regs.o(i.SetEPAddress), (32 bytes).
    Removing usb_regs.o(i.SetEPCountRxReg), (40 bytes).
    Removing usb_regs.o(i.SetEPDblBuf0Addr), (32 bytes).
    Removing usb_regs.o(i.SetEPDblBuf0Count), (96 bytes).
    Removing usb_regs.o(i.SetEPDblBuf1Addr), (32 bytes).
    Removing usb_regs.o(i.SetEPDblBuf1Count), (96 bytes).
    Removing usb_regs.o(i.SetEPDblBuffAddr), (52 bytes).
    Removing usb_regs.o(i.SetEPDblBuffCount), (176 bytes).
    Removing usb_regs.o(i.SetEPDoubleBuff), (32 bytes).
    Removing usb_regs.o(i.SetEP_KIND), (32 bytes).
    Removing usb_regs.o(i.SetISTR), (12 bytes).
    Removing usb_regs.o(i.Set_Status_Out), (32 bytes).
    Removing usb_regs.o(i.ToWord), (6 bytes).
    Removing usb_regs.o(i.ToggleDTOG_RX), (32 bytes).
    Removing usb_regs.o(i.ToggleDTOG_TX), (32 bytes).
    Removing core_cm3.o(.emb_text), (32 bytes).
    Removing system_stm32f10x.o(i.SetSysClockTo72), (148 bytes).
    Removing system_stm32f10x.o(i.SystemInit), (64 bytes).
    Removing system_stm32f10x.o(.constdata), (4 bytes).
    Removing system_stm32f10x.o(.constdata), (4 bytes).
    Removing system_stm32f10x.o(.constdata), (4 bytes).
    Removing system_stm32f10x.o(.constdata), (4 bytes).
    Removing system_stm32f10x.o(.constdata), (4 bytes).

165 unused section(s) (total 4970 bytes) removed from the image.

==============================================================================

Image Symbol Table

    Local Symbols

    Symbol Name                              Value     Ov Type        Size  Object(Section)

    ../../microlib/init/entry.s              0x00000000   Number         0  entry5.o ABSOLUTE
    ../../microlib/init/entry.s              0x00000000   Number         0  entry7.o ABSOLUTE
    ../../microlib/init/entry.s              0x00000000   Number         0  entry.o ABSOLUTE
    ../../microlib/init/entry.s              0x00000000   Number         0  entry2.o ABSOLUTE
    FWlib\SRC\misc.c                         0x00000000   Number         0  misc.o ABSOLUTE
    FWlib\SRC\stm32f10x_exti.c               0x00000000   Number         0  stm32f10x_exti.o ABSOLUTE
    FWlib\SRC\stm32f10x_flash.c              0x00000000   Number         0  stm32f10x_flash.o ABSOLUTE
    FWlib\SRC\stm32f10x_gpio.c               0x00000000   Number         0  stm32f10x_gpio.o ABSOLUTE
    FWlib\SRC\stm32f10x_rcc.c                0x00000000   Number         0  stm32f10x_rcc.o ABSOLUTE
    FWlib\SRC\stm32f10x_usart.c              0x00000000   Number         0  stm32f10x_usart.o ABSOLUTE
    core_cm3.c                               0x00000000   Number         0  core_cm3.o ABSOLUTE
    core_cm3.c                               0x00000000   Number         0  core_cm3.o ABSOLUTE
    dc.s                                     0x00000000   Number         0  dc.o ABSOLUTE
    handlers.s                               0x00000000   Number         0  handlers.o ABSOLUTE
    hw_config.c                              0x00000000   Number         0  hw_config.o ABSOLUTE
    init.s                                   0x00000000   Number         0  init.o ABSOLUTE
    main.c                                   0x00000000   Number         0  main.o ABSOLUTE
    startup\startup_stm32f10x_hd.s           0x00000000   Number         0  startup_stm32f10x_hd.o ABSOLUTE
    stm32f10x_it.c                           0x00000000   Number         0  stm32f10x_it.o ABSOLUTE
    system_stm32f10x.c                       0x00000000   Number         0  system_stm32f10x.o ABSOLUTE
    usb_desc.c                               0x00000000   Number         0  usb_desc.o ABSOLUTE
    usb_istr.c                               0x00000000   Number         0  usb_istr.o ABSOLUTE
    usb_library\src\usb_core.c               0x00000000   Number         0  usb_core.o ABSOLUTE
    usb_library\src\usb_init.c               0x00000000   Number         0  usb_init.o ABSOLUTE
    usb_library\src\usb_int.c                0x00000000   Number         0  usb_int.o ABSOLUTE
    usb_library\src\usb_mem.c                0x00000000   Number         0  usb_mem.o ABSOLUTE
    usb_library\src\usb_regs.c               0x00000000   Number         0  usb_regs.o ABSOLUTE
    usb_prop.c                               0x00000000   Number         0  usb_prop.o ABSOLUTE
    usb_pwr.c                                0x00000000   Number         0  usb_pwr.o ABSOLUTE
    RESET                                    0x08000000   Section      304  startup_stm32f10x_hd.o(RESET)
    .ARM.Collect$$$$00000000                 0x08000130   Section        0  entry.o(.ARM.Collect$$$$00000000)
    .ARM.Collect$$$$00000001                 0x08000130   Section        4  entry2.o(.ARM.Collect$$$$00000001)
    .ARM.Collect$$$$00000004                 0x08000134   Section        4  entry5.o(.ARM.Collect$$$$00000004)
    .ARM.Collect$$$$00000007                 0x08000138   Section        8  entry7.o(.ARM.Collect$$$$00000007)
    .ARM.Collect$$$$00002712                 0x08000140   Section        4  entry2.o(.ARM.Collect$$$$00002712)
    __lit__00000000                          0x08000140   Data           4  entry2.o(.ARM.Collect$$$$00002712)
    .text                                    0x08000144   Section       48  startup_stm32f10x_hd.o(.text)
    .text                                    0x08000174   Section       36  init.o(.text)
    i.ByteSwap                               0x08000198   Section       10  usb_regs.o(i.ByteSwap)
    i.CTR_LP                                 0x080001a4   Section      412  usb_int.o(i.CTR_LP)
    i.ClearDTOG_RX                           0x08000340   Section       40  usb_regs.o(i.ClearDTOG_RX)
    i.ClearDTOG_TX                           0x08000368   Section       40  usb_regs.o(i.ClearDTOG_TX)
    i.Clear_Status_Out                       0x08000390   Section       28  usb_regs.o(i.Clear_Status_Out)
    i.DataStageIn                            0x080003ac   Section      136  usb_core.o(i.DataStageIn)
    DataStageIn                              0x080003ad   Thumb Code   124  usb_core.o(i.DataStageIn)
    i.DataStageOut                           0x08000434   Section      168  usb_core.o(i.DataStageOut)
    DataStageOut                             0x08000435   Thumb Code   146  usb_core.o(i.DataStageOut)
    i.Data_Setup0                            0x080004dc   Section      376  usb_core.o(i.Data_Setup0)
    Data_Setup0                              0x080004dd   Thumb Code   342  usb_core.o(i.Data_Setup0)
    i.EXTI0_IRQHandler                       0x08000654   Section        2  stm32f10x_it.o(i.EXTI0_IRQHandler)
    i.EXTI15_10_IRQHandler                   0x08000656   Section        2  stm32f10x_it.o(i.EXTI15_10_IRQHandler)
    i.EXTI1_IRQHandler                       0x08000658   Section        2  stm32f10x_it.o(i.EXTI1_IRQHandler)
    i.EXTI2_IRQHandler                       0x0800065a   Section        2  stm32f10x_it.o(i.EXTI2_IRQHandler)
    i.EXTI3_IRQHandler                       0x0800065c   Section        2  stm32f10x_it.o(i.EXTI3_IRQHandler)
    i.EXTI4_IRQHandler                       0x0800065e   Section        2  stm32f10x_it.o(i.EXTI4_IRQHandler)
    i.EXTI9_5_IRQHandler                     0x08000660   Section        2  stm32f10x_it.o(i.EXTI9_5_IRQHandler)
    i.Enter_LowPowerMode                     0x08000662   Section        2  hw_config.o(i.Enter_LowPowerMode)
    i.FLASH_IRQHandler                       0x08000664   Section        2  stm32f10x_it.o(i.FLASH_IRQHandler)
    i.FLASH_PrefetchBufferCmd                0x08000668   Section       24  stm32f10x_flash.o(i.FLASH_PrefetchBufferCmd)
    i.FLASH_SetLatency                       0x08000680   Section       20  stm32f10x_flash.o(i.FLASH_SetLatency)
    i.GPIO_Init                              0x08000694   Section      158  stm32f10x_gpio.o(i.GPIO_Init)
    i.GPIO_ReadInputDataBit                  0x08000732   Section       14  stm32f10x_gpio.o(i.GPIO_ReadInputDataBit)
    i.GPIO_ResetBits                         0x08000740   Section        4  stm32f10x_gpio.o(i.GPIO_ResetBits)
    i.GPIO_SetBits                           0x08000744   Section        4  stm32f10x_gpio.o(i.GPIO_SetBits)
    i.GetEPRxAddr                            0x08000748   Section       32  usb_regs.o(i.GetEPRxAddr)
    i.GetEPTxAddr                            0x08000768   Section       28  usb_regs.o(i.GetEPTxAddr)
    i.I2C1_ER_IRQHandler                     0x08000784   Section        2  stm32f10x_it.o(i.I2C1_ER_IRQHandler)
    i.I2C1_EV_IRQHandler                     0x08000786   Section        2  stm32f10x_it.o(i.I2C1_EV_IRQHandler)
    i.I2C2_ER_IRQHandler                     0x08000788   Section        2  stm32f10x_it.o(i.I2C2_ER_IRQHandler)
    i.I2C2_EV_IRQHandler                     0x0800078a   Section        2  stm32f10x_it.o(i.I2C2_EV_IRQHandler)
    i.In0_Process                            0x0800078c   Section       92  usb_core.o(i.In0_Process)
    i.JoyState                               0x080007e8   Section      108  hw_config.o(i.JoyState)
    i.Joystick_Data_Setup                    0x08000854   Section       88  usb_prop.o(i.Joystick_Data_Setup)
    i.Joystick_GetConfigDescriptor           0x080008ac   Section       12  usb_prop.o(i.Joystick_GetConfigDescriptor)
    i.Joystick_GetDeviceDescriptor           0x080008b8   Section       12  usb_prop.o(i.Joystick_GetDeviceDescriptor)
    i.Joystick_GetHIDDescriptor              0x080008c4   Section       12  usb_prop.o(i.Joystick_GetHIDDescriptor)
    i.Joystick_GetProtocolValue              0x080008d0   Section       28  usb_prop.o(i.Joystick_GetProtocolValue)
    i.Joystick_GetReportDescriptor           0x080008ec   Section       12  usb_prop.o(i.Joystick_GetReportDescriptor)
    i.Joystick_GetStringDescriptor           0x080008f8   Section       24  usb_prop.o(i.Joystick_GetStringDescriptor)
    i.Joystick_Get_Interface_Setting         0x08000910   Section       10  usb_prop.o(i.Joystick_Get_Interface_Setting)
    i.Joystick_NoData_Setup                  0x0800091c   Section       32  usb_prop.o(i.Joystick_NoData_Setup)
    i.Joystick_Reset                         0x0800093c   Section      140  usb_prop.o(i.Joystick_Reset)
    i.Joystick_Send                          0x080009c8   Section      114  hw_config.o(i.Joystick_Send)
    i.Joystick_SetProtocol                   0x08000a3c   Section       24  usb_prop.o(i.Joystick_SetProtocol)
    i.Joystick_Status_In                     0x08000a54   Section        2  usb_prop.o(i.Joystick_Status_In)
    i.Joystick_Status_Out                    0x08000a56   Section        2  usb_prop.o(i.Joystick_Status_Out)
    i.Joystick_init                          0x08000a58   Section       80  usb_prop.o(i.Joystick_init)
    i.Leave_LowPowerMode                     0x08000aa8   Section        2  hw_config.o(i.Leave_LowPowerMode)
    i.NOP_Process                            0x08000aaa   Section        2  usb_core.o(i.NOP_Process)
    i.NVIC_Init                              0x08000aac   Section       92  misc.o(i.NVIC_Init)
    i.NVIC_PriorityGroupConfig               0x08000b08   Section       20  misc.o(i.NVIC_PriorityGroupConfig)
    i.NVIC_SetVectorTable                    0x08000b1c   Section       20  misc.o(i.NVIC_SetVectorTable)
    i.NoData_Setup0                          0x08000b30   Section      216  usb_core.o(i.NoData_Setup0)
    NoData_Setup0                            0x08000b31   Thumb Code   194  usb_core.o(i.NoData_Setup0)
    i.Out0_Process                           0x08000c08   Section       60  usb_core.o(i.Out0_Process)
    i.PMAToUserBufferCopy                    0x08000c44   Section       32  usb_mem.o(i.PMAToUserBufferCopy)
    i.PVD_IRQHandler                         0x08000c64   Section        2  stm32f10x_it.o(i.PVD_IRQHandler)
    i.Post0_Process                          0x08000c68   Section       64  usb_core.o(i.Post0_Process)
    i.PowerOn                                0x08000ca8   Section       44  usb_pwr.o(i.PowerOn)
    i.RCC_ADCCLKConfig                       0x08000cd4   Section       20  stm32f10x_rcc.o(i.RCC_ADCCLKConfig)
    i.RCC_APB1PeriphClockCmd                 0x08000ce8   Section       24  stm32f10x_rcc.o(i.RCC_APB1PeriphClockCmd)
    i.RCC_APB2PeriphClockCmd                 0x08000d00   Section       24  stm32f10x_rcc.o(i.RCC_APB2PeriphClockCmd)
    i.RCC_DeInit                             0x08000d18   Section       60  stm32f10x_rcc.o(i.RCC_DeInit)
    i.RCC_GetFlagStatus                      0x08000d54   Section       48  stm32f10x_rcc.o(i.RCC_GetFlagStatus)
    i.RCC_GetSYSCLKSource                    0x08000d84   Section       16  stm32f10x_rcc.o(i.RCC_GetSYSCLKSource)
    i.RCC_HCLKConfig                         0x08000d94   Section       20  stm32f10x_rcc.o(i.RCC_HCLKConfig)
    i.RCC_HSEConfig                          0x08000da8   Section       52  stm32f10x_rcc.o(i.RCC_HSEConfig)
    i.RCC_IRQHandler                         0x08000ddc   Section        2  stm32f10x_it.o(i.RCC_IRQHandler)
    i.RCC_PCLK1Config                        0x08000de0   Section       20  stm32f10x_rcc.o(i.RCC_PCLK1Config)
    i.RCC_PCLK2Config                        0x08000df4   Section       20  stm32f10x_rcc.o(i.RCC_PCLK2Config)
    i.RCC_PLLCmd                             0x08000e08   Section       12  stm32f10x_rcc.o(i.RCC_PLLCmd)
    i.RCC_PLLConfig                          0x08000e14   Section       20  stm32f10x_rcc.o(i.RCC_PLLConfig)
    i.RCC_SYSCLKConfig                       0x08000e28   Section       20  stm32f10x_rcc.o(i.RCC_SYSCLKConfig)
    i.RCC_USBCLKConfig                       0x08000e3c   Section       12  stm32f10x_rcc.o(i.RCC_USBCLKConfig)
    i.RCC_WaitForHSEStartUp                  0x08000e48   Section       36  stm32f10x_rcc.o(i.RCC_WaitForHSEStartUp)
    i.RTCAlarm_IRQHandler                    0x08000e6c   Section        2  stm32f10x_it.o(i.RTCAlarm_IRQHandler)
    i.RTC_IRQHandler                         0x08000e6e   Section        2  stm32f10x_it.o(i.RTC_IRQHandler)
    i.Resume                                 0x08000e70   Section      132  usb_pwr.o(i.Resume)
    i.Resume_Init                            0x08000ef4   Section       32  usb_pwr.o(i.Resume_Init)
    i.SPI1_IRQHandler                        0x08000f14   Section        2  stm32f10x_it.o(i.SPI1_IRQHandler)
    i.SPI2_IRQHandler                        0x08000f16   Section        2  stm32f10x_it.o(i.SPI2_IRQHandler)
    i.SetBTABLE                              0x08000f18   Section       16  usb_regs.o(i.SetBTABLE)
    i.SetDeviceAddress                       0x08000f28   Section       60  usb_core.o(i.SetDeviceAddress)
    i.SetEPRxAddr                            0x08000f64   Section       32  usb_regs.o(i.SetEPRxAddr)
    i.SetEPRxCount                           0x08000f84   Section       64  usb_regs.o(i.SetEPRxCount)
    i.SetEPRxStatus                          0x08000fc4   Section       48  usb_regs.o(i.SetEPRxStatus)
    i.SetEPRxValid                           0x08000ff4   Section       32  usb_regs.o(i.SetEPRxValid)
    i.SetEPTxAddr                            0x08001014   Section       32  usb_regs.o(i.SetEPTxAddr)
    i.SetEPTxCount                           0x08001034   Section       28  usb_regs.o(i.SetEPTxCount)
    i.SetEPTxStatus                          0x08001050   Section       48  usb_regs.o(i.SetEPTxStatus)
    i.SetEPTxValid                           0x08001080   Section       32  usb_regs.o(i.SetEPTxValid)
    i.SetEPType                              0x080010a0   Section       32  usb_regs.o(i.SetEPType)
    i.Set_System                             0x080010c0   Section      264  hw_config.o(i.Set_System)
    i.Set_USBClock                           0x080011c8   Section       20  hw_config.o(i.Set_USBClock)
    i.Setup0_Process                         0x080011dc   Section      108  usb_core.o(i.Setup0_Process)
    i.Standard_ClearFeature                  0x08001248   Section      244  usb_core.o(i.Standard_ClearFeature)
    i.Standard_GetConfiguration              0x0800133c   Section       40  usb_core.o(i.Standard_GetConfiguration)
    i.Standard_GetDescriptorData             0x08001364   Section       32  usb_core.o(i.Standard_GetDescriptorData)
    i.Standard_GetInterface                  0x08001384   Section       40  usb_core.o(i.Standard_GetInterface)
    i.Standard_GetStatus                     0x080013ac   Section      144  usb_core.o(i.Standard_GetStatus)
    i.Standard_SetConfiguration              0x0800143c   Section       56  usb_core.o(i.Standard_SetConfiguration)
    i.Standard_SetDeviceFeature              0x08001474   Section       36  usb_core.o(i.Standard_SetDeviceFeature)
    i.Standard_SetEndPointFeature            0x08001498   Section      132  usb_core.o(i.Standard_SetEndPointFeature)
    i.Standard_SetInterface                  0x0800151c   Section       72  usb_core.o(i.Standard_SetInterface)
    i.Suspend                                0x08001564   Section       32  usb_pwr.o(i.Suspend)
    i.TAMPER_IRQHandler                      0x08001584   Section        2  stm32f10x_it.o(i.TAMPER_IRQHandler)
    i.TIM1_BRK_IRQHandler                    0x08001586   Section        2  stm32f10x_it.o(i.TIM1_BRK_IRQHandler)
    i.TIM1_CC_IRQHandler                     0x08001588   Section        2  stm32f10x_it.o(i.TIM1_CC_IRQHandler)
    i.TIM1_TRG_COM_IRQHandler                0x0800158a   Section        2  stm32f10x_it.o(i.TIM1_TRG_COM_IRQHandler)
    i.TIM1_UP_IRQHandler                     0x0800158c   Section        2  stm32f10x_it.o(i.TIM1_UP_IRQHandler)
    i.TIM2_IRQHandler                        0x0800158e   Section        2  stm32f10x_it.o(i.TIM2_IRQHandler)
    i.TIM3_IRQHandler                        0x08001590   Section        2  stm32f10x_it.o(i.TIM3_IRQHandler)
    i.TIM4_IRQHandler                        0x08001592   Section        2  stm32f10x_it.o(i.TIM4_IRQHandler)
    i.USART1_IRQHandler                      0x08001594   Section        2  stm32f10x_it.o(i.USART1_IRQHandler)
    i.USART2_IRQHandler                      0x08001596   Section        2  stm32f10x_it.o(i.USART2_IRQHandler)
    i.USART3_IRQHandler                      0x08001598   Section        2  stm32f10x_it.o(i.USART3_IRQHandler)
    i.USBWakeUp_IRQHandler                   0x0800159a   Section        2  stm32f10x_it.o(i.USBWakeUp_IRQHandler)
    i.USB_Cable_Config                       0x0800159c   Section       24  hw_config.o(i.USB_Cable_Config)
    i.USB_Init                               0x080015b4   Section       40  usb_init.o(i.USB_Init)
    i.USB_Interrupts_Config                  0x080015dc   Section       50  hw_config.o(i.USB_Interrupts_Config)
    i.USB_Istr                               0x08001610   Section      200  usb_istr.o(i.USB_Istr)
    i.USB_LP_CAN1_RX0_IRQHandler             0x080016d8   Section        4  stm32f10x_it.o(i.USB_LP_CAN1_RX0_IRQHandler)
    i.UserToPMABufferCopy                    0x080016dc   Section       40  usb_mem.o(i.UserToPMABufferCopy)
    i.WWDG_IRQHandler                        0x08001704   Section        2  stm32f10x_it.o(i.WWDG_IRQHandler)
    i.__scatterload_copy                     0x08001706   Section       14  handlers.o(i.__scatterload_copy)
    i.__scatterload_null                     0x08001714   Section        2  handlers.o(i.__scatterload_null)
    i.__scatterload_zeroinit                 0x08001716   Section       14  handlers.o(i.__scatterload_zeroinit)
    i.main                                   0x08001724   Section       38  main.o(i.main)
    .constdata                               0x0800174a   Section       18  usb_desc.o(.constdata)
    .constdata                               0x0800175c   Section       34  usb_desc.o(.constdata)
    .constdata                               0x0800177e   Section       74  usb_desc.o(.constdata)
    .constdata                               0x080017c8   Section        4  usb_desc.o(.constdata)
    .constdata                               0x080017cc   Section       38  usb_desc.o(.constdata)
    .constdata                               0x080017f2   Section       30  usb_desc.o(.constdata)
    .constdata                               0x08001810   Section       26  usb_desc.o(.constdata)
    .data                                    0x20000000   Section        4  usb_istr.o(.data)
    .data                                    0x20000004   Section       28  usb_istr.o(.data)
    .data                                    0x20000020   Section       28  usb_istr.o(.data)
    .data                                    0x2000003c   Section        2  usb_prop.o(.data)
    .data                                    0x20000040   Section      116  usb_prop.o(.data)
    .data                                    0x200000b4   Section       36  usb_prop.o(.data)
    .data                                    0x200000d8   Section        1  usb_pwr.o(.data)
    .data                                    0x200000d9   Section        1  usb_pwr.o(.data)
    .data                                    0x200000da   Section        2  usb_pwr.o(.data)
    .data                                    0x200000dc   Section        1  hw_config.o(.data)
    .data                                    0x200000de   Section        2  usb_core.o(.data)
    .data                                    0x200000e0   Section        1  usb_init.o(.data)
    .data                                    0x200000e4   Section       12  usb_init.o(.data)
    .data                                    0x200000f0   Section        2  usb_init.o(.data)
    .data                                    0x200000f2   Section        4  usb_int.o(.data)
    .bss                                     0x200000f8   Section       28  usb_init.o(.bss)
    STACK                                    0x20000118   Section      512  startup_stm32f10x_hd.o(STACK)

    Global Symbols

    Symbol Name                              Value     Ov Type        Size  Object(Section)

    BuildAttributes$$THM_ISAv4$P$D$K$B$S$PE$A:L22UL41UL21$X:L11$S22US41US21$IEEE1$IW$USESV6$~STKCKD$USESV7$~SHL$OSPACE$EBA8$MICROLIB$REQ8$PRES8$EABIv2 0x00000000   Number         0  anon$$obj.o ABSOLUTE
    __ARM_use_no_argv                        0x00000000   Number         0  main.o ABSOLUTE
    __decompress                              - Undefined Weak Reference
    __Vectors_Size                           0x00000130   Number         0  startup_stm32f10x_hd.o ABSOLUTE
    __Vectors                                0x08000000   Data           4  startup_stm32f10x_hd.o(RESET)
    __Vectors_End                            0x08000130   Data           0  startup_stm32f10x_hd.o(RESET)
    __main                                   0x08000131   Thumb Code     0  entry.o(.ARM.Collect$$$$00000000)
    _main_stk                                0x08000131   Thumb Code     0  entry2.o(.ARM.Collect$$$$00000001)
    _main_scatterload                        0x08000135   Thumb Code     0  entry5.o(.ARM.Collect$$$$00000004)
    __main_after_scatterload                 0x08000139   Thumb Code     0  entry5.o(.ARM.Collect$$$$00000004)
    _main_init                               0x08000139   Thumb Code     0  entry7.o(.ARM.Collect$$$$00000007)
    SystemInit_ExtMemCtl                     0x08000145   Thumb Code     2  startup_stm32f10x_hd.o(.text)
    Reset_Handler                            0x08000147   Thumb Code    14  startup_stm32f10x_hd.o(.text)
    NMI_Handler                              0x08000155   Thumb Code     2  startup_stm32f10x_hd.o(.text)
    HardFault_Handler                        0x08000157   Thumb Code     2  startup_stm32f10x_hd.o(.text)
    MemManage_Handler                        0x08000159   Thumb Code     2  startup_stm32f10x_hd.o(.text)
    BusFault_Handler                         0x0800015b   Thumb Code     2  startup_stm32f10x_hd.o(.text)
    UsageFault_Handler                       0x0800015d   Thumb Code     2  startup_stm32f10x_hd.o(.text)
    SVC_Handler                              0x0800015f   Thumb Code     2  startup_stm32f10x_hd.o(.text)
    DebugMon_Handler                         0x08000161   Thumb Code     2  startup_stm32f10x_hd.o(.text)
    PendSV_Handler                           0x08000163   Thumb Code     2  startup_stm32f10x_hd.o(.text)
    SysTick_Handler                          0x08000165   Thumb Code     2  startup_stm32f10x_hd.o(.text)
    ADC1_2_IRQHandler                        0x08000167   Thumb Code     0  startup_stm32f10x_hd.o(.text)
    ADC3_IRQHandler                          0x08000167   Thumb Code     0  startup_stm32f10x_hd.o(.text)
    CAN1_RX1_IRQHandler                      0x08000167   Thumb Code     0  startup_stm32f10x_hd.o(.text)
    CAN1_SCE_IRQHandler                      0x08000167   Thumb Code     0  startup_stm32f10x_hd.o(.text)
    DMA1_Channel1_IRQHandler                 0x08000167   Thumb Code     0  startup_stm32f10x_hd.o(.text)
    DMA1_Channel2_IRQHandler                 0x08000167   Thumb Code     0  startup_stm32f10x_hd.o(.text)
    DMA1_Channel3_IRQHandler                 0x08000167   Thumb Code     0  startup_stm32f10x_hd.o(.text)
    DMA1_Channel4_IRQHandler                 0x08000167   Thumb Code     0  startup_stm32f10x_hd.o(.text)
    DMA1_Channel5_IRQHandler                 0x08000167   Thumb Code     0  startup_stm32f10x_hd.o(.text)
    DMA1_Channel6_IRQHandler                 0x08000167   Thumb Code     0  startup_stm32f10x_hd.o(.text)
    DMA1_Channel7_IRQHandler                 0x08000167   Thumb Code     0  startup_stm32f10x_hd.o(.text)
    DMA2_Channel1_IRQHandler                 0x08000167   Thumb Code     0  startup_stm32f10x_hd.o(.text)
    DMA2_Channel2_IRQHandler                 0x08000167   Thumb Code     0  startup_stm32f10x_hd.o(.text)
    DMA2_Channel3_IRQHandler                 0x08000167   Thumb Code     0  startup_stm32f10x_hd.o(.text)
    DMA2_Channel4_5_IRQHandler               0x08000167   Thumb Code     0  startup_stm32f10x_hd.o(.text)
    FSMC_IRQHandler                          0x08000167   Thumb Code     0  startup_stm32f10x_hd.o(.text)
    SDIO_IRQHandler                          0x08000167   Thumb Code     0  startup_stm32f10x_hd.o(.text)
    SPI3_IRQHandler                          0x08000167   Thumb Code     0  startup_stm32f10x_hd.o(.text)
    TIM5_IRQHandler                          0x08000167   Thumb Code     0  startup_stm32f10x_hd.o(.text)
    TIM6_IRQHandler                          0x08000167   Thumb Code     0  startup_stm32f10x_hd.o(.text)
    TIM7_IRQHandler                          0x08000167   Thumb Code     0  startup_stm32f10x_hd.o(.text)
    TIM8_BRK_IRQHandler                      0x08000167   Thumb Code     0  startup_stm32f10x_hd.o(.text)
    TIM8_CC_IRQHandler                       0x08000167   Thumb Code     0  startup_stm32f10x_hd.o(.text)
    TIM8_TRG_COM_IRQHandler                  0x08000167   Thumb Code     0  startup_stm32f10x_hd.o(.text)
    TIM8_UP_IRQHandler                       0x08000167   Thumb Code     0  startup_stm32f10x_hd.o(.text)
    UART4_IRQHandler                         0x08000167   Thumb Code     0  startup_stm32f10x_hd.o(.text)
    UART5_IRQHandler                         0x08000167   Thumb Code     0  startup_stm32f10x_hd.o(.text)
    USB_HP_CAN1_TX_IRQHandler                0x08000167   Thumb Code     0  startup_stm32f10x_hd.o(.text)
    __scatterload                            0x08000175   Thumb Code    28  init.o(.text)
    __scatterload_rt2                        0x08000175   Thumb Code     0  init.o(.text)
    ByteSwap                                 0x08000199   Thumb Code    10  usb_regs.o(i.ByteSwap)
    CTR_LP                                   0x080001a5   Thumb Code   386  usb_int.o(i.CTR_LP)
    ClearDTOG_RX                             0x08000341   Thumb Code    36  usb_regs.o(i.ClearDTOG_RX)
    ClearDTOG_TX                             0x08000369   Thumb Code    36  usb_regs.o(i.ClearDTOG_TX)
    Clear_Status_Out                         0x08000391   Thumb Code    24  usb_regs.o(i.Clear_Status_Out)
    EXTI0_IRQHandler                         0x08000655   Thumb Code     2  stm32f10x_it.o(i.EXTI0_IRQHandler)
    EXTI15_10_IRQHandler                     0x08000657   Thumb Code     2  stm32f10x_it.o(i.EXTI15_10_IRQHandler)
    EXTI1_IRQHandler                         0x08000659   Thumb Code     2  stm32f10x_it.o(i.EXTI1_IRQHandler)
    EXTI2_IRQHandler                         0x0800065b   Thumb Code     2  stm32f10x_it.o(i.EXTI2_IRQHandler)
    EXTI3_IRQHandler                         0x0800065d   Thumb Code     2  stm32f10x_it.o(i.EXTI3_IRQHandler)
    EXTI4_IRQHandler                         0x0800065f   Thumb Code     2  stm32f10x_it.o(i.EXTI4_IRQHandler)
    EXTI9_5_IRQHandler                       0x08000661   Thumb Code     2  stm32f10x_it.o(i.EXTI9_5_IRQHandler)
    Enter_LowPowerMode                       0x08000663   Thumb Code     2  hw_config.o(i.Enter_LowPowerMode)
    FLASH_IRQHandler                         0x08000665   Thumb Code     2  stm32f10x_it.o(i.FLASH_IRQHandler)
    FLASH_PrefetchBufferCmd                  0x08000669   Thumb Code    18  stm32f10x_flash.o(i.FLASH_PrefetchBufferCmd)
    FLASH_SetLatency                         0x08000681   Thumb Code    14  stm32f10x_flash.o(i.FLASH_SetLatency)
    GPIO_Init                                0x08000695   Thumb Code   158  stm32f10x_gpio.o(i.GPIO_Init)
    GPIO_ReadInputDataBit                    0x08000733   Thumb Code    14  stm32f10x_gpio.o(i.GPIO_ReadInputDataBit)
    GPIO_ResetBits                           0x08000741   Thumb Code     4  stm32f10x_gpio.o(i.GPIO_ResetBits)
    GPIO_SetBits                             0x08000745   Thumb Code     4  stm32f10x_gpio.o(i.GPIO_SetBits)
    GetEPRxAddr                              0x08000749   Thumb Code    22  usb_regs.o(i.GetEPRxAddr)
    GetEPTxAddr                              0x08000769   Thumb Code    20  usb_regs.o(i.GetEPTxAddr)
    I2C1_ER_IRQHandler                       0x08000785   Thumb Code     2  stm32f10x_it.o(i.I2C1_ER_IRQHandler)
    I2C1_EV_IRQHandler                       0x08000787   Thumb Code     2  stm32f10x_it.o(i.I2C1_EV_IRQHandler)
    I2C2_ER_IRQHandler                       0x08000789   Thumb Code     2  stm32f10x_it.o(i.I2C2_ER_IRQHandler)
    I2C2_EV_IRQHandler                       0x0800078b   Thumb Code     2  stm32f10x_it.o(i.I2C2_EV_IRQHandler)
    In0_Process                              0x0800078d   Thumb Code    78  usb_core.o(i.In0_Process)
    JoyState                                 0x080007e9   Thumb Code    98  hw_config.o(i.JoyState)
    Joystick_Data_Setup                      0x08000855   Thumb Code    70  usb_prop.o(i.Joystick_Data_Setup)
    Joystick_GetConfigDescriptor             0x080008ad   Thumb Code     6  usb_prop.o(i.Joystick_GetConfigDescriptor)
    Joystick_GetDeviceDescriptor             0x080008b9   Thumb Code     6  usb_prop.o(i.Joystick_GetDeviceDescriptor)
    Joystick_GetHIDDescriptor                0x080008c5   Thumb Code     6  usb_prop.o(i.Joystick_GetHIDDescriptor)
    Joystick_GetProtocolValue                0x080008d1   Thumb Code    18  usb_prop.o(i.Joystick_GetProtocolValue)
    Joystick_GetReportDescriptor             0x080008ed   Thumb Code     6  usb_prop.o(i.Joystick_GetReportDescriptor)
    Joystick_GetStringDescriptor             0x080008f9   Thumb Code    16  usb_prop.o(i.Joystick_GetStringDescriptor)
    Joystick_Get_Interface_Setting           0x08000911   Thumb Code    10  usb_prop.o(i.Joystick_Get_Interface_Setting)
    Joystick_NoData_Setup                    0x0800091d   Thumb Code    26  usb_prop.o(i.Joystick_NoData_Setup)
    Joystick_Reset                           0x0800093d   Thumb Code   130  usb_prop.o(i.Joystick_Reset)
    Joystick_Send                            0x080009c9   Thumb Code   114  hw_config.o(i.Joystick_Send)
    Joystick_SetProtocol                     0x08000a3d   Thumb Code    14  usb_prop.o(i.Joystick_SetProtocol)
    Joystick_Status_In                       0x08000a55   Thumb Code     2  usb_prop.o(i.Joystick_Status_In)
    Joystick_Status_Out                      0x08000a57   Thumb Code     2  usb_prop.o(i.Joystick_Status_Out)
    Joystick_init                            0x08000a59   Thumb Code    60  usb_prop.o(i.Joystick_init)
    Leave_LowPowerMode                       0x08000aa9   Thumb Code     2  hw_config.o(i.Leave_LowPowerMode)
    NOP_Process                              0x08000aab   Thumb Code     2  usb_core.o(i.NOP_Process)
    NVIC_Init                                0x08000aad   Thumb Code    92  misc.o(i.NVIC_Init)
    NVIC_PriorityGroupConfig                 0x08000b09   Thumb Code    10  misc.o(i.NVIC_PriorityGroupConfig)
    NVIC_SetVectorTable                      0x08000b1d   Thumb Code    12  misc.o(i.NVIC_SetVectorTable)
    Out0_Process                             0x08000c09   Thumb Code    52  usb_core.o(i.Out0_Process)
    PMAToUserBufferCopy                      0x08000c45   Thumb Code    26  usb_mem.o(i.PMAToUserBufferCopy)
    PVD_IRQHandler                           0x08000c65   Thumb Code     2  stm32f10x_it.o(i.PVD_IRQHandler)
    Post0_Process                            0x08000c69   Thumb Code    46  usb_core.o(i.Post0_Process)
    PowerOn                                  0x08000ca9   Thumb Code    34  usb_pwr.o(i.PowerOn)
    RCC_ADCCLKConfig                         0x08000cd5   Thumb Code    14  stm32f10x_rcc.o(i.RCC_ADCCLKConfig)
    RCC_APB1PeriphClockCmd                   0x08000ce9   Thumb Code    18  stm32f10x_rcc.o(i.RCC_APB1PeriphClockCmd)
    RCC_APB2PeriphClockCmd                   0x08000d01   Thumb Code    18  stm32f10x_rcc.o(i.RCC_APB2PeriphClockCmd)
    RCC_DeInit                               0x08000d19   Thumb Code    48  stm32f10x_rcc.o(i.RCC_DeInit)
    RCC_GetFlagStatus                        0x08000d55   Thumb Code    42  stm32f10x_rcc.o(i.RCC_GetFlagStatus)
    RCC_GetSYSCLKSource                      0x08000d85   Thumb Code    10  stm32f10x_rcc.o(i.RCC_GetSYSCLKSource)
    RCC_HCLKConfig                           0x08000d95   Thumb Code    14  stm32f10x_rcc.o(i.RCC_HCLKConfig)
    RCC_HSEConfig                            0x08000da9   Thumb Code    48  stm32f10x_rcc.o(i.RCC_HSEConfig)
    RCC_IRQHandler                           0x08000ddd   Thumb Code     2  stm32f10x_it.o(i.RCC_IRQHandler)
    RCC_PCLK1Config                          0x08000de1   Thumb Code    14  stm32f10x_rcc.o(i.RCC_PCLK1Config)
    RCC_PCLK2Config                          0x08000df5   Thumb Code    16  stm32f10x_rcc.o(i.RCC_PCLK2Config)
    RCC_PLLCmd                               0x08000e09   Thumb Code     6  stm32f10x_rcc.o(i.RCC_PLLCmd)
    RCC_PLLConfig                            0x08000e15   Thumb Code    16  stm32f10x_rcc.o(i.RCC_PLLConfig)
    RCC_SYSCLKConfig                         0x08000e29   Thumb Code    14  stm32f10x_rcc.o(i.RCC_SYSCLKConfig)
    RCC_USBCLKConfig                         0x08000e3d   Thumb Code     6  stm32f10x_rcc.o(i.RCC_USBCLKConfig)
    RCC_WaitForHSEStartUp                    0x08000e49   Thumb Code    36  stm32f10x_rcc.o(i.RCC_WaitForHSEStartUp)
    RTCAlarm_IRQHandler                      0x08000e6d   Thumb Code     2  stm32f10x_it.o(i.RTCAlarm_IRQHandler)
    RTC_IRQHandler                           0x08000e6f   Thumb Code     2  stm32f10x_it.o(i.RTC_IRQHandler)
    Resume                                   0x08000e71   Thumb Code   124  usb_pwr.o(i.Resume)
    Resume_Init                              0x08000ef5   Thumb Code    26  usb_pwr.o(i.Resume_Init)
    SPI1_IRQHandler                          0x08000f15   Thumb Code     2  stm32f10x_it.o(i.SPI1_IRQHandler)
    SPI2_IRQHandler                          0x08000f17   Thumb Code     2  stm32f10x_it.o(i.SPI2_IRQHandler)
    SetBTABLE                                0x08000f19   Thumb Code    10  usb_regs.o(i.SetBTABLE)
    SetDeviceAddress                         0x08000f29   Thumb Code    52  usb_core.o(i.SetDeviceAddress)
    SetEPRxAddr                              0x08000f65   Thumb Code    24  usb_regs.o(i.SetEPRxAddr)
    SetEPRxCount                             0x08000f85   Thumb Code    56  usb_regs.o(i.SetEPRxCount)
    SetEPRxStatus                            0x08000fc5   Thumb Code    44  usb_regs.o(i.SetEPRxStatus)
    SetEPRxValid                             0x08000ff5   Thumb Code    28  usb_regs.o(i.SetEPRxValid)
    SetEPTxAddr                              0x08001015   Thumb Code    22  usb_regs.o(i.SetEPTxAddr)
    SetEPTxCount                             0x08001035   Thumb Code    20  usb_regs.o(i.SetEPTxCount)
    SetEPTxStatus                            0x08001051   Thumb Code    44  usb_regs.o(i.SetEPTxStatus)
    SetEPTxValid                             0x08001081   Thumb Code    28  usb_regs.o(i.SetEPTxValid)
    SetEPType                                0x080010a1   Thumb Code    26  usb_regs.o(i.SetEPType)
    Set_System                               0x080010c1   Thumb Code   250  hw_config.o(i.Set_System)
    Set_USBClock                             0x080011c9   Thumb Code    20  hw_config.o(i.Set_USBClock)
    Setup0_Process                           0x080011dd   Thumb Code    96  usb_core.o(i.Setup0_Process)
    Standard_ClearFeature                    0x08001249   Thumb Code   222  usb_core.o(i.Standard_ClearFeature)
    Standard_GetConfiguration                0x0800133d   Thumb Code    30  usb_core.o(i.Standard_GetConfiguration)
    Standard_GetDescriptorData               0x08001365   Thumb Code    26  usb_core.o(i.Standard_GetDescriptorData)
    Standard_GetInterface                    0x08001385   Thumb Code    30  usb_core.o(i.Standard_GetInterface)
    Standard_GetStatus                       0x080013ad   Thumb Code   126  usb_core.o(i.Standard_GetStatus)
    Standard_SetConfiguration                0x0800143d   Thumb Code    42  usb_core.o(i.Standard_SetConfiguration)
    Standard_SetDeviceFeature                0x08001475   Thumb Code    26  usb_core.o(i.Standard_SetDeviceFeature)
    Standard_SetEndPointFeature              0x08001499   Thumb Code   116  usb_core.o(i.Standard_SetEndPointFeature)
    Standard_SetInterface                    0x0800151d   Thumb Code    60  usb_core.o(i.Standard_SetInterface)
    Suspend                                  0x08001565   Thumb Code    26  usb_pwr.o(i.Suspend)
    TAMPER_IRQHandler                        0x08001585   Thumb Code     2  stm32f10x_it.o(i.TAMPER_IRQHandler)
    TIM1_BRK_IRQHandler                      0x08001587   Thumb Code     2  stm32f10x_it.o(i.TIM1_BRK_IRQHandler)
    TIM1_CC_IRQHandler                       0x08001589   Thumb Code     2  stm32f10x_it.o(i.TIM1_CC_IRQHandler)
    TIM1_TRG_COM_IRQHandler                  0x0800158b   Thumb Code     2  stm32f10x_it.o(i.TIM1_TRG_COM_IRQHandler)
    TIM1_UP_IRQHandler                       0x0800158d   Thumb Code     2  stm32f10x_it.o(i.TIM1_UP_IRQHandler)
    TIM2_IRQHandler                          0x0800158f   Thumb Code     2  stm32f10x_it.o(i.TIM2_IRQHandler)
    TIM3_IRQHandler                          0x08001591   Thumb Code     2  stm32f10x_it.o(i.TIM3_IRQHandler)
    TIM4_IRQHandler                          0x08001593   Thumb Code     2  stm32f10x_it.o(i.TIM4_IRQHandler)
    USART1_IRQHandler                        0x08001595   Thumb Code     2  stm32f10x_it.o(i.USART1_IRQHandler)
    USART2_IRQHandler                        0x08001597   Thumb Code     2  stm32f10x_it.o(i.USART2_IRQHandler)
    USART3_IRQHandler                        0x08001599   Thumb Code     2  stm32f10x_it.o(i.USART3_IRQHandler)
    USBWakeUp_IRQHandler                     0x0800159b   Thumb Code     2  stm32f10x_it.o(i.USBWakeUp_IRQHandler)
    USB_Cable_Config                         0x0800159d   Thumb Code    20  hw_config.o(i.USB_Cable_Config)
    USB_Init                                 0x080015b5   Thumb Code    22  usb_init.o(i.USB_Init)
    USB_Interrupts_Config                    0x080015dd   Thumb Code    50  hw_config.o(i.USB_Interrupts_Config)
    USB_Istr                                 0x08001611   Thumb Code   180  usb_istr.o(i.USB_Istr)
    USB_LP_CAN1_RX0_IRQHandler               0x080016d9   Thumb Code     4  stm32f10x_it.o(i.USB_LP_CAN1_RX0_IRQHandler)
    UserToPMABufferCopy                      0x080016dd   Thumb Code    36  usb_mem.o(i.UserToPMABufferCopy)
    WWDG_IRQHandler                          0x08001705   Thumb Code     2  stm32f10x_it.o(i.WWDG_IRQHandler)
    __scatterload_copy                       0x08001707   Thumb Code    14  handlers.o(i.__scatterload_copy)
    __scatterload_null                       0x08001715   Thumb Code     2  handlers.o(i.__scatterload_null)
    __scatterload_zeroinit                   0x08001717   Thumb Code    14  handlers.o(i.__scatterload_zeroinit)
    main                                     0x08001725   Thumb Code    38  main.o(i.main)
    Joystick_DeviceDescriptor                0x0800174a   Data          18  usb_desc.o(.constdata)
    Joystick_ConfigDescriptor                0x0800175c   Data          34  usb_desc.o(.constdata)
    Joystick_ReportDescriptor                0x0800177e   Data          74  usb_desc.o(.constdata)
    Joystick_StringLangID                    0x080017c8   Data           4  usb_desc.o(.constdata)
    Joystick_StringVendor                    0x080017cc   Data          38  usb_desc.o(.constdata)
    Joystick_StringProduct                   0x080017f2   Data          30  usb_desc.o(.constdata)
    Joystick_StringSerial                    0x08001810   Data          26  usb_desc.o(.constdata)
    Region$$Table$$Base                      0x0800182c   Number         0  anon$$obj.o(Region$$Table)
    Region$$Table$$Limit                     0x0800184c   Number         0  anon$$obj.o(Region$$Table)
    bIntPackSOF                              0x20000000   Data           1  usb_istr.o(.data)
    wIstr                                    0x20000002   Data           2  usb_istr.o(.data)
    pEpInt_IN                                0x20000004   Data          28  usb_istr.o(.data)
    pEpInt_OUT                               0x20000020   Data          28  usb_istr.o(.data)
    Device_Table                             0x2000003c   Data           2  usb_prop.o(.data)
    ProtocolValue                            0x20000040   Data           4  usb_prop.o(.data)
    Device_Descriptor                        0x20000044   Data           8  usb_prop.o(.data)
    Config_Descriptor                        0x2000004c   Data           8  usb_prop.o(.data)
    Joystick_Report_Descriptor               0x20000054   Data           8  usb_prop.o(.data)
    Mouse_Hid_Descriptor                     0x2000005c   Data           8  usb_prop.o(.data)
    Device_Property                          0x20000064   Data          48  usb_prop.o(.data)
    String_Descriptor                        0x20000094   Data          32  usb_prop.o(.data)
    User_Standard_Requests                   0x200000b4   Data          36  usb_prop.o(.data)
    bDeviceState                             0x200000d8   Data           1  usb_pwr.o(.data)
    fSuspendEnabled                          0x200000d9   Data           1  usb_pwr.o(.data)
    ResumeS                                  0x200000da   Data           2  usb_pwr.o(.data)
    HSEStartUpStatus                         0x200000dc   Data           1  hw_config.o(.data)
    StatusInfo                               0x200000de   Data           2  usb_core.o(.data)
    EPindex                                  0x200000e0   Data           1  usb_init.o(.data)
    pInformation                             0x200000e4   Data           4  usb_init.o(.data)
    pProperty                                0x200000e8   Data           4  usb_init.o(.data)
    pUser_Standard_Requests                  0x200000ec   Data           4  usb_init.o(.data)
    wInterrupt_Mask                          0x200000f0   Data           2  usb_init.o(.data)
    SaveRState                               0x200000f2   Data           2  usb_int.o(.data)
    SaveTState                               0x200000f4   Data           2  usb_int.o(.data)
    Device_Info                              0x200000f8   Data          28  usb_init.o(.bss)
    __initial_sp                             0x20000318   Data           0  startup_stm32f10x_hd.o(STACK)



==============================================================================

Memory Map of the image

  Image Entry point : 0x08000131

  Load Region LR_IROM1 (Base: 0x08000000, Size: 0x00001944, Max: 0x00080000, ABSOLUTE)

    Execution Region ER_IROM1 (Base: 0x08000000, Size: 0x0000184c, Max: 0x00080000, ABSOLUTE)

    Base Addr    Size         Type   Attr      Idx    E Section Name        Object

    0x08000000   0x00000130   Data   RO            3    RESET               startup_stm32f10x_hd.o
    0x08000130   0x00000000   Code   RO         2007  * .ARM.Collect$$$$00000000  entry.o(mc_w.l)
    0x08000130   0x00000004   Code   RO         2010    .ARM.Collect$$$$00000001  entry2.o(mc_w.l)
    0x08000134   0x00000004   Code   RO         2013    .ARM.Collect$$$$00000004  entry5.o(mc_w.l)
    0x08000138   0x00000008   Code   RO         2014    .ARM.Collect$$$$00000007  entry7.o(mc_w.l)
    0x08000140   0x00000004   Code   RO         2011    .ARM.Collect$$$$00002712  entry2.o(mc_w.l)
    0x08000144   0x00000030   Code   RO            4    .text               startup_stm32f10x_hd.o
    0x08000174   0x00000024   Code   RO         2015    .text               init.o(mc_w.l)
    0x08000198   0x0000000a   Code   RO         1610    i.ByteSwap          usb_regs.o
    0x080001a2   0x00000002   PAD
    0x080001a4   0x0000019c   Code   RO         1563    i.CTR_LP            usb_int.o
    0x08000340   0x00000028   Code   RO         1611    i.ClearDTOG_RX      usb_regs.o
    0x08000368   0x00000028   Code   RO         1612    i.ClearDTOG_TX      usb_regs.o
    0x08000390   0x0000001c   Code   RO         1617    i.Clear_Status_Out  usb_regs.o
    0x080003ac   0x00000088   Code   RO         1417    i.DataStageIn       usb_core.o
    0x08000434   0x000000a8   Code   RO         1418    i.DataStageOut      usb_core.o
    0x080004dc   0x00000178   Code   RO         1419    i.Data_Setup0       usb_core.o
    0x08000654   0x00000002   Code   RO          379    i.EXTI0_IRQHandler  stm32f10x_it.o
    0x08000656   0x00000002   Code   RO          380    i.EXTI15_10_IRQHandler  stm32f10x_it.o
    0x08000658   0x00000002   Code   RO          381    i.EXTI1_IRQHandler  stm32f10x_it.o
    0x0800065a   0x00000002   Code   RO          382    i.EXTI2_IRQHandler  stm32f10x_it.o
    0x0800065c   0x00000002   Code   RO          383    i.EXTI3_IRQHandler  stm32f10x_it.o
    0x0800065e   0x00000002   Code   RO          384    i.EXTI4_IRQHandler  stm32f10x_it.o
    0x08000660   0x00000002   Code   RO          385    i.EXTI9_5_IRQHandler  stm32f10x_it.o
    0x08000662   0x00000002   Code   RO          298    i.Enter_LowPowerMode  hw_config.o
    0x08000664   0x00000002   Code   RO          386    i.FLASH_IRQHandler  stm32f10x_it.o
    0x08000666   0x00000002   PAD
    0x08000668   0x00000018   Code   RO         1287    i.FLASH_PrefetchBufferCmd  stm32f10x_flash.o
    0x08000680   0x00000014   Code   RO         1292    i.FLASH_SetLatency  stm32f10x_flash.o
    0x08000694   0x0000009e   Code   RO          799    i.GPIO_Init         stm32f10x_gpio.o
    0x08000732   0x0000000e   Code   RO          803    i.GPIO_ReadInputDataBit  stm32f10x_gpio.o
    0x08000740   0x00000004   Code   RO          806    i.GPIO_ResetBits    stm32f10x_gpio.o
    0x08000744   0x00000004   Code   RO          807    i.GPIO_SetBits      stm32f10x_gpio.o
    0x08000748   0x00000020   Code   RO         1629    i.GetEPRxAddr       usb_regs.o
    0x08000768   0x0000001c   Code   RO         1632    i.GetEPTxAddr       usb_regs.o
    0x08000784   0x00000002   Code   RO          388    i.I2C1_ER_IRQHandler  stm32f10x_it.o
    0x08000786   0x00000002   Code   RO          389    i.I2C1_EV_IRQHandler  stm32f10x_it.o
    0x08000788   0x00000002   Code   RO          390    i.I2C2_ER_IRQHandler  stm32f10x_it.o
    0x0800078a   0x00000002   Code   RO          391    i.I2C2_EV_IRQHandler  stm32f10x_it.o
    0x0800078c   0x0000005c   Code   RO         1420    i.In0_Process       usb_core.o
    0x080007e8   0x0000006c   Code   RO          299    i.JoyState          hw_config.o
    0x08000854   0x00000058   Code   RO          141    i.Joystick_Data_Setup  usb_prop.o
    0x080008ac   0x0000000c   Code   RO          142    i.Joystick_GetConfigDescriptor  usb_prop.o
    0x080008b8   0x0000000c   Code   RO          143    i.Joystick_GetDeviceDescriptor  usb_prop.o
    0x080008c4   0x0000000c   Code   RO          144    i.Joystick_GetHIDDescriptor  usb_prop.o
    0x080008d0   0x0000001c   Code   RO          145    i.Joystick_GetProtocolValue  usb_prop.o
    0x080008ec   0x0000000c   Code   RO          146    i.Joystick_GetReportDescriptor  usb_prop.o
    0x080008f8   0x00000018   Code   RO          147    i.Joystick_GetStringDescriptor  usb_prop.o
    0x08000910   0x0000000a   Code   RO          148    i.Joystick_Get_Interface_Setting  usb_prop.o
    0x0800091a   0x00000002   PAD
    0x0800091c   0x00000020   Code   RO          149    i.Joystick_NoData_Setup  usb_prop.o
    0x0800093c   0x0000008c   Code   RO          150    i.Joystick_Reset    usb_prop.o
    0x080009c8   0x00000072   Code   RO          300    i.Joystick_Send     hw_config.o
    0x08000a3a   0x00000002   PAD
    0x08000a3c   0x00000018   Code   RO          151    i.Joystick_SetProtocol  usb_prop.o
    0x08000a54   0x00000002   Code   RO          152    i.Joystick_Status_In  usb_prop.o
    0x08000a56   0x00000002   Code   RO          153    i.Joystick_Status_Out  usb_prop.o
    0x08000a58   0x00000050   Code   RO          154    i.Joystick_init     usb_prop.o
    0x08000aa8   0x00000002   Code   RO          301    i.Leave_LowPowerMode  hw_config.o
    0x08000aaa   0x00000002   Code   RO         1421    i.NOP_Process       usb_core.o
    0x08000aac   0x0000005c   Code   RO          688    i.NVIC_Init         misc.o
    0x08000b08   0x00000014   Code   RO          689    i.NVIC_PriorityGroupConfig  misc.o
    0x08000b1c   0x00000014   Code   RO          690    i.NVIC_SetVectorTable  misc.o
    0x08000b30   0x000000d8   Code   RO         1422    i.NoData_Setup0     usb_core.o
    0x08000c08   0x0000003c   Code   RO         1423    i.Out0_Process      usb_core.o
    0x08000c44   0x00000020   Code   RO         1592    i.PMAToUserBufferCopy  usb_mem.o
    0x08000c64   0x00000002   Code   RO          394    i.PVD_IRQHandler    stm32f10x_it.o
    0x08000c66   0x00000002   PAD
    0x08000c68   0x00000040   Code   RO         1424    i.Post0_Process     usb_core.o
    0x08000ca8   0x0000002c   Code   RO          252    i.PowerOn           usb_pwr.o
    0x08000cd4   0x00000014   Code   RO          902    i.RCC_ADCCLKConfig  stm32f10x_rcc.o
    0x08000ce8   0x00000018   Code   RO          904    i.RCC_APB1PeriphClockCmd  stm32f10x_rcc.o
    0x08000d00   0x00000018   Code   RO          906    i.RCC_APB2PeriphClockCmd  stm32f10x_rcc.o
    0x08000d18   0x0000003c   Code   RO          913    i.RCC_DeInit        stm32f10x_rcc.o
    0x08000d54   0x00000030   Code   RO          915    i.RCC_GetFlagStatus  stm32f10x_rcc.o
    0x08000d84   0x00000010   Code   RO          917    i.RCC_GetSYSCLKSource  stm32f10x_rcc.o
    0x08000d94   0x00000014   Code   RO          918    i.RCC_HCLKConfig    stm32f10x_rcc.o
    0x08000da8   0x00000034   Code   RO          919    i.RCC_HSEConfig     stm32f10x_rcc.o
    0x08000ddc   0x00000002   Code   RO          396    i.RCC_IRQHandler    stm32f10x_it.o
    0x08000dde   0x00000002   PAD
    0x08000de0   0x00000014   Code   RO          925    i.RCC_PCLK1Config   stm32f10x_rcc.o
    0x08000df4   0x00000014   Code   RO          926    i.RCC_PCLK2Config   stm32f10x_rcc.o
    0x08000e08   0x0000000c   Code   RO          927    i.RCC_PLLCmd        stm32f10x_rcc.o
    0x08000e14   0x00000014   Code   RO          928    i.RCC_PLLConfig     stm32f10x_rcc.o
    0x08000e28   0x00000014   Code   RO          931    i.RCC_SYSCLKConfig  stm32f10x_rcc.o
    0x08000e3c   0x0000000c   Code   RO          932    i.RCC_USBCLKConfig  stm32f10x_rcc.o
    0x08000e48   0x00000024   Code   RO          933    i.RCC_WaitForHSEStartUp  stm32f10x_rcc.o
    0x08000e6c   0x00000002   Code   RO          397    i.RTCAlarm_IRQHandler  stm32f10x_it.o
    0x08000e6e   0x00000002   Code   RO          398    i.RTC_IRQHandler    stm32f10x_it.o
    0x08000e70   0x00000084   Code   RO          253    i.Resume            usb_pwr.o
    0x08000ef4   0x00000020   Code   RO          254    i.Resume_Init       usb_pwr.o
    0x08000f14   0x00000002   Code   RO          399    i.SPI1_IRQHandler   stm32f10x_it.o
    0x08000f16   0x00000002   Code   RO          400    i.SPI2_IRQHandler   stm32f10x_it.o
    0x08000f18   0x00000010   Code   RO         1640    i.SetBTABLE         usb_regs.o
    0x08000f28   0x0000003c   Code   RO         1425    i.SetDeviceAddress  usb_core.o
    0x08000f64   0x00000020   Code   RO         1654    i.SetEPRxAddr       usb_regs.o
    0x08000f84   0x00000040   Code   RO         1655    i.SetEPRxCount      usb_regs.o
    0x08000fc4   0x00000030   Code   RO         1656    i.SetEPRxStatus     usb_regs.o
    0x08000ff4   0x00000020   Code   RO         1657    i.SetEPRxValid      usb_regs.o
    0x08001014   0x00000020   Code   RO         1658    i.SetEPTxAddr       usb_regs.o
    0x08001034   0x0000001c   Code   RO         1659    i.SetEPTxCount      usb_regs.o
    0x08001050   0x00000030   Code   RO         1660    i.SetEPTxStatus     usb_regs.o
    0x08001080   0x00000020   Code   RO         1661    i.SetEPTxValid      usb_regs.o
    0x080010a0   0x00000020   Code   RO         1662    i.SetEPType         usb_regs.o
    0x080010c0   0x00000108   Code   RO          302    i.Set_System        hw_config.o
    0x080011c8   0x00000014   Code   RO          303    i.Set_USBClock      hw_config.o
    0x080011dc   0x0000006c   Code   RO         1426    i.Setup0_Process    usb_core.o
    0x08001248   0x000000f4   Code   RO         1427    i.Standard_ClearFeature  usb_core.o
    0x0800133c   0x00000028   Code   RO         1428    i.Standard_GetConfiguration  usb_core.o
    0x08001364   0x00000020   Code   RO         1429    i.Standard_GetDescriptorData  usb_core.o
    0x08001384   0x00000028   Code   RO         1430    i.Standard_GetInterface  usb_core.o
    0x080013ac   0x00000090   Code   RO         1431    i.Standard_GetStatus  usb_core.o
    0x0800143c   0x00000038   Code   RO         1432    i.Standard_SetConfiguration  usb_core.o
    0x08001474   0x00000024   Code   RO         1433    i.Standard_SetDeviceFeature  usb_core.o
    0x08001498   0x00000084   Code   RO         1434    i.Standard_SetEndPointFeature  usb_core.o
    0x0800151c   0x00000048   Code   RO         1435    i.Standard_SetInterface  usb_core.o
    0x08001564   0x00000020   Code   RO          255    i.Suspend           usb_pwr.o
    0x08001584   0x00000002   Code   RO          403    i.TAMPER_IRQHandler  stm32f10x_it.o
    0x08001586   0x00000002   Code   RO          404    i.TIM1_BRK_IRQHandler  stm32f10x_it.o
    0x08001588   0x00000002   Code   RO          405    i.TIM1_CC_IRQHandler  stm32f10x_it.o
    0x0800158a   0x00000002   Code   RO          406    i.TIM1_TRG_COM_IRQHandler  stm32f10x_it.o
    0x0800158c   0x00000002   Code   RO          407    i.TIM1_UP_IRQHandler  stm32f10x_it.o
    0x0800158e   0x00000002   Code   RO          408    i.TIM2_IRQHandler   stm32f10x_it.o
    0x08001590   0x00000002   Code   RO          409    i.TIM3_IRQHandler   stm32f10x_it.o
    0x08001592   0x00000002   Code   RO          410    i.TIM4_IRQHandler   stm32f10x_it.o
    0x08001594   0x00000002   Code   RO          411    i.USART1_IRQHandler  stm32f10x_it.o
    0x08001596   0x00000002   Code   RO          412    i.USART2_IRQHandler  stm32f10x_it.o
    0x08001598   0x00000002   Code   RO          413    i.USART3_IRQHandler  stm32f10x_it.o
    0x0800159a   0x00000002   Code   RO          414    i.USBWakeUp_IRQHandler  stm32f10x_it.o
    0x0800159c   0x00000018   Code   RO          304    i.USB_Cable_Config  hw_config.o
    0x080015b4   0x00000028   Code   RO         1536    i.USB_Init          usb_init.o
    0x080015dc   0x00000032   Code   RO          305    i.USB_Interrupts_Config  hw_config.o
    0x0800160e   0x00000002   PAD
    0x08001610   0x000000c8   Code   RO          111    i.USB_Istr          usb_istr.o
    0x080016d8   0x00000004   Code   RO          416    i.USB_LP_CAN1_RX0_IRQHandler  stm32f10x_it.o
    0x080016dc   0x00000028   Code   RO         1593    i.UserToPMABufferCopy  usb_mem.o
    0x08001704   0x00000002   Code   RO          418    i.WWDG_IRQHandler   stm32f10x_it.o
    0x08001706   0x0000000e   Code   RO         2019    i.__scatterload_copy  handlers.o(mc_w.l)
    0x08001714   0x00000002   Code   RO         2020    i.__scatterload_null  handlers.o(mc_w.l)
    0x08001716   0x0000000e   Code   RO         2021    i.__scatterload_zeroinit  handlers.o(mc_w.l)
    0x08001724   0x00000026   Code   RO           11    i.main              main.o
    0x0800174a   0x00000012   Data   RO           72    .constdata          usb_desc.o
    0x0800175c   0x00000022   Data   RO           73    .constdata          usb_desc.o
    0x0800177e   0x0000004a   Data   RO           74    .constdata          usb_desc.o
    0x080017c8   0x00000004   Data   RO           75    .constdata          usb_desc.o
    0x080017cc   0x00000026   Data   RO           76    .constdata          usb_desc.o
    0x080017f2   0x0000001e   Data   RO           77    .constdata          usb_desc.o
    0x08001810   0x0000001a   Data   RO           78    .constdata          usb_desc.o
    0x0800182a   0x00000002   PAD
    0x0800182c   0x00000020   Data   RO         2017    Region$$Table       anon$$obj.o


    Execution Region RW_IRAM1 (Base: 0x20000000, Size: 0x00000318, Max: 0x00010000, ABSOLUTE)

    Base Addr    Size         Type   Attr      Idx    E Section Name        Object

    0x20000000   0x00000004   Data   RW          112    .data               usb_istr.o
    0x20000004   0x0000001c   Data   RW          113    .data               usb_istr.o
    0x20000020   0x0000001c   Data   RW          114    .data               usb_istr.o
    0x2000003c   0x00000002   Data   RW          155    .data               usb_prop.o
    0x2000003e   0x00000002   PAD
    0x20000040   0x00000074   Data   RW          156    .data               usb_prop.o
    0x200000b4   0x00000024   Data   RW          157    .data               usb_prop.o
    0x200000d8   0x00000001   Data   RW          256    .data               usb_pwr.o
    0x200000d9   0x00000001   Data   RW          257    .data               usb_pwr.o
    0x200000da   0x00000002   Data   RW          258    .data               usb_pwr.o
    0x200000dc   0x00000001   Data   RW          306    .data               hw_config.o
    0x200000dd   0x00000001   PAD
    0x200000de   0x00000002   Data   RW         1436    .data               usb_core.o
    0x200000e0   0x00000001   Data   RW         1538    .data               usb_init.o
    0x200000e1   0x00000003   PAD
    0x200000e4   0x0000000c   Data   RW         1539    .data               usb_init.o
    0x200000f0   0x00000002   Data   RW         1541    .data               usb_init.o
    0x200000f2   0x00000004   Data   RW         1564    .data               usb_int.o
    0x200000f6   0x00000002   PAD
    0x200000f8   0x0000001c   Zero   RW         1537    .bss                usb_init.o
    0x20000114   0x00000004   PAD
    0x20000118   0x00000200   Zero   RW            1    STACK               startup_stm32f10x_hd.o


==============================================================================

Image component sizes


      Code (inc. data)   RO Data    RW Data    ZI Data      Debug   Object Name

       584         36          0          1          0      20619   hw_config.o
        38          0          0          0          0     202671   main.o
       132         18          0          0          0     201517   misc.o
        48         12        304          0        512        496   startup_stm32f10x_hd.o
        44         12          0          0          0        933   stm32f10x_flash.o
       180          0          0          0          0       3180   stm32f10x_gpio.o
        66          0          0          0          0      11929   stm32f10x_it.o
       404         84          0          0          0       9388   stm32f10x_rcc.o
      2078        268          0          2          0      13160   usb_core.o
         0          0        224          0          0       4393   usb_desc.o
        40         18          0         15         28       3790   usb_init.o
       412         26          0          4          0       1101   usb_int.o
       200         20          0         60          0       1144   usb_istr.o
        72         10          0          0          0       1572   usb_mem.o
       478        106          0        154          0       9984   usb_prop.o
       240         36          0          4          0       2954   usb_pwr.o
       542         92          0          0          0       7942   usb_regs.o

    ----------------------------------------------------------------------
      5572        738        562        248        544     496773   Object Totals
         0          0         32          0          0          0   (incl. Generated)
        14          0          2          8          4          1   (incl. Padding)

    ----------------------------------------------------------------------

      Code (inc. data)   RO Data    RW Data    ZI Data      Debug   Library Member Name

         0          0          0          0          0          0   entry.o
         8          4          0          0          0          0   entry2.o
         4          0          0          0          0          0   entry5.o
         8          4          0          0          0          0   entry7.o
        30          0          0          0          0          0   handlers.o
        36          8          0          0          0         68   init.o

    ----------------------------------------------------------------------
        86         16          0          0          0         68   Library Totals
         0          0          0          0          0          0   (incl. Padding)

    ----------------------------------------------------------------------

      Code (inc. data)   RO Data    RW Data    ZI Data      Debug   Library Name

        86         16          0          0          0         68   mc_w.l

    ----------------------------------------------------------------------
        86         16          0          0          0         68   Library Totals

    ----------------------------------------------------------------------

==============================================================================


      Code (inc. data)   RO Data    RW Data    ZI Data      Debug   

      5658        754        562        248        544     490992   Grand Totals
      5658        754        562        248        544     490992   ELF Image Totals
      5658        754        562        248          0          0   ROM Totals

==============================================================================

    Total RO  Size (Code + RO Data)                 6220 (   6.07kB)
    Total RW  Size (RW Data + ZI Data)               792 (   0.77kB)
    Total ROM Size (Code + RO Data + RW Data)       6468 (   6.32kB)

==============================================================================

